A51 MACRO ASSEMBLER  DSCR                                                                 03/10/2014 15:19:46 PAGE     1


MACRO ASSEMBLER A51 V7.08a
OBJECT MODULE PLACED IN dscr.OBJ
ASSEMBLER INVOKED BY: C:\Keil\C51\BIN\A51.EXE dscr.a51 SET(SMALL) DEBUG EP

LOC  OBJ            LINE     SOURCE

                       1     ;;-----------------------------------------------------------------------------
                       2     ;;   File:      dscr.a51
                       3     ;;   Contents:   This file contains descriptor data tables.  
                       4     ;;
                       5     ;;   Copyright (c) 1997 AnchorChips, Inc. All rights reserved
                       6     ;;-----------------------------------------------------------------------------
                       7        
  0001                 8     DSCR_DEVICE   equ   1   ;; Descriptor type: Device
  0002                 9     DSCR_CONFIG   equ   2   ;; Descriptor type: Configuration
  0003                10     DSCR_STRING   equ   3   ;; Descriptor type: String
  0004                11     DSCR_INTRFC   equ   4   ;; Descriptor type: Interface
  0005                12     DSCR_ENDPNT   equ   5   ;; Descriptor type: Endpoint
  0006                13     DSCR_DEVQUAL  equ   6   ;; Descriptor type: Device Qualifier
                      14     
  0012                15     DSCR_DEVICE_LEN   equ   18
  0009                16     DSCR_CONFIG_LEN   equ    9
  0009                17     DSCR_INTRFC_LEN   equ    9
  0007                18     DSCR_ENDPNT_LEN   equ    7
  000A                19     DSCR_DEVQUAL_LEN  equ   10
                      20     
  0000                21     ET_CONTROL   equ   0   ;; Endpoint type: Control
  0001                22     ET_ISO       equ   1   ;; Endpoint type: Isochronous
  0002                23     ET_BULK      equ   2   ;; Endpoint type: Bulk
  0003                24     ET_INT       equ   3   ;; Endpoint type: Interrupt
                      25     
                      26     public      DeviceDscr, DeviceQualDscr, HighSpeedConfigDscr, FullSpeedConfigDscr, StringDsc
                             r, UserDscr
                      27     
                      28     DSCR   SEGMENT   CODE PAGE
                      29     
                      30     ;;-----------------------------------------------------------------------------
                      31     ;; Global Variables
                      32     ;;-----------------------------------------------------------------------------
----                  33           rseg DSCR      ;; locate the descriptor table in on-part memory.
                      34     
0000                  35     DeviceDscr:   
0000 12               36           db   DSCR_DEVICE_LEN      ;; Descriptor length
0001 01               37           db   DSCR_DEVICE   ;; Decriptor type
0002 0002             38           dw   0002H      ;; Specification Version (BCD)
0004 00               39           db   00H        ;; Device class
0005 00               40           db   00H         ;; Device sub-class
0006 00               41           db   00H         ;; Device sub-sub-class
0007 40               42           db   64         ;; Maximum packet size
0008 4705             43           dw   4705H      ;; Vendor ID
000A 0410             44           dw   0410H      ;; Product ID (Sample Device)
000C 0000             45           dw   0000H      ;; Product version ID
000E 01               46           db   1         ;; Manufacturer string index
000F 02               47           db   2         ;; Product string index
0010 00               48           db   0         ;; Serial number string index
0011 01               49           db   1         ;; Number of configurations
                      50     
0012                  51     DeviceQualDscr:
0012 0A               52           db   DSCR_DEVQUAL_LEN   ;; Descriptor length
0013 06               53           db   DSCR_DEVQUAL   ;; Decriptor type
0014 0002             54           dw   0002H      ;; Specification Version (BCD)
0016 00               55           db   00H        ;; Device class
0017 00               56           db   00H         ;; Device sub-class
0018 00               57           db   00H         ;; Device sub-sub-class
A51 MACRO ASSEMBLER  DSCR                                                                 03/10/2014 15:19:46 PAGE     2

0019 40               58           db   64         ;; Maximum packet size
001A 01               59           db   1         ;; Number of configurations
001B 00               60           db   0         ;; Reserved
                      61     
001C                  62     HighSpeedConfigDscr:   
001C 09               63           db   DSCR_CONFIG_LEN               ;; Descriptor length
001D 02               64           db   DSCR_CONFIG                  ;; Descriptor type
001E 20               65           db   (HighSpeedConfigDscrEnd-HighSpeedConfigDscr) mod 256 ;; Total Length (LSB)
001F 00               66           db   (HighSpeedConfigDscrEnd-HighSpeedConfigDscr)  /  256 ;; Total Length (MSB)
0020 01               67           db   1      ;; Number of interfaces
0021 01               68           db   1      ;; Configuration number
0022 00               69           db   0      ;; Configuration string
0023 80               70           db   10000000b   ;; Attributes (b7 - buspwr, b6 - selfpwr, b5 - rwu)
0024 32               71           db   50      ;; Power requirement (div 2 ma)
                      72     
                      73     ;; Interface Descriptor
0025 09               74           db   DSCR_INTRFC_LEN      ;; Descriptor length
0026 04               75           db   DSCR_INTRFC         ;; Descriptor type
0027 00               76           db   0               ;; Zero-based index of this interface
0028 00               77           db   0               ;; Alternate setting
0029 02               78           db   2               ;; Number of end points 
002A FF               79           db   0ffH            ;; Interface class
002B 00               80           db   00H               ;; Interface sub class
002C 00               81           db   00H               ;; Interface sub sub class
002D 00               82           db   0               ;; Interface descriptor string index
                      83           
                      84     ;; Endpoint Descriptor
002E 07               85           db   DSCR_ENDPNT_LEN      ;; Descriptor length
002F 05               86           db   DSCR_ENDPNT         ;; Descriptor type
0030 82               87           db   82H               ;; Endpoint number, and direction
0031 02               88           db   ET_BULK            ;; Endpoint type
0032 00               89           db   00H               ;; Maximun packet size (LSB)
0033 04               90           db   04H               ;; Max packect size (MSB) //default: 02h
0034 00               91           db   00H               ;; Polling interval
                      92     
                      93     ;; Endpoint Descriptor
0035 07               94           db   DSCR_ENDPNT_LEN      ;; Descriptor length
0036 05               95           db   DSCR_ENDPNT         ;; Descriptor type
0037 06               96           db   06H               ;; Endpoint number, and direction
0038 02               97           db   ET_BULK            ;; Endpoint type
0039 00               98           db   00H               ;; Maximun packet size (LSB)
003A 04               99           db   04H               ;; Max packect size (MSB) //default: 02h
003B 00              100           db   00H               ;; Polling interval
                     101     
                     102     ;; Endpoint Descriptor
                     103     ;;      db   DSCR_ENDPNT_LEN      ;; Descriptor length
                     104     ;;      db   DSCR_ENDPNT         ;; Descriptor type
                     105     ;;      db   84H               ;; Endpoint number, and direction
                     106     ;;      db   ET_BULK            ;; Endpoint type
                     107     ;;    db   00H               ;; Maximun packet size (LSB)
                     108     ;;      db   02H               ;; Max packect size (MSB)
                     109     ;;      db   00H               ;; Polling interval
                     110     
                     111     ;; Endpoint Descriptor
                     112     ;;      db   DSCR_ENDPNT_LEN      ;; Descriptor length
                     113     ;;      db   DSCR_ENDPNT         ;; Descriptor type
                     114     ;;      db   86H               ;; Endpoint number, and direction
                     115     ;;      db   ET_BULK            ;; Endpoint type
                     116     ;;      db   00H               ;; Maximun packet size (LSB)
                     117     ;;      db   02H               ;; Max packect size (MSB)
                     118     ;;      db   00H               ;; Polling interval
                     119     
                     120     ;; Endpoint Descriptor
                     121     ;;      db   DSCR_ENDPNT_LEN      ;; Descriptor length
                     122     ;;      db   DSCR_ENDPNT         ;; Descriptor type
                     123     ;;      db   88H               ;; Endpoint number, and direction
A51 MACRO ASSEMBLER  DSCR                                                                 03/10/2014 15:19:46 PAGE     3

                     124     ;;      db   ET_BULK            ;; Endpoint type
                     125     ;;      db   00H               ;; Maximun packet size (LSB)
                     126     ;;      db   02H               ;; Max packect size (MSB)
                     127     ;;      db   00H               ;; Polling interval
                     128     
003C                 129     HighSpeedConfigDscrEnd:   
                     130     
003C                 131     FullSpeedConfigDscr:   
003C 09              132           db   DSCR_CONFIG_LEN               ;; Descriptor length
003D 02              133           db   DSCR_CONFIG                  ;; Descriptor type
003E 20              134           db   (FullSpeedConfigDscrEnd-FullSpeedConfigDscr) mod 256 ;; Total Length (LSB)
003F 00              135           db   (FullSpeedConfigDscrEnd-FullSpeedConfigDscr)  /  256 ;; Total Length (MSB)
0040 01              136           db   1      ;; Number of interfaces
0041 01              137           db   1      ;; Configuration number
0042 00              138           db   0      ;; Configuration string
0043 80              139           db   10000000b   ;; Attributes (b7 - buspwr, b6 - selfpwr, b5 - rwu)
0044 32              140           db   50      ;; Power requirement (div 2 ma)
                     141     
                     142     ;; Interface Descriptor
0045 09              143           db   DSCR_INTRFC_LEN      ;; Descriptor length
0046 04              144           db   DSCR_INTRFC         ;; Descriptor type
0047 00              145           db   0               ;; Zero-based index of this interface
0048 00              146           db   0               ;; Alternate setting
0049 02              147           db   2               ;; Number of end points 
004A FF              148           db   0ffH            ;; Interface class
004B 00              149           db   00H               ;; Interface sub class
004C 00              150           db   00H               ;; Interface sub sub class
004D 00              151           db   0               ;; Interface descriptor string index
                     152           
                     153     ;; Endpoint Descriptor
004E 07              154           db   DSCR_ENDPNT_LEN      ;; Descriptor length
004F 05              155           db   DSCR_ENDPNT         ;; Descriptor type
0050 82              156           db   82H               ;; Endpoint number, and direction
0051 02              157           db   ET_BULK            ;; Endpoint type
0052 40              158           db   40H               ;; Maximun packet size (LSB)
0053 00              159           db   00H               ;; Max packect size (MSB)
0054 00              160           db   00H               ;; Polling interval
                     161     
                     162     ;; Endpoint Descriptor
0055 07              163           db   DSCR_ENDPNT_LEN      ;; Descriptor length
0056 05              164           db   DSCR_ENDPNT         ;; Descriptor type
0057 06              165           db   06H               ;; Endpoint number, and direction
0058 02              166           db   ET_BULK            ;; Endpoint type
0059 40              167           db   40H               ;; Maximun packet size (LSB)
005A 00              168           db   00H               ;; Max packect size (MSB)
005B 00              169           db   00H               ;; Polling interval
                     170     
                     171     ;; Endpoint Descriptor
                     172     ;;      db   DSCR_ENDPNT_LEN      ;; Descriptor length
                     173     ;;      db   DSCR_ENDPNT         ;; Descriptor type
                     174     ;;      db   84H               ;; Endpoint number, and direction
                     175     ;;      db   ET_BULK            ;; Endpoint type
                     176     ;;      db   40H               ;; Maximun packet size (LSB)
                     177     ;;      db   00H               ;; Max packect size (MSB)
                     178     ;;      db   00H               ;; Polling interval
                     179     
                     180     ;; Endpoint Descriptor
                     181     ;;      db   DSCR_ENDPNT_LEN      ;; Descriptor length
                     182     ;;      db   DSCR_ENDPNT         ;; Descriptor type
                     183     ;;      db   86H               ;; Endpoint number, and direction
                     184     ;;      db   ET_BULK            ;; Endpoint type
                     185     ;;      db   40H               ;; Maximun packet size (LSB)
                     186     ;;      db   00H               ;; Max packect size (MSB)
                     187     ;;      db   00H               ;; Polling interval
                     188     
                     189     ;; Endpoint Descriptor
A51 MACRO ASSEMBLER  DSCR                                                                 03/10/2014 15:19:46 PAGE     4

                     190     ;;      db   DSCR_ENDPNT_LEN      ;; Descriptor length
                     191     ;;      db   DSCR_ENDPNT         ;; Descriptor type
                     192     ;;      db   88H               ;; Endpoint number, and direction
                     193     ;;      db   ET_BULK            ;; Endpoint type
                     194     ;;      db   40H               ;; Maximun packet size (LSB)
                     195     ;;      db   00H               ;; Max packect size (MSB)
                     196     ;;      db   00H               ;; Polling interval
                     197     
005C                 198     FullSpeedConfigDscrEnd:   
                     199     
005C                 200     StringDscr:
                     201     
005C                 202     StringDscr0:   
005C 04              203           db   StringDscr0End-StringDscr0      ;; String descriptor length
005D 03              204           db   DSCR_STRING
005E 0904            205           db   09H,04H
0060                 206     StringDscr0End:
                     207     
0060                 208     StringDscr1:   
0060 10              209           db   StringDscr1End-StringDscr1      ;; String descriptor length
0061 03              210           db   DSCR_STRING
0062 4300            211           db   'C',00
0064 7900            212           db   'y',00
0066 7000            213           db   'p',00
0068 7200            214           db   'r',00
006A 6500            215           db   'e',00
006C 7300            216           db   's',00
006E 7300            217           db   's',00
0070                 218     StringDscr1End:
                     219     
0070                 220     StringDscr2:   
0070 16              221           db   StringDscr2End-StringDscr2      ;; Descriptor length
0071 03              222           db   DSCR_STRING
0072 4500            223           db   'E',00
0074 5A00            224           db   'Z',00
0076 2D00            225           db   '-',00
0078 5500            226           db   'U',00
007A 5300            227           db   'S',00
007C 4200            228           db   'B',00
007E 2000            229           db   ' ',00
0080 4600            230           db   'F',00
0082 5800            231           db   'X',00
0084 3200            232           db   '2',00
0086                 233     StringDscr2End:
                     234     
0086                 235     UserDscr:      
0086 0000            236           dw   0000H
                     237           end
                                   
A51 MACRO ASSEMBLER  DSCR                                                                 03/10/2014 15:19:46 PAGE     5

SYMBOL TABLE LISTING
------ ----- -------


N A M E                 T Y P E  V A L U E   ATTRIBUTES

DEVICEDSCR . . . . . .  C ADDR   0000H   R   SEG=DSCR
DEVICEQUALDSCR . . . .  C ADDR   0012H   R   SEG=DSCR
DSCR . . . . . . . . .  C SEG    0088H       REL=PAGE
DSCR_CONFIG. . . . . .  N NUMB   0002H   A   
DSCR_CONFIG_LEN. . . .  N NUMB   0009H   A   
DSCR_DEVICE. . . . . .  N NUMB   0001H   A   
DSCR_DEVICE_LEN. . . .  N NUMB   0012H   A   
DSCR_DEVQUAL . . . . .  N NUMB   0006H   A   
DSCR_DEVQUAL_LEN . . .  N NUMB   000AH   A   
DSCR_ENDPNT. . . . . .  N NUMB   0005H   A   
DSCR_ENDPNT_LEN. . . .  N NUMB   0007H   A   
DSCR_INTRFC. . . . . .  N NUMB   0004H   A   
DSCR_INTRFC_LEN. . . .  N NUMB   0009H   A   
DSCR_STRING. . . . . .  N NUMB   0003H   A   
ET_BULK. . . . . . . .  N NUMB   0002H   A   
ET_CONTROL . . . . . .  N NUMB   0000H   A   
ET_INT . . . . . . . .  N NUMB   0003H   A   
ET_ISO . . . . . . . .  N NUMB   0001H   A   
FULLSPEEDCONFIGDSCR. .  C ADDR   003CH   R   SEG=DSCR
FULLSPEEDCONFIGDSCREND  C ADDR   005CH   R   SEG=DSCR
HIGHSPEEDCONFIGDSCR. .  C ADDR   001CH   R   SEG=DSCR
HIGHSPEEDCONFIGDSCREND  C ADDR   003CH   R   SEG=DSCR
STRINGDSCR . . . . . .  C ADDR   005CH   R   SEG=DSCR
STRINGDSCR0. . . . . .  C ADDR   005CH   R   SEG=DSCR
STRINGDSCR0END . . . .  C ADDR   0060H   R   SEG=DSCR
STRINGDSCR1. . . . . .  C ADDR   0060H   R   SEG=DSCR
STRINGDSCR1END . . . .  C ADDR   0070H   R   SEG=DSCR
STRINGDSCR2. . . . . .  C ADDR   0070H   R   SEG=DSCR
STRINGDSCR2END . . . .  C ADDR   0086H   R   SEG=DSCR
USERDSCR . . . . . . .  C ADDR   0086H   R   SEG=DSCR


REGISTER BANK(S) USED: 0 


ASSEMBLY COMPLETE.  0 WARNING(S), 0 ERROR(S)
