BL51 BANKED LINKER/LOCATER V5.03                                                        03/10/2014  15:19:46  PAGE 1


BL51 BANKED LINKER/LOCATER V5.03, INVOKED BY:
C:\KEIL\C51\BIN\BL51.EXE firmware.obj, fw.obj, .\lib\Ezusb.lib, .\lib\USBJmpTb.OBJ, dscr.obj TO firmware RAMSIZE (256) C
>> ODE (0X80-0X0FFF) XDATA (0X1000)


MEMORY MODEL: SMALL


INPUT MODULES INCLUDED:
  firmware.obj (FIRMWARE)
  fw.obj (FW)
  .\lib\Ezusb.lib (RESUME)
  .\lib\Ezusb.lib (SUSP)
  .\lib\Ezusb.lib (DISCON)
  .\lib\Ezusb.lib (EZREGS)
  .\lib\Ezusb.lib (GET_STRD)
  .\lib\Ezusb.lib (DELAY)
  .\lib\Ezusb.lib (DELAY1MS)
  .\lib\USBJmpTb.OBJ (USBJMPTBL)
  dscr.obj (DSCR)
  C:\KEIL\C51\LIB\C51S.LIB (?C_STARTUP)
  C:\KEIL\C51\LIB\C51S.LIB (?C?ULCMP)
  C:\KEIL\C51\LIB\C51S.LIB (?C_INIT)


LINK MAP OF MODULE:  firmware (FIRMWARE)


            TYPE    BASE      LENGTH    RELOCATION   SEGMENT NAME
            -----------------------------------------------------

            * * * * * * *   D A T A   M E M O R Y   * * * * * * *
            REG     0000H     0008H     ABSOLUTE     "REG BANK 0"
            DATA    0008H     0012H     UNIT         _DATA_GROUP_
            DATA    001AH     0002H     UNIT         ?DT?FIRMWARE
                    001CH     0004H                  *** GAP ***
            BIT     0020H.0   0000H.4   UNIT         ?BI?FW
            BIT     0020H.4   0000H.1   UNIT         ?BI?FIRMWARE
            BIT     0020H.5   0000H.1   UNIT         _BIT_GROUP_
                    0020H.6   0000H.2                *** GAP ***
            DATA    0021H     000EH     UNIT         ?DT?FW
            IDATA   002FH     0001H     UNIT         ?STACK

            * * * * * * *  X D A T A   M E M O R Y  * * * * * * *
                    0000H     E400H                  *** GAP ***
            XDATA   E400H     0001H     ABSOLUTE     
                    E401H     007FH                  *** GAP ***
            XDATA   E480H     0001H     ABSOLUTE     
                    E481H     017FH                  *** GAP ***
            XDATA   E600H     0001H     ABSOLUTE     
            XDATA   E601H     0001H     ABSOLUTE     
            XDATA   E602H     0001H     ABSOLUTE     
            XDATA   E603H     0001H     ABSOLUTE     
            XDATA   E604H     0001H     ABSOLUTE     
            XDATA   E605H     0001H     ABSOLUTE     
            XDATA   E606H     0001H     ABSOLUTE     
            XDATA   E607H     0001H     ABSOLUTE     
            XDATA   E608H     0001H     ABSOLUTE     
BL51 BANKED LINKER/LOCATER V5.03                                                      03/10/2014  15:19:46  PAGE 2


            XDATA   E609H     0001H     ABSOLUTE     
            XDATA   E60AH     0001H     ABSOLUTE     
            XDATA   E60BH     0001H     ABSOLUTE     
            XDATA   E60CH     0001H     ABSOLUTE     
                    E60DH     0003H                  *** GAP ***
            XDATA   E610H     0001H     ABSOLUTE     
            XDATA   E611H     0001H     ABSOLUTE     
            XDATA   E612H     0001H     ABSOLUTE     
            XDATA   E613H     0001H     ABSOLUTE     
            XDATA   E614H     0001H     ABSOLUTE     
            XDATA   E615H     0001H     ABSOLUTE     
                    E616H     0002H                  *** GAP ***
            XDATA   E618H     0001H     ABSOLUTE     
            XDATA   E619H     0001H     ABSOLUTE     
            XDATA   E61AH     0001H     ABSOLUTE     
            XDATA   E61BH     0001H     ABSOLUTE     
                    E61CH     0004H                  *** GAP ***
            XDATA   E620H     0001H     ABSOLUTE     
            XDATA   E621H     0001H     ABSOLUTE     
            XDATA   E622H     0001H     ABSOLUTE     
            XDATA   E623H     0001H     ABSOLUTE     
            XDATA   E624H     0001H     ABSOLUTE     
            XDATA   E625H     0001H     ABSOLUTE     
            XDATA   E626H     0001H     ABSOLUTE     
            XDATA   E627H     0001H     ABSOLUTE     
                    E628H     0008H                  *** GAP ***
            XDATA   E630H     0001H     ABSOLUTE     
            XDATA   E631H     0001H     ABSOLUTE     
            XDATA   E632H     0001H     ABSOLUTE     
            XDATA   E633H     0001H     ABSOLUTE     
            XDATA   E634H     0001H     ABSOLUTE     
            XDATA   E635H     0001H     ABSOLUTE     
            XDATA   E636H     0001H     ABSOLUTE     
            XDATA   E637H     0001H     ABSOLUTE     
                    E638H     0008H                  *** GAP ***
            XDATA   E640H     0001H     ABSOLUTE     
            XDATA   E641H     0001H     ABSOLUTE     
            XDATA   E642H     0001H     ABSOLUTE     
            XDATA   E643H     0001H     ABSOLUTE     
                    E644H     0004H                  *** GAP ***
            XDATA   E648H     0001H     ABSOLUTE     
            XDATA   E649H     0001H     ABSOLUTE     
                    E64AH     0006H                  *** GAP ***
            XDATA   E650H     0001H     ABSOLUTE     
            XDATA   E651H     0001H     ABSOLUTE     
            XDATA   E652H     0001H     ABSOLUTE     
            XDATA   E653H     0001H     ABSOLUTE     
            XDATA   E654H     0001H     ABSOLUTE     
            XDATA   E655H     0001H     ABSOLUTE     
            XDATA   E656H     0001H     ABSOLUTE     
            XDATA   E657H     0001H     ABSOLUTE     
            XDATA   E658H     0001H     ABSOLUTE     
            XDATA   E659H     0001H     ABSOLUTE     
            XDATA   E65AH     0001H     ABSOLUTE     
            XDATA   E65BH     0001H     ABSOLUTE     
            XDATA   E65CH     0001H     ABSOLUTE     
            XDATA   E65DH     0001H     ABSOLUTE     
BL51 BANKED LINKER/LOCATER V5.03                                                      03/10/2014  15:19:46  PAGE 3


            XDATA   E65EH     0001H     ABSOLUTE     
            XDATA   E65FH     0001H     ABSOLUTE     
            XDATA   E660H     0001H     ABSOLUTE     
            XDATA   E661H     0001H     ABSOLUTE     
            XDATA   E662H     0001H     ABSOLUTE     
            XDATA   E663H     0001H     ABSOLUTE     
            XDATA   E664H     0001H     ABSOLUTE     
            XDATA   E665H     0001H     ABSOLUTE     
            XDATA   E666H     0001H     ABSOLUTE     
            XDATA   E667H     0001H     ABSOLUTE     
            XDATA   E668H     0001H     ABSOLUTE     
                    E669H     0007H                  *** GAP ***
            XDATA   E670H     0001H     ABSOLUTE     
            XDATA   E671H     0001H     ABSOLUTE     
            XDATA   E672H     0001H     ABSOLUTE     
                    E673H     0005H                  *** GAP ***
            XDATA   E678H     0001H     ABSOLUTE     
            XDATA   E679H     0001H     ABSOLUTE     
            XDATA   E67AH     0001H     ABSOLUTE     
            XDATA   E67BH     0001H     ABSOLUTE     
            XDATA   E67CH     0001H     ABSOLUTE     
            XDATA   E67DH     0001H     ABSOLUTE     
            XDATA   E67EH     0001H     ABSOLUTE     
            XDATA   E67FH     0001H     ABSOLUTE     
            XDATA   E680H     0001H     ABSOLUTE     
            XDATA   E681H     0001H     ABSOLUTE     
            XDATA   E682H     0001H     ABSOLUTE     
            XDATA   E683H     0001H     ABSOLUTE     
            XDATA   E684H     0001H     ABSOLUTE     
            XDATA   E685H     0001H     ABSOLUTE     
            XDATA   E686H     0001H     ABSOLUTE     
            XDATA   E687H     0001H     ABSOLUTE     
                    E688H     0002H                  *** GAP ***
            XDATA   E68AH     0001H     ABSOLUTE     
            XDATA   E68BH     0001H     ABSOLUTE     
                    E68CH     0001H                  *** GAP ***
            XDATA   E68DH     0001H     ABSOLUTE     
                    E68EH     0001H                  *** GAP ***
            XDATA   E68FH     0001H     ABSOLUTE     
            XDATA   E690H     0001H     ABSOLUTE     
            XDATA   E691H     0001H     ABSOLUTE     
                    E692H     0002H                  *** GAP ***
            XDATA   E694H     0001H     ABSOLUTE     
            XDATA   E695H     0001H     ABSOLUTE     
                    E696H     0002H                  *** GAP ***
            XDATA   E698H     0001H     ABSOLUTE     
            XDATA   E699H     0001H     ABSOLUTE     
                    E69AH     0002H                  *** GAP ***
            XDATA   E69CH     0001H     ABSOLUTE     
            XDATA   E69DH     0001H     ABSOLUTE     
                    E69EH     0002H                  *** GAP ***
            XDATA   E6A0H     0001H     ABSOLUTE     
            XDATA   E6A1H     0001H     ABSOLUTE     
            XDATA   E6A2H     0001H     ABSOLUTE     
            XDATA   E6A3H     0001H     ABSOLUTE     
            XDATA   E6A4H     0001H     ABSOLUTE     
            XDATA   E6A5H     0001H     ABSOLUTE     
BL51 BANKED LINKER/LOCATER V5.03                                                      03/10/2014  15:19:46  PAGE 4


            XDATA   E6A6H     0001H     ABSOLUTE     
            XDATA   E6A7H     0001H     ABSOLUTE     
            XDATA   E6A8H     0001H     ABSOLUTE     
            XDATA   E6A9H     0001H     ABSOLUTE     
            XDATA   E6AAH     0001H     ABSOLUTE     
            XDATA   E6ABH     0001H     ABSOLUTE     
            XDATA   E6ACH     0001H     ABSOLUTE     
            XDATA   E6ADH     0001H     ABSOLUTE     
            XDATA   E6AEH     0001H     ABSOLUTE     
            XDATA   E6AFH     0001H     ABSOLUTE     
            XDATA   E6B0H     0001H     ABSOLUTE     
            XDATA   E6B1H     0001H     ABSOLUTE     
            XDATA   E6B2H     0001H     ABSOLUTE     
            XDATA   E6B3H     0001H     ABSOLUTE     
            XDATA   E6B4H     0001H     ABSOLUTE     
            XDATA   E6B5H     0001H     ABSOLUTE     
                    E6B6H     0002H                  *** GAP ***
            XDATA   E6B8H     0008H     ABSOLUTE     
            XDATA   E6C0H     0001H     ABSOLUTE     
            XDATA   E6C1H     0001H     ABSOLUTE     
            XDATA   E6C2H     0001H     ABSOLUTE     
            XDATA   E6C3H     0001H     ABSOLUTE     
            XDATA   E6C4H     0001H     ABSOLUTE     
            XDATA   E6C5H     0001H     ABSOLUTE     
            XDATA   E6C6H     0001H     ABSOLUTE     
            XDATA   E6C7H     0001H     ABSOLUTE     
            XDATA   E6C8H     0001H     ABSOLUTE     
            XDATA   E6C9H     0001H     ABSOLUTE     
            XDATA   E6CAH     0001H     ABSOLUTE     
            XDATA   E6CBH     0001H     ABSOLUTE     
            XDATA   E6CCH     0001H     ABSOLUTE     
            XDATA   E6CDH     0001H     ABSOLUTE     
            XDATA   E6CEH     0001H     ABSOLUTE     
            XDATA   E6CFH     0001H     ABSOLUTE     
            XDATA   E6D0H     0001H     ABSOLUTE     
            XDATA   E6D1H     0001H     ABSOLUTE     
            XDATA   E6D2H     0001H     ABSOLUTE     
            XDATA   E6D3H     0001H     ABSOLUTE     
            XDATA   E6D4H     0001H     ABSOLUTE     
                    E6D5H     0005H                  *** GAP ***
            XDATA   E6DAH     0001H     ABSOLUTE     
            XDATA   E6DBH     0001H     ABSOLUTE     
            XDATA   E6DCH     0001H     ABSOLUTE     
                    E6DDH     0005H                  *** GAP ***
            XDATA   E6E2H     0001H     ABSOLUTE     
            XDATA   E6E3H     0001H     ABSOLUTE     
            XDATA   E6E4H     0001H     ABSOLUTE     
                    E6E5H     0005H                  *** GAP ***
            XDATA   E6EAH     0001H     ABSOLUTE     
            XDATA   E6EBH     0001H     ABSOLUTE     
            XDATA   E6ECH     0001H     ABSOLUTE     
                    E6EDH     0003H                  *** GAP ***
            XDATA   E6F0H     0001H     ABSOLUTE     
            XDATA   E6F1H     0001H     ABSOLUTE     
            XDATA   E6F2H     0001H     ABSOLUTE     
            XDATA   E6F3H     0001H     ABSOLUTE     
            XDATA   E6F4H     0001H     ABSOLUTE     
BL51 BANKED LINKER/LOCATER V5.03                                                      03/10/2014  15:19:46  PAGE 5


            XDATA   E6F5H     0001H     ABSOLUTE     
                    E6F6H     0002H                  *** GAP ***
            XDATA   E6F8H     0001H     ABSOLUTE     
            XDATA   E6F9H     0001H     ABSOLUTE     
            XDATA   E6FAH     0001H     ABSOLUTE     
            XDATA   E6FBH     0001H     ABSOLUTE     
            XDATA   E6FCH     0001H     ABSOLUTE     
            XDATA   E6FDH     0001H     ABSOLUTE     
            XDATA   E6FEH     0001H     ABSOLUTE     
                    E6FFH     0041H                  *** GAP ***
            XDATA   E740H     0040H     ABSOLUTE     
            XDATA   E780H     0040H     ABSOLUTE     
            XDATA   E7C0H     0040H     ABSOLUTE     
                    E800H     0800H                  *** GAP ***
            XDATA   F000H     0400H     ABSOLUTE     
            XDATA   F400H     0400H     ABSOLUTE     
            XDATA   F800H     0400H     ABSOLUTE     
            XDATA   FC00H     0400H     ABSOLUTE     

            * * * * * * *   C O D E   M E M O R Y   * * * * * * *
            CODE    0000H     0003H     ABSOLUTE     
                    0003H     0030H                  *** GAP ***
            CODE    0033H     0003H     ABSOLUTE     
                    0036H     000DH                  *** GAP ***
            CODE    0043H     0003H     ABSOLUTE     
                    0046H     000DH                  *** GAP ***
            CODE    0053H     0003H     ABSOLUTE     
                    0056H     002AH                  *** GAP ***
            CODE    0080H     0224H     UNIT         ?PR?SETUPCOMMAND?FW
            CODE    02A4H     01ACH     UNIT         ?PR?MAIN?FW
            CODE    0450H     00C0H     UNIT         ?PR?TD_INIT?FIRMWARE
            CODE    0510H     008CH     UNIT         ?C_C51STARTUP
            CODE    059CH     0046H     UNIT         ?PR?_EZUSB_DELAY?DELAY
            CODE    05E2H     0018H     UNIT         ?PR?ISR_SUDAV?FIRMWARE
            CODE    05FAH     0004H     UNIT         ?PR?RESUME_ISR?FW
            CODE    05FEH     0002H     UNIT         ?PR?TD_SUSPEND?FIRMWARE
            CODE    0600H     00B8H     PAGE         ?PR?USB_JUMP_TABLE?USBJT
            CODE    06B8H     0041H     UNIT         ?PR?DR_SETCONFIGURATION?FIRMWARE
            CODE    06F9H     0003H     UNIT         ?C_INITSEG
            CODE    06FCH     0002H     UNIT         ?PR?TD_RESUME?FIRMWARE
            CODE    06FEH     0002H     UNIT         ?PR?DR_GETDESCRIPTOR?FIRMWARE
            CODE    0700H     0088H     PAGE         DSCR
            CODE    0788H     003DH     UNIT         ?PR?ISR_HIGHSPEED?FIRMWARE
            CODE    07C5H     0036H     UNIT         ?PR?ISR_URES?FIRMWARE
            CODE    07FBH     002FH     UNIT         ?PR?EZUSB_DISCON?DISCON
            CODE    082AH     002CH     UNIT         ?PR?EZUSB_RESUME?RESUME
            CODE    0856H     002CH     UNIT         ?PR?_EZUSB_GETSTRINGDSCR?GET_STRD
            CODE    0882H     0025H     UNIT         EZUSB
            CODE    08A7H     0018H     UNIT         ?PR?ISR_SUSP?FIRMWARE
            CODE    08BFH     0016H     UNIT         ?PR?ISR_SUTOK?FIRMWARE
            CODE    08D5H     0016H     UNIT         ?PR?ISR_SOF?FIRMWARE
            CODE    08EBH     0012H     UNIT         ?PR?DR_GETCONFIGURATION?FIRMWARE
            CODE    08FDH     0012H     UNIT         ?PR?DR_GETINTERFACE?FIRMWARE
            CODE    090FH     0011H     UNIT         ?C?LIB_CODE
            CODE    0920H     000AH     UNIT         ?CO?FW
            CODE    092AH     0008H     UNIT         ?PR?DR_SETINTERFACE?FIRMWARE
            CODE    0932H     0002H     UNIT         ?PR?DR_GETSTATUS?FIRMWARE
BL51 BANKED LINKER/LOCATER V5.03                                                      03/10/2014  15:19:46  PAGE 6


            CODE    0934H     0002H     UNIT         ?PR?DR_CLEARFEATURE?FIRMWARE
            CODE    0936H     0002H     UNIT         ?PR?DR_SETFEATURE?FIRMWARE
            CODE    0938H     0002H     UNIT         ?PR?DR_VENDORCMND?FIRMWARE
            CODE    093AH     0001H     UNIT         ?PR?TD_POLL?FIRMWARE
            CODE    093BH     0001H     UNIT         ?PR?ISR_EP0ACK?FIRMWARE
            CODE    093CH     0001H     UNIT         ?PR?ISR_STUB?FIRMWARE
            CODE    093DH     0001H     UNIT         ?PR?ISR_EP0IN?FIRMWARE
            CODE    093EH     0001H     UNIT         ?PR?ISR_EP0OUT?FIRMWARE
            CODE    093FH     0001H     UNIT         ?PR?ISR_EP1IN?FIRMWARE
            CODE    0940H     0001H     UNIT         ?PR?ISR_EP1OUT?FIRMWARE
            CODE    0941H     0001H     UNIT         ?PR?ISR_EP2INOUT?FIRMWARE
            CODE    0942H     0001H     UNIT         ?PR?ISR_EP4INOUT?FIRMWARE
            CODE    0943H     0001H     UNIT         ?PR?ISR_EP6INOUT?FIRMWARE
            CODE    0944H     0001H     UNIT         ?PR?ISR_EP8INOUT?FIRMWARE
            CODE    0945H     0001H     UNIT         ?PR?ISR_IBN?FIRMWARE
            CODE    0946H     0001H     UNIT         ?PR?ISR_EP0PINGNAK?FIRMWARE
            CODE    0947H     0001H     UNIT         ?PR?ISR_EP1PINGNAK?FIRMWARE
            CODE    0948H     0001H     UNIT         ?PR?ISR_EP2PINGNAK?FIRMWARE
            CODE    0949H     0001H     UNIT         ?PR?ISR_EP4PINGNAK?FIRMWARE
            CODE    094AH     0001H     UNIT         ?PR?ISR_EP6PINGNAK?FIRMWARE
            CODE    094BH     0001H     UNIT         ?PR?ISR_EP8PINGNAK?FIRMWARE
            CODE    094CH     0001H     UNIT         ?PR?ISR_ERRORLIMIT?FIRMWARE
            CODE    094DH     0001H     UNIT         ?PR?ISR_EP2PIDERROR?FIRMWARE
            CODE    094EH     0001H     UNIT         ?PR?ISR_EP4PIDERROR?FIRMWARE
            CODE    094FH     0001H     UNIT         ?PR?ISR_EP6PIDERROR?FIRMWARE
            CODE    0950H     0001H     UNIT         ?PR?ISR_EP8PIDERROR?FIRMWARE
            CODE    0951H     0001H     UNIT         ?PR?ISR_EP2PFLAG?FIRMWARE
            CODE    0952H     0001H     UNIT         ?PR?ISR_EP4PFLAG?FIRMWARE
            CODE    0953H     0001H     UNIT         ?PR?ISR_EP6PFLAG?FIRMWARE
            CODE    0954H     0001H     UNIT         ?PR?ISR_EP8PFLAG?FIRMWARE
            CODE    0955H     0001H     UNIT         ?PR?ISR_EP2EFLAG?FIRMWARE
            CODE    0956H     0001H     UNIT         ?PR?ISR_EP4EFLAG?FIRMWARE
            CODE    0957H     0001H     UNIT         ?PR?ISR_EP6EFLAG?FIRMWARE
            CODE    0958H     0001H     UNIT         ?PR?ISR_EP8EFLAG?FIRMWARE
            CODE    0959H     0001H     UNIT         ?PR?ISR_EP2FFLAG?FIRMWARE
            CODE    095AH     0001H     UNIT         ?PR?ISR_EP4FFLAG?FIRMWARE
            CODE    095BH     0001H     UNIT         ?PR?ISR_EP6FFLAG?FIRMWARE
            CODE    095CH     0001H     UNIT         ?PR?ISR_EP8FFLAG?FIRMWARE
            CODE    095DH     0001H     UNIT         ?PR?ISR_GPIFCOMPLETE?FIRMWARE
            CODE    095EH     0001H     UNIT         ?PR?ISR_GPIFWAVEFORM?FIRMWARE



OVERLAY MAP OF MODULE:   firmware (FIRMWARE)


SEGMENT                                      BIT_GROUP          DATA_GROUP 
  +--> CALLED SEGMENT                     START    LENGTH     START    LENGTH
-----------------------------------------------------------------------------
?PR?USB_JUMP_TABLE?USBJT                  -----    -----      -----    -----
  +--> ?PR?ISR_SUDAV?FIRMWARE
  +--> ?PR?ISR_SOF?FIRMWARE
  +--> ?PR?ISR_SUTOK?FIRMWARE
  +--> ?PR?ISR_SUSP?FIRMWARE
  +--> ?PR?ISR_URES?FIRMWARE
  +--> ?PR?ISR_HIGHSPEED?FIRMWARE
  +--> ?PR?ISR_EP0ACK?FIRMWARE
BL51 BANKED LINKER/LOCATER V5.03                                                      03/10/2014  15:19:46  PAGE 7


  +--> ?PR?ISR_STUB?FIRMWARE
  +--> ?PR?ISR_EP0IN?FIRMWARE
  +--> ?PR?ISR_EP0OUT?FIRMWARE
  +--> ?PR?ISR_EP1IN?FIRMWARE
  +--> ?PR?ISR_EP1OUT?FIRMWARE
  +--> ?PR?ISR_EP2INOUT?FIRMWARE
  +--> ?PR?ISR_EP4INOUT?FIRMWARE
  +--> ?PR?ISR_EP6INOUT?FIRMWARE
  +--> ?PR?ISR_EP8INOUT?FIRMWARE
  +--> ?PR?ISR_IBN?FIRMWARE
  +--> ?PR?ISR_EP0PINGNAK?FIRMWARE
  +--> ?PR?ISR_EP1PINGNAK?FIRMWARE
  +--> ?PR?ISR_EP2PINGNAK?FIRMWARE
  +--> ?PR?ISR_EP4PINGNAK?FIRMWARE
  +--> ?PR?ISR_EP6PINGNAK?FIRMWARE
  +--> ?PR?ISR_EP8PINGNAK?FIRMWARE
  +--> ?PR?ISR_ERRORLIMIT?FIRMWARE
  +--> ?PR?ISR_EP2PIDERROR?FIRMWARE
  +--> ?PR?ISR_EP4PIDERROR?FIRMWARE
  +--> ?PR?ISR_EP6PIDERROR?FIRMWARE
  +--> ?PR?ISR_EP8PIDERROR?FIRMWARE
  +--> ?PR?ISR_EP2PFLAG?FIRMWARE
  +--> ?PR?ISR_EP4PFLAG?FIRMWARE
  +--> ?PR?ISR_EP6PFLAG?FIRMWARE
  +--> ?PR?ISR_EP8PFLAG?FIRMWARE
  +--> ?PR?ISR_EP2EFLAG?FIRMWARE
  +--> ?PR?ISR_EP4EFLAG?FIRMWARE
  +--> ?PR?ISR_EP6EFLAG?FIRMWARE
  +--> ?PR?ISR_EP8EFLAG?FIRMWARE
  +--> ?PR?ISR_EP2FFLAG?FIRMWARE
  +--> ?PR?ISR_EP4FFLAG?FIRMWARE
  +--> ?PR?ISR_EP6FFLAG?FIRMWARE
  +--> ?PR?ISR_EP8FFLAG?FIRMWARE
  +--> ?PR?ISR_GPIFCOMPLETE?FIRMWARE
  +--> ?PR?ISR_GPIFWAVEFORM?FIRMWARE

*** NEW ROOT ***************************************************

?C_C51STARTUP                             -----    -----      -----    -----
  +--> ?PR?MAIN?FW
  +--> ?C_INITSEG

?PR?MAIN?FW                               -----    -----      0008H    0010H
  +--> ?PR?TD_INIT?FIRMWARE
  +--> ?PR?EZUSB_DISCON?DISCON
  +--> ?PR?SETUPCOMMAND?FW
  +--> ?PR?TD_SUSPEND?FIRMWARE
  +--> ?PR?EZUSB_RESUME?RESUME
  +--> ?PR?TD_RESUME?FIRMWARE
  +--> ?PR?TD_POLL?FIRMWARE

?PR?EZUSB_DISCON?DISCON                   0020H.5  0000H.1    -----    -----
  +--> ?PR?_EZUSB_DELAY?DELAY

?PR?_EZUSB_DELAY?DELAY                    -----    -----      0018H    0002H

?PR?SETUPCOMMAND?FW                       -----    -----      -----    -----
BL51 BANKED LINKER/LOCATER V5.03                                                      03/10/2014  15:19:46  PAGE 8


  +--> ?PR?DR_GETDESCRIPTOR?FIRMWARE
  +--> ?PR?_EZUSB_GETSTRINGDSCR?GET_STRD
  +--> ?PR?DR_GETINTERFACE?FIRMWARE
  +--> ?PR?DR_SETINTERFACE?FIRMWARE
  +--> ?PR?DR_SETCONFIGURATION?FIRMWARE
  +--> ?PR?DR_GETCONFIGURATION?FIRMWARE
  +--> ?PR?DR_GETSTATUS?FIRMWARE
  +--> ?CO?FW
  +--> ?PR?DR_CLEARFEATURE?FIRMWARE
  +--> ?PR?DR_SETFEATURE?FIRMWARE
  +--> ?PR?DR_VENDORCMND?FIRMWARE

?PR?EZUSB_RESUME?RESUME                   -----    -----      -----    -----
  +--> ?PR?_EZUSB_DELAY?DELAY



SYMBOL TABLE OF MODULE:  firmware (FIRMWARE)

  VALUE           TYPE          NAME
  ----------------------------------

  -------         MODULE        FIRMWARE
  C:0000H         SYMBOL        _ICE_DUMMY_
  C:094CH         PUBLIC        ISR_Errorlimit
  C:06B8H         PUBLIC        DR_SetConfiguration
  D:001AH         PUBLIC        AlternateSetting
  C:093DH         PUBLIC        ISR_Ep0in
  C:093FH         PUBLIC        ISR_Ep1in
  C:0450H         PUBLIC        TD_Init
  C:093EH         PUBLIC        ISR_Ep0out
  C:0940H         PUBLIC        ISR_Ep1out
  C:093AH         PUBLIC        TD_Poll
  C:095DH         PUBLIC        ISR_GpifComplete
  C:0932H         PUBLIC        DR_GetStatus
  C:0946H         PUBLIC        ISR_Ep0pingnak
  C:0947H         PUBLIC        ISR_Ep1pingnak
  C:095EH         PUBLIC        ISR_GpifWaveform
  C:094DH         PUBLIC        ISR_Ep2piderror
  C:0948H         PUBLIC        ISR_Ep2pingnak
  C:094EH         PUBLIC        ISR_Ep4piderror
  C:0949H         PUBLIC        ISR_Ep4pingnak
  C:094FH         PUBLIC        ISR_Ep6piderror
  C:094AH         PUBLIC        ISR_Ep6pingnak
  C:0950H         PUBLIC        ISR_Ep8piderror
  C:094BH         PUBLIC        ISR_Ep8pingnak
  D:0091H         PUBLIC        EXIF
  C:08FDH         PUBLIC        DR_GetInterface
  C:0934H         PUBLIC        DR_ClearFeature
  C:0955H         PUBLIC        ISR_Ep2eflag
  C:0959H         PUBLIC        ISR_Ep2fflag
  C:0956H         PUBLIC        ISR_Ep4eflag
  C:092AH         PUBLIC        DR_SetInterface
  C:095AH         PUBLIC        ISR_Ep4fflag
  C:0957H         PUBLIC        ISR_Ep6eflag
  C:095BH         PUBLIC        ISR_Ep6fflag
  C:06FEH         PUBLIC        DR_GetDescriptor
BL51 BANKED LINKER/LOCATER V5.03                                                      03/10/2014  15:19:46  PAGE 9


  C:0958H         PUBLIC        ISR_Ep8eflag
  C:095CH         PUBLIC        ISR_Ep8fflag
  C:0951H         PUBLIC        ISR_Ep2pflag
  C:0952H         PUBLIC        ISR_Ep4pflag
  C:0953H         PUBLIC        ISR_Ep6pflag
  C:0954H         PUBLIC        ISR_Ep8pflag
  B:0020H.4       PUBLIC        done_frm_fpga
  C:05E2H         PUBLIC        ISR_Sudav
  C:05FEH         PUBLIC        TD_Suspend
  D:001BH         PUBLIC        Configuration
  C:093BH         PUBLIC        ISR_Ep0ack
  C:0788H         PUBLIC        ISR_Highspeed
  C:08BFH         PUBLIC        ISR_Sutok
  C:0945H         PUBLIC        ISR_Ibn
  C:0941H         PUBLIC        ISR_Ep2inout
  C:0942H         PUBLIC        ISR_Ep4inout
  C:0938H         PUBLIC        DR_VendorCmnd
  C:06FCH         PUBLIC        TD_Resume
  C:0943H         PUBLIC        ISR_Ep6inout
  C:093CH         PUBLIC        ISR_Stub
  C:0944H         PUBLIC        ISR_Ep8inout
  C:07C5H         PUBLIC        ISR_Ures
  C:0936H         PUBLIC        DR_SetFeature
  C:08D5H         PUBLIC        ISR_Sof
  C:08EBH         PUBLIC        DR_GetConfiguration
  C:08A7H         PUBLIC        ISR_Susp
  -------         PROC          TD_INIT
  C:0450H         LINE#         34
  C:0450H         LINE#         35
  C:0450H         LINE#         55
  C:0459H         LINE#         65
  C:045FH         LINE#         88
  C:0462H         LINE#         89
  C:0468H         LINE#         90
  C:046BH         LINE#         100
  C:0471H         LINE#         101
  C:0475H         LINE#         102
  C:0478H         LINE#         105
  C:047EH         LINE#         122
  C:0481H         LINE#         125
  C:0487H         LINE#         126
  C:048AH         LINE#         129
  C:0490H         LINE#         146
  C:0493H         LINE#         149
  C:0499H         LINE#         150
  C:049CH         LINE#         153
  C:04A2H         LINE#         154
  C:04A5H         LINE#         156
  C:04A8H         LINE#         157
  C:04ABH         LINE#         159
  C:04AEH         LINE#         160
  C:04B1H         LINE#         162
  C:04B4H         LINE#         163
  C:04B7H         LINE#         165
  C:04BAH         LINE#         166
  C:04BDH         LINE#         168
  C:04BFH         LINE#         169
BL51 BANKED LINKER/LOCATER V5.03                                                      03/10/2014  15:19:46  PAGE 10


  C:04C2H         LINE#         172
  C:04C8H         LINE#         179
  C:04CBH         LINE#         182
  C:04D1H         LINE#         192
  C:04D4H         LINE#         193
  C:04D7H         LINE#         194
  C:04DAH         LINE#         195
  C:04DFH         LINE#         196
  C:04E2H         LINE#         197
  C:04E6H         LINE#         199
  C:04EAH         LINE#         200
  C:04EDH         LINE#         203
  C:04F3H         LINE#         204
  C:04F6H         LINE#         205
  C:04FBH         LINE#         206
  C:04FEH         LINE#         208
  C:0504H         LINE#         209
  C:0507H         LINE#         210
  C:050CH         LINE#         211
  C:050FH         LINE#         214
  -------         ENDPROC       TD_INIT
  -------         PROC          TD_POLL
  C:093AH         LINE#         217
  C:093AH         LINE#         218
  C:093AH         LINE#         242
  -------         ENDPROC       TD_POLL
  -------         PROC          TD_SUSPEND
  C:05FEH         LINE#         244
  C:05FEH         LINE#         245
  C:05FEH         LINE#         246
  C:05FFH         LINE#         247
  -------         ENDPROC       TD_SUSPEND
  -------         PROC          TD_RESUME
  C:06FCH         LINE#         249
  C:06FCH         LINE#         250
  C:06FCH         LINE#         251
  C:06FDH         LINE#         252
  -------         ENDPROC       TD_RESUME
  -------         PROC          DR_GETDESCRIPTOR
  C:06FEH         LINE#         259
  C:06FEH         LINE#         260
  C:06FEH         LINE#         261
  C:06FFH         LINE#         262
  -------         ENDPROC       DR_GETDESCRIPTOR
  -------         PROC          DR_SETCONFIGURATION
  C:06B8H         LINE#         264
  C:06B8H         LINE#         265
  C:06B8H         LINE#         267
  C:06BFH         LINE#         268
  C:06BFH         LINE#         269
  C:06C5H         LINE#         270
  C:06C8H         LINE#         271
  C:06CCH         LINE#         272
  C:06CFH         LINE#         273
  C:06D3H         LINE#         274
  C:06D3H         LINE#         275
  C:06D3H         LINE#         276
BL51 BANKED LINKER/LOCATER V5.03                                                      03/10/2014  15:19:46  PAGE 11


  C:06D5H         LINE#         278
  C:06D5H         LINE#         279
  C:06DAH         LINE#         280
  C:06DDH         LINE#         281
  C:06E1H         LINE#         282
  C:06E4H         LINE#         283
  C:06EAH         LINE#         284
  C:06EDH         LINE#         285
  C:06F1H         LINE#         286
  C:06F1H         LINE#         287
  C:06F7H         LINE#         288
  C:06F8H         LINE#         289
  -------         ENDPROC       DR_SETCONFIGURATION
  -------         PROC          DR_GETCONFIGURATION
  C:08EBH         LINE#         291
  C:08EBH         LINE#         292
  C:08EBH         LINE#         293
  C:08F1H         LINE#         294
  C:08F6H         LINE#         295
  C:08FBH         LINE#         296
  C:08FCH         LINE#         297
  -------         ENDPROC       DR_GETCONFIGURATION
  -------         PROC          DR_SETINTERFACE
  C:092AH         LINE#         299
  C:092AH         LINE#         300
  C:092AH         LINE#         301
  C:0930H         LINE#         302
  C:0931H         LINE#         303
  -------         ENDPROC       DR_SETINTERFACE
  -------         PROC          DR_GETINTERFACE
  C:08FDH         LINE#         305
  C:08FDH         LINE#         306
  C:08FDH         LINE#         307
  C:0903H         LINE#         308
  C:0908H         LINE#         309
  C:090DH         LINE#         310
  C:090EH         LINE#         311
  -------         ENDPROC       DR_GETINTERFACE
  -------         PROC          DR_GETSTATUS
  C:0932H         LINE#         313
  C:0932H         LINE#         314
  C:0932H         LINE#         315
  C:0933H         LINE#         316
  -------         ENDPROC       DR_GETSTATUS
  -------         PROC          DR_CLEARFEATURE
  C:0934H         LINE#         318
  C:0934H         LINE#         319
  C:0934H         LINE#         320
  C:0935H         LINE#         321
  -------         ENDPROC       DR_CLEARFEATURE
  -------         PROC          DR_SETFEATURE
  C:0936H         LINE#         323
  C:0936H         LINE#         324
  C:0936H         LINE#         325
  C:0937H         LINE#         326
  -------         ENDPROC       DR_SETFEATURE
  -------         PROC          DR_VENDORCMND
BL51 BANKED LINKER/LOCATER V5.03                                                      03/10/2014  15:19:46  PAGE 12


  C:0938H         LINE#         328
  C:0938H         LINE#         329
  C:0938H         LINE#         330
  C:0939H         LINE#         331
  -------         ENDPROC       DR_VENDORCMND
  -------         PROC          ISR_SUDAV
  C:05E2H         LINE#         339
  C:05E8H         LINE#         341
  C:05EAH         LINE#         342
  C:05EDH         LINE#         343
  C:05F3H         LINE#         344
  -------         ENDPROC       ISR_SUDAV
  -------         PROC          ISR_SUTOK
  C:08BFH         LINE#         347
  C:08C5H         LINE#         349
  C:08C8H         LINE#         350
  C:08CEH         LINE#         351
  -------         ENDPROC       ISR_SUTOK
  -------         PROC          ISR_SOF
  C:08D5H         LINE#         353
  C:08DBH         LINE#         355
  C:08DEH         LINE#         356
  C:08E4H         LINE#         357
  -------         ENDPROC       ISR_SOF
  -------         PROC          ISR_URES
  C:07C5H         LINE#         359
  C:07CBH         LINE#         362
  C:07D1H         LINE#         363
  C:07DBH         LINE#         364
  C:07E1H         LINE#         365
  C:07EBH         LINE#         367
  C:07EEH         LINE#         368
  C:07F4H         LINE#         369
  -------         ENDPROC       ISR_URES
  -------         PROC          ISR_SUSP
  C:08A7H         LINE#         371
  C:08ADH         LINE#         373
  C:08AFH         LINE#         374
  C:08B2H         LINE#         375
  C:08B8H         LINE#         376
  -------         ENDPROC       ISR_SUSP
  -------         PROC          ISR_HIGHSPEED
  C:0788H         LINE#         378
  C:078EH         LINE#         380
  C:0795H         LINE#         381
  C:0795H         LINE#         382
  C:079BH         LINE#         383
  C:07A5H         LINE#         384
  C:07ABH         LINE#         385
  C:07B5H         LINE#         386
  C:07B5H         LINE#         388
  C:07B8H         LINE#         389
  C:07BEH         LINE#         390
  -------         ENDPROC       ISR_HIGHSPEED
  -------         PROC          ISR_EP0ACK
  C:093BH         LINE#         391
  C:093BH         LINE#         393
BL51 BANKED LINKER/LOCATER V5.03                                                      03/10/2014  15:19:46  PAGE 13


  -------         ENDPROC       ISR_EP0ACK
  -------         PROC          ISR_STUB
  C:093CH         LINE#         394
  C:093CH         LINE#         396
  -------         ENDPROC       ISR_STUB
  -------         PROC          ISR_EP0IN
  C:093DH         LINE#         397
  C:093DH         LINE#         399
  -------         ENDPROC       ISR_EP0IN
  -------         PROC          ISR_EP0OUT
  C:093EH         LINE#         400
  C:093EH         LINE#         402
  -------         ENDPROC       ISR_EP0OUT
  -------         PROC          ISR_EP1IN
  C:093FH         LINE#         403
  C:093FH         LINE#         405
  -------         ENDPROC       ISR_EP1IN
  -------         PROC          ISR_EP1OUT
  C:0940H         LINE#         406
  C:0940H         LINE#         408
  -------         ENDPROC       ISR_EP1OUT
  -------         PROC          ISR_EP2INOUT
  C:0941H         LINE#         409
  C:0941H         LINE#         411
  -------         ENDPROC       ISR_EP2INOUT
  -------         PROC          ISR_EP4INOUT
  C:0942H         LINE#         412
  C:0942H         LINE#         414
  -------         ENDPROC       ISR_EP4INOUT
  -------         PROC          ISR_EP6INOUT
  C:0943H         LINE#         415
  C:0943H         LINE#         417
  -------         ENDPROC       ISR_EP6INOUT
  -------         PROC          ISR_EP8INOUT
  C:0944H         LINE#         418
  C:0944H         LINE#         420
  -------         ENDPROC       ISR_EP8INOUT
  -------         PROC          ISR_IBN
  C:0945H         LINE#         421
  C:0945H         LINE#         423
  -------         ENDPROC       ISR_IBN
  -------         PROC          ISR_EP0PINGNAK
  C:0946H         LINE#         424
  C:0946H         LINE#         426
  -------         ENDPROC       ISR_EP0PINGNAK
  -------         PROC          ISR_EP1PINGNAK
  C:0947H         LINE#         427
  C:0947H         LINE#         429
  -------         ENDPROC       ISR_EP1PINGNAK
  -------         PROC          ISR_EP2PINGNAK
  C:0948H         LINE#         430
  C:0948H         LINE#         432
  -------         ENDPROC       ISR_EP2PINGNAK
  -------         PROC          ISR_EP4PINGNAK
  C:0949H         LINE#         433
  C:0949H         LINE#         435
  -------         ENDPROC       ISR_EP4PINGNAK
BL51 BANKED LINKER/LOCATER V5.03                                                      03/10/2014  15:19:46  PAGE 14


  -------         PROC          ISR_EP6PINGNAK
  C:094AH         LINE#         436
  C:094AH         LINE#         438
  -------         ENDPROC       ISR_EP6PINGNAK
  -------         PROC          ISR_EP8PINGNAK
  C:094BH         LINE#         439
  C:094BH         LINE#         441
  -------         ENDPROC       ISR_EP8PINGNAK
  -------         PROC          ISR_ERRORLIMIT
  C:094CH         LINE#         442
  C:094CH         LINE#         444
  -------         ENDPROC       ISR_ERRORLIMIT
  -------         PROC          ISR_EP2PIDERROR
  C:094DH         LINE#         445
  C:094DH         LINE#         447
  -------         ENDPROC       ISR_EP2PIDERROR
  -------         PROC          ISR_EP4PIDERROR
  C:094EH         LINE#         448
  C:094EH         LINE#         450
  -------         ENDPROC       ISR_EP4PIDERROR
  -------         PROC          ISR_EP6PIDERROR
  C:094FH         LINE#         451
  C:094FH         LINE#         453
  -------         ENDPROC       ISR_EP6PIDERROR
  -------         PROC          ISR_EP8PIDERROR
  C:0950H         LINE#         454
  C:0950H         LINE#         456
  -------         ENDPROC       ISR_EP8PIDERROR
  -------         PROC          ISR_EP2PFLAG
  C:0951H         LINE#         457
  C:0951H         LINE#         459
  -------         ENDPROC       ISR_EP2PFLAG
  -------         PROC          ISR_EP4PFLAG
  C:0952H         LINE#         460
  C:0952H         LINE#         462
  -------         ENDPROC       ISR_EP4PFLAG
  -------         PROC          ISR_EP6PFLAG
  C:0953H         LINE#         463
  C:0953H         LINE#         465
  -------         ENDPROC       ISR_EP6PFLAG
  -------         PROC          ISR_EP8PFLAG
  C:0954H         LINE#         466
  C:0954H         LINE#         468
  -------         ENDPROC       ISR_EP8PFLAG
  -------         PROC          ISR_EP2EFLAG
  C:0955H         LINE#         469
  C:0955H         LINE#         471
  -------         ENDPROC       ISR_EP2EFLAG
  -------         PROC          ISR_EP4EFLAG
  C:0956H         LINE#         472
  C:0956H         LINE#         474
  -------         ENDPROC       ISR_EP4EFLAG
  -------         PROC          ISR_EP6EFLAG
  C:0957H         LINE#         475
  C:0957H         LINE#         477
  -------         ENDPROC       ISR_EP6EFLAG
  -------         PROC          ISR_EP8EFLAG
BL51 BANKED LINKER/LOCATER V5.03                                                      03/10/2014  15:19:46  PAGE 15


  C:0958H         LINE#         478
  C:0958H         LINE#         480
  -------         ENDPROC       ISR_EP8EFLAG
  -------         PROC          ISR_EP2FFLAG
  C:0959H         LINE#         481
  C:0959H         LINE#         483
  -------         ENDPROC       ISR_EP2FFLAG
  -------         PROC          ISR_EP4FFLAG
  C:095AH         LINE#         484
  C:095AH         LINE#         486
  -------         ENDPROC       ISR_EP4FFLAG
  -------         PROC          ISR_EP6FFLAG
  C:095BH         LINE#         487
  C:095BH         LINE#         489
  -------         ENDPROC       ISR_EP6FFLAG
  -------         PROC          ISR_EP8FFLAG
  C:095CH         LINE#         490
  C:095CH         LINE#         492
  -------         ENDPROC       ISR_EP8FFLAG
  -------         PROC          ISR_GPIFCOMPLETE
  C:095DH         LINE#         493
  C:095DH         LINE#         495
  -------         ENDPROC       ISR_GPIFCOMPLETE
  -------         PROC          ISR_GPIFWAVEFORM
  C:095EH         LINE#         496
  C:095EH         LINE#         498
  -------         ENDPROC       ISR_GPIFWAVEFORM
  -------         ENDMOD        FIRMWARE

  -------         MODULE        FW
  C:0000H         SYMBOL        _ICE_DUMMY_
  B:00A8H.7       PUBLIC        EA
  B:0020H.0       PUBLIC        Rwuen
  B:0020H.1       PUBLIC        GotSUD
  C:0920H         PUBLIC        EPCS_Offset_Lookup_Table
  C:02A4H         PUBLIC        main
  B:00E8H.0       PUBLIC        EUSB
  C:05FAH         PUBLIC        resume_isr
  D:0021H         PUBLIC        pHighSpeedConfigDscr
  D:0023H         PUBLIC        pDeviceDscr
  C:0080H         PUBLIC        SetupCommand
  D:0025H         PUBLIC        pConfigDscr
  D:0027H         PUBLIC        pOtherConfigDscr
  D:0029H         PUBLIC        pFullSpeedConfigDscr
  B:0020H.2       PUBLIC        Selfpwr
  D:002BH         PUBLIC        pDeviceQualDscr
  D:00D8H         PUBLIC        EICON
  D:008EH         PUBLIC        CKCON
  D:002DH         PUBLIC        pStringDscr
  B:0020H.3       PUBLIC        Sleep
  -------         PROC          MAIN
  -------         DO            
  D:0008H         SYMBOL        i
  D:0006H         SYMBOL        offset
  D:000CH         SYMBOL        DevDescrLen
  D:0010H         SYMBOL        j
  D:0014H         SYMBOL        IntDescrAddr
BL51 BANKED LINKER/LOCATER V5.03                                                      03/10/2014  15:19:46  PAGE 16


  D:0016H         SYMBOL        ExtDescrAddr
  -------         ENDDO         
  C:02A4H         LINE#         106
  C:02A4H         LINE#         107
  C:02A4H         LINE#         111
  C:02ADH         LINE#         116
  C:02AFH         LINE#         117
  C:02B1H         LINE#         118
  C:02B3H         LINE#         119
  C:02B5H         LINE#         122
  C:02B8H         LINE#         148
  C:02C0H         LINE#         149
  C:02C6H         LINE#         150
  C:02CCH         LINE#         151
  C:02D2H         LINE#         152
  C:02D8H         LINE#         154
  C:02E0H         LINE#         155
  C:02E0H         LINE#         156
  C:02E6H         LINE#         157
  C:02EAH         LINE#         158
  C:0302H         LINE#         159
  C:0320H         LINE#         160
  C:0346H         LINE#         161
  C:0365H         LINE#         162
  C:0398H         LINE#         163
  C:039EH         LINE#         164
  C:03A8H         LINE#         165
  C:03B3H         LINE#         166
  C:03BEH         LINE#         167
  C:03C9H         LINE#         168
  C:03D4H         LINE#         169
  C:03DFH         LINE#         170
  C:03EAH         LINE#         171
  C:03EAH         LINE#         173
  C:03ECH         LINE#         174
  C:03EFH         LINE#         176
  C:03F6H         LINE#         178
  C:03FDH         LINE#         179
  C:03FFH         LINE#         185
  C:0406H         LINE#         186
  C:0406H         LINE#         187
  C:040BH         LINE#         188
  C:040BH         LINE#         194
  C:0412H         LINE#         196
  C:0415H         LINE#         199
  C:0417H         LINE#         202
  C:0417H         LINE#         203
  C:0417H         LINE#         204
  C:041AH         LINE#         205
  C:041AH         LINE#         206
  C:041DH         LINE#         207
  C:041FH         LINE#         208
  C:041FH         LINE#         215
  C:0422H         LINE#         216
  C:0422H         LINE#         217
  C:0427H         LINE#         218
  C:0427H         LINE#         219
BL51 BANKED LINKER/LOCATER V5.03                                                      03/10/2014  15:19:46  PAGE 17


  C:0429H         LINE#         221
  C:0429H         LINE#         222
  C:042CH         LINE#         223
  C:042CH         LINE#         224
  C:0445H         LINE#         229
  C:0448H         LINE#         230
  C:044BH         LINE#         231
  C:044BH         LINE#         232
  C:044BH         LINE#         233
  C:044EH         LINE#         234
  -------         ENDPROC       MAIN
  -------         PROC          SETUPCOMMAND
  -------         DO            
  D:0001H         SYMBOL        dscr_ptr
  -------         ENDDO         
  C:0080H         LINE#         238
  C:0080H         LINE#         239
  C:0080H         LINE#         242
  C:00B0H         LINE#         243
  C:00B0H         LINE#         244
  C:00B0H         LINE#         245
  C:00B8H         LINE#         246
  C:00CEH         LINE#         247
  C:00CEH         LINE#         248
  C:00CEH         LINE#         249
  C:00D4H         LINE#         250
  C:00D6H         LINE#         251
  C:00D8H         LINE#         252
  C:00D8H         LINE#         253
  C:00DEH         LINE#         254
  C:00E0H         LINE#         255
  C:00E2H         LINE#         256
  C:00E2H         LINE#         257
  C:00E8H         LINE#         258
  C:00EAH         LINE#         259
  C:00ECH         LINE#         260
  C:00ECH         LINE#         261
  C:00F2H         LINE#         262
  C:00F4H         LINE#         263
  C:00F6H         LINE#         264
  C:00F6H         LINE#         265
  C:0109H         LINE#         266
  C:0109H         LINE#         267
  C:010EH         LINE#         268
  C:0113H         LINE#         269
  C:0116H         LINE#         273
  C:0116H         LINE#         274
  C:0116H         LINE#         275
  C:0116H         LINE#         276
  C:0119H         LINE#         277
  C:0119H         LINE#         278
  C:011CH         LINE#         279
  C:011FH         LINE#         280
  C:011FH         LINE#         281
  C:0122H         LINE#         282
  C:0125H         LINE#         283
  C:0125H         LINE#         284
BL51 BANKED LINKER/LOCATER V5.03                                                      03/10/2014  15:19:46  PAGE 18


  C:0128H         LINE#         285
  C:012BH         LINE#         286
  C:012BH         LINE#         287
  C:012EH         LINE#         288
  C:0131H         LINE#         289
  C:0131H         LINE#         290
  C:0139H         LINE#         291
  C:0148H         LINE#         292
  C:0148H         LINE#         293
  C:0148H         LINE#         294
  C:0154H         LINE#         295
  C:0154H         LINE#         296
  C:0154H         LINE#         297
  C:0154H         LINE#         298
  C:0156H         LINE#         299
  C:0156H         LINE#         300
  C:015BH         LINE#         301
  C:015BH         LINE#         302
  C:015BH         LINE#         303
  C:015BH         LINE#         304
  C:015DH         LINE#         305
  C:015DH         LINE#         306
  C:019BH         LINE#         307
  C:019EH         LINE#         308
  C:01A2H         LINE#         309
  C:01A8H         LINE#         310
  C:01ABH         LINE#         311
  C:01ABH         LINE#         312
  C:01ABH         LINE#         313
  C:01ABH         LINE#         314
  C:01AEH         LINE#         315
  C:01AEH         LINE#         316
  C:01B6H         LINE#         317
  C:01C5H         LINE#         318
  C:01C5H         LINE#         319
  C:01C5H         LINE#         320
  C:01CCH         LINE#         321
  C:01D1H         LINE#         323
  C:01D1H         LINE#         324
  C:01D4H         LINE#         325
  C:01D4H         LINE#         326
  C:01DAH         LINE#         327
  C:01DAH         LINE#         328
  C:0215H         LINE#         329
  C:022DH         LINE#         330
  C:022FH         LINE#         332
  C:022FH         LINE#         333
  C:0231H         LINE#         334
  C:0231H         LINE#         335
  C:0231H         LINE#         336
  C:0231H         LINE#         337
  C:0236H         LINE#         338
  C:0242H         LINE#         339
  C:0242H         LINE#         340
  C:0242H         LINE#         341
  C:0249H         LINE#         342
  C:024DH         LINE#         343
BL51 BANKED LINKER/LOCATER V5.03                                                      03/10/2014  15:19:46  PAGE 19


  C:0255H         LINE#         349
  C:0255H         LINE#         351
  C:0255H         LINE#         352
  C:0257H         LINE#         353
  C:0257H         LINE#         354
  C:028EH         LINE#         355
  C:0290H         LINE#         356
  C:0290H         LINE#         357
  C:0290H         LINE#         358
  C:0290H         LINE#         359
  C:0295H         LINE#         360
  C:029CH         LINE#         361
  C:029CH         LINE#         364
  C:02A3H         LINE#         365
  -------         ENDPROC       SETUPCOMMAND
  -------         PROC          RESUME_ISR
  C:05FAH         LINE#         368
  C:05FAH         LINE#         370
  C:05FDH         LINE#         371
  -------         ENDPROC       RESUME_ISR
  -------         ENDMOD        FW

  -------         MODULE        RESUME
  C:0000H         SYMBOL        _ICE_DUMMY_
  B:00C0H.3       PUBLIC        TB81
  B:00C0H.7       PUBLIC        SM01
  B:00C0H.6       PUBLIC        SM11
  B:00E8H.1       PUBLIC        EI2C
  B:00D0H.6       PUBLIC        AC
  B:00C0H.5       PUBLIC        SM21
  B:00A8H.7       PUBLIC        EA
  B:00B0H.0       PUBLIC        APTR1FZ
  B:00B0H.1       PUBLIC        APTR2FZ
  B:00F8H.1       PUBLIC        PI2C
  B:00D0H.1       PUBLIC        FL
  B:00C8H.6       PUBLIC        EXF2
  B:00C0H.4       PUBLIC        REN1
  B:0098H.0       PUBLIC        RI
  B:00D0H.7       PUBLIC        CY
  B:0098H.1       PUBLIC        TI
  B:00D8H.3       PUBLIC        INT6
  B:00D0H.2       PUBLIC        OV
  B:00C8H.1       PUBLIC        C_T2
  B:00C8H.5       PUBLIC        RCLK
  B:00C8H.4       PUBLIC        TCLK
  B:00E8H.0       PUBLIC        EUSB
  B:00D8H.4       PUBLIC        RESI
  B:00A8H.7       PUBLIC        EXTACC
  B:00F8H.0       PUBLIC        PUSB
  B:0088H.1       PUBLIC        IE0
  B:0088H.3       PUBLIC        IE1
  B:00C8H.0       PUBLIC        CP_RL2
  B:00A8H.4       PUBLIC        ES0
  B:00A8H.6       PUBLIC        ES1
  B:00A8H.1       PUBLIC        ET0
  B:00A8H.3       PUBLIC        ET1
  B:0088H.5       PUBLIC        TF0
BL51 BANKED LINKER/LOCATER V5.03                                                      03/10/2014  15:19:46  PAGE 20


  B:00A8H.5       PUBLIC        ET2
  B:0088H.7       PUBLIC        TF1
  B:00C8H.7       PUBLIC        TF2
  B:00C0H.0       PUBLIC        RI1
  B:0098H.2       PUBLIC        RB8
  B:00A8H.0       PUBLIC        EX0
  B:0088H.0       PUBLIC        IT0
  B:00C0H.1       PUBLIC        TI1
  B:00A8H.2       PUBLIC        EX1
  B:0098H.3       PUBLIC        TB8
  B:0088H.2       PUBLIC        IT1
  B:00D0H.0       PUBLIC        P
  B:0098H.7       PUBLIC        SM0
  B:0098H.6       PUBLIC        SM1
  B:0098H.5       PUBLIC        SM2
  B:00B8H.4       PUBLIC        PS0
  B:00B8H.6       PUBLIC        PS1
  B:00B8H.1       PUBLIC        PT0
  B:00D0H.3       PUBLIC        RS0
  B:00B8H.3       PUBLIC        PT1
  B:00D0H.4       PUBLIC        RS1
  B:00B8H.5       PUBLIC        PT2
  B:0088H.4       PUBLIC        TR0
  B:0088H.6       PUBLIC        TR1
  B:00C8H.2       PUBLIC        TR2
  B:00B8H.0       PUBLIC        PX0
  B:00B8H.2       PUBLIC        PX1
  B:00E8H.2       PUBLIC        EIEX4
  C:082AH         PUBLIC        EZUSB_Resume
  B:00E8H.3       PUBLIC        EIEX5
  B:00E8H.4       PUBLIC        EIEX6
  B:00C8H.3       PUBLIC        EXEN2
  B:0080H.6       PUBLIC        SEL
  B:00D8H.7       PUBLIC        SMOD1
  B:0098H.4       PUBLIC        REN
  B:00F8H.2       PUBLIC        EIPX4
  B:00F8H.3       PUBLIC        EIPX5
  B:00F8H.4       PUBLIC        EIPX6
  B:00D0H.5       PUBLIC        F0
  B:00D8H.5       PUBLIC        ERESI
  B:00C0H.2       PUBLIC        RB81
  -------         PROC          EZUSB_RESUME
  C:082AH         LINE#         4
  C:082AH         LINE#         5
  C:082AH         LINE#         6
  C:0840H         LINE#         8
  C:0840H         LINE#         9
  C:0847H         LINE#         10
  C:084EH         LINE#         11
  C:0855H         LINE#         12
  C:0855H         LINE#         13
  -------         ENDPROC       EZUSB_RESUME
  -------         ENDMOD        RESUME

  -------         MODULE        SUSP
  C:0882H         SEGMENT       EZUSB
  C:0882H         PUBLIC        EZUSB_SUSP
BL51 BANKED LINKER/LOCATER V5.03                                                      03/10/2014  15:19:46  PAGE 21


  B:00D0H.6       SYMBOL        AC
  D:00E0H         SYMBOL        ACC
  D:009AH         SYMBOL        APTR1H
  D:009BH         SYMBOL        APTR1L
  D:009AH         SYMBOL        AUTOPTR1H
  D:009BH         SYMBOL        AUTOPTR1L
  D:009DH         SYMBOL        AUTOPTRH2
  D:009EH         SYMBOL        AUTOPTRL2
  D:00AFH         SYMBOL        AUTOPTRSETUP
  D:00F0H         SYMBOL        B
  X:E606H         SYMBOL        BPADDRH
  X:E607H         SYMBOL        BPADDRL
  X:E605H         SYMBOL        BREAKPT
  D:008EH         SYMBOL        CKCON
  X:E665H         SYMBOL        CLRERRCNT
  X:E600H         SYMBOL        CPUCS
  B:00C8H.0       SYMBOL        CP_RL2
  X:E6FBH         SYMBOL        CT1
  X:E6FCH         SYMBOL        CT2
  X:E6FDH         SYMBOL        CT3
  X:E6FEH         SYMBOL        CT4
  B:00D0H.7       SYMBOL        CY
  B:00C8H.1       SYMBOL        C_T2
  X:E6F8H         SYMBOL        DBUG
  D:0083H         SYMBOL        DPH
  D:0085H         SYMBOL        DPH1
  D:0082H         SYMBOL        DPL
  D:0084H         SYMBOL        DPL1
  D:0086H         SYMBOL        DPS
  B:00A8H.7       SYMBOL        EA
  B:00E8H.1       SYMBOL        EI2C
  D:00D8H         SYMBOL        EICON
  D:00E8H         SYMBOL        EIE
  B:00E8H.2       SYMBOL        EIEX4
  B:00E8H.3       SYMBOL        EIEX5
  B:00E8H.4       SYMBOL        EIEX6
  D:00F8H         SYMBOL        EIP
  B:00F8H.2       SYMBOL        EIPX4
  B:00F8H.3       SYMBOL        EIPX5
  B:00F8H.4       SYMBOL        EIPX6
  D:00BAH         SYMBOL        EP01STAT
  X:E68AH         SYMBOL        EP0BCH
  X:E68BH         SYMBOL        EP0BCL
  X:E740H         SYMBOL        EP0BUF
  X:E6A0H         SYMBOL        EP0CS
  X:E780H         SYMBOL        EP10UTBUF
  X:E68FH         SYMBOL        EP1INBC
  X:E7C0H         SYMBOL        EP1INBUF
  X:E611H         SYMBOL        EP1INCFG
  X:E6A2H         SYMBOL        EP1INCS
  X:E68DH         SYMBOL        EP1OUTBC
  X:E610H         SYMBOL        EP1OUTCFG
  X:E6A1H         SYMBOL        EP1OUTCS
  D:00AAH         SYMBOL        EP2468STAT
  D:00ABH         SYMBOL        EP24FIFOFLGS
  X:E620H         SYMBOL        EP2AUTOINLENH
  X:E621H         SYMBOL        EP2AUTOINLENL
BL51 BANKED LINKER/LOCATER V5.03                                                      03/10/2014  15:19:46  PAGE 22


  X:E690H         SYMBOL        EP2BCH
  X:E691H         SYMBOL        EP2BCL
  X:E612H         SYMBOL        EP2CFG
  X:E6A3H         SYMBOL        EP2CS
  X:E6ABH         SYMBOL        EP2FIFOBCH
  X:E6ACH         SYMBOL        EP2FIFOBCL
  X:F000H         SYMBOL        EP2FIFOBUF
  X:E618H         SYMBOL        EP2FIFOCFG
  X:E6A7H         SYMBOL        EP2FIFOFLGS
  X:E650H         SYMBOL        EP2FIFOIE
  X:E651H         SYMBOL        EP2FIFOIRQ
  X:E630H         SYMBOL        EP2FIFOPFH
  X:E631H         SYMBOL        EP2FIFOPFL
  X:E6D2H         SYMBOL        EP2GPIFFLGSEL
  X:E6D3H         SYMBOL        EP2GPIFPFSTOP
  X:E6D0H         SYMBOL        EP2GPIFTCH
  X:E6D1H         SYMBOL        EP2GPIFTCL
  X:E6D4H         SYMBOL        EP2GPIFTRIG
  X:E640H         SYMBOL        EP2ISOINPKTS
  X:E622H         SYMBOL        EP4AUTOINLENH
  X:E623H         SYMBOL        EP4AUTOINLENL
  X:E694H         SYMBOL        EP4BCH
  X:E695H         SYMBOL        EP4BCL
  X:E613H         SYMBOL        EP4CFG
  X:E6A4H         SYMBOL        EP4CS
  X:E6ADH         SYMBOL        EP4FIFOBCH
  X:E6AEH         SYMBOL        EP4FIFOBCL
  X:F400H         SYMBOL        EP4FIFOBUF
  X:E619H         SYMBOL        EP4FIFOCFG
  X:E6A8H         SYMBOL        EP4FIFOFLGS
  X:E652H         SYMBOL        EP4FIFOIE
  X:E653H         SYMBOL        EP4FIFOIRQ
  X:E632H         SYMBOL        EP4FIFOPFH
  X:E633H         SYMBOL        EP4FIFOPFL
  X:E6DAH         SYMBOL        EP4GPIFFLGSEL
  X:E6DBH         SYMBOL        EP4GPIFPFSTOP
  X:E6D0H         SYMBOL        EP4GPIFTCH
  X:E6D1H         SYMBOL        EP4GPIFTCL
  X:E6DCH         SYMBOL        EP4GPIFTRIG
  X:E641H         SYMBOL        EP4ISOINPKTS
  D:00ACH         SYMBOL        EP68FIFOFLGS
  X:E624H         SYMBOL        EP6AUTOINLENH
  X:E625H         SYMBOL        EP6AUTOINLENL
  X:E698H         SYMBOL        EP6BCH
  X:E699H         SYMBOL        EP6BCL
  X:E614H         SYMBOL        EP6CFG
  X:E6A5H         SYMBOL        EP6CS
  X:E6AFH         SYMBOL        EP6FIFOBCH
  X:E6B0H         SYMBOL        EP6FIFOBCL
  X:F800H         SYMBOL        EP6FIFOBUF
  X:E61AH         SYMBOL        EP6FIFOCFG
  X:E6A9H         SYMBOL        EP6FIFOFLGS
  X:E654H         SYMBOL        EP6FIFOIE
  X:E655H         SYMBOL        EP6FIFOIRQ
  X:E634H         SYMBOL        EP6FIFOPFH
  X:E635H         SYMBOL        EP6FIFOPFL
  X:E6E2H         SYMBOL        EP6GPIFFLGSEL
BL51 BANKED LINKER/LOCATER V5.03                                                      03/10/2014  15:19:46  PAGE 23


  X:E6E3H         SYMBOL        EP6GPIFPFSTOP
  X:E6D0H         SYMBOL        EP6GPIFTCH
  X:E6D1H         SYMBOL        EP6GPIFTCL
  X:E6E4H         SYMBOL        EP6GPIFTRIG
  X:E642H         SYMBOL        EP6ISOINPKTS
  X:E626H         SYMBOL        EP8AUTOINLENH
  X:E627H         SYMBOL        EP8AUTOINLENL
  X:E69CH         SYMBOL        EP8BCH
  X:E69DH         SYMBOL        EP8BCL
  X:E615H         SYMBOL        EP8CFG
  X:E6A6H         SYMBOL        EP8CS
  X:E6B1H         SYMBOL        EP8FIFOBCH
  X:E6B2H         SYMBOL        EP8FIFOBCL
  X:FC00H         SYMBOL        EP8FIFOBUF
  X:E61BH         SYMBOL        EP8FIFOCFG
  X:E6AAH         SYMBOL        EP8FIFOFLGS
  X:E656H         SYMBOL        EP8FIFOIE
  X:E657H         SYMBOL        EP8FIFOIRQ
  X:E636H         SYMBOL        EP8FIFOPFH
  X:E637H         SYMBOL        EP8FIFOPFL
  X:E6EAH         SYMBOL        EP8GPIFFLGSEL
  X:E6EBH         SYMBOL        EP8GPIFPFSTOP
  X:E6D0H         SYMBOL        EP8GPIFTCH
  X:E6D1H         SYMBOL        EP8GPIFTCL
  X:E6ECH         SYMBOL        EP8GPIFTRIG
  X:E643H         SYMBOL        EP8ISOINPKTS
  X:E65EH         SYMBOL        EPIE
  X:E65FH         SYMBOL        EPIRQ
  B:00D8H.5       SYMBOL        ERESI
  X:E664H         SYMBOL        ERRCNTLIM
  C:0895H         SYMBOL        ER_END
  B:00A8H.4       SYMBOL        ES0
  B:00A8H.6       SYMBOL        ES1
  B:00A8H.1       SYMBOL        ET0
  B:00A8H.3       SYMBOL        ET1
  B:00A8H.5       SYMBOL        ET2
  B:00E8H.0       SYMBOL        EUSB
  B:00A8H.0       SYMBOL        EX0
  B:00A8H.2       SYMBOL        EX1
  B:00C8H.3       SYMBOL        EXEN2
  B:00C8H.6       SYMBOL        EXF2
  D:0091H         SYMBOL        EXIF
  X:E67BH         SYMBOL        EXTAUTODAT1
  X:E67CH         SYMBOL        EXTAUTODAT2
  B:00D0H.5       SYMBOL        F0
  X:E609H         SYMBOL        FIFOPINPOLAR
  X:E604H         SYMBOL        FIFORESET
  B:00D0H.1       SYMBOL        FL
  X:E6CCH         SYMBOL        FLOWEDGE
  X:E6C8H         SYMBOL        FLOWEQ0CTL
  X:E6C9H         SYMBOL        FLOWEQ1CTL
  X:E6C7H         SYMBOL        FLOWLOGIC
  X:E6C6H         SYMBOL        FLOWSTATE
  X:E6CBH         SYMBOL        FLOWSTB
  X:E6CDH         SYMBOL        FLOWSTBHPERIOD
  X:E687H         SYMBOL        FNADDR
  X:E6F5H         SYMBOL        GPIFABORT
BL51 BANKED LINKER/LOCATER V5.03                                                      03/10/2014  15:19:46  PAGE 24


  X:E6C4H         SYMBOL        GPIFADRH
  X:E6C5H         SYMBOL        GPIFADRL
  X:E6C3H         SYMBOL        GPIFCTLCFG
  X:E60CH         SYMBOL        GPIFHOLDAMOUNT
  X:E6C1H         SYMBOL        GPIFIDLECS
  X:E6C2H         SYMBOL        GPIFIDLECTL
  X:E660H         SYMBOL        GPIFIE
  X:E661H         SYMBOL        GPIFIRQ
  X:E6F3H         SYMBOL        GPIFREADYCFG
  X:E6F4H         SYMBOL        GPIFREADYSTAT
  D:00BDH         SYMBOL        GPIFSGLDATH
  D:00BFH         SYMBOL        GPIFSGLDATLNOX
  D:00BEH         SYMBOL        GPIFSGLDATLX
  X:E6D1H         SYMBOL        GPIFTCB0
  X:E6D0H         SYMBOL        GPIFTCB1
  X:E6CFH         SYMBOL        GPIFTCB2
  X:E6CEH         SYMBOL        GPIFTCB3
  D:00BBH         SYMBOL        GPIFTRIG
  X:E6C0H         SYMBOL        GPIFWFSELECT
  X:E400H         SYMBOL        GPIF_WAVE_DATA
  X:E678H         SYMBOL        I2CS
  X:E67AH         SYMBOL        I2CTL
  X:E679H         SYMBOL        I2DAT
  X:E658H         SYMBOL        IBNIE
  X:E659H         SYMBOL        IBNIRQ
  D:00A8H         SYMBOL        IE
  B:0088H.1       SYMBOL        IE0
  B:0088H.3       SYMBOL        IE1
  X:E601H         SYMBOL        IFCONFIG
  X:E648H         SYMBOL        INPKTEND
  D:00A1H         SYMBOL        INT2CLR
  X:E666H         SYMBOL        INT2IVEC
  D:00A2H         SYMBOL        INT4CLR
  X:E667H         SYMBOL        INT4IVEC
  B:00D8H.3       SYMBOL        INT6
  X:E668H         SYMBOL        INTSETUP
  D:0080H         SYMBOL        IOA
  D:0090H         SYMBOL        IOB
  D:00A0H         SYMBOL        IOC
  D:00B0H         SYMBOL        IOD
  D:00B1H         SYMBOL        IOE
  D:00B8H         SYMBOL        IP
  B:0088H.0       SYMBOL        IT0
  B:0088H.2       SYMBOL        IT1
  X:E686H         SYMBOL        MICROFRAME
  D:0092H         SYMBOL        MPAGE
  X:E65AH         SYMBOL        NAKIE
  X:E65BH         SYMBOL        NAKIRQ
  D:00B2H         SYMBOL        OEA
  D:00B3H         SYMBOL        OEB
  D:00B4H         SYMBOL        OEC
  D:00B5H         SYMBOL        OED
  D:00B6H         SYMBOL        OEE
  X:E649H         SYMBOL        OUTPKTEND
  B:00D0H.2       SYMBOL        OV
  B:00D0H.0       SYMBOL        P
  D:0087H         SYMBOL        PCON
BL51 BANKED LINKER/LOCATER V5.03                                                      03/10/2014  15:19:46  PAGE 25


  B:00F8H.1       SYMBOL        PI2C
  X:E602H         SYMBOL        PINFLAGSAB
  X:E603H         SYMBOL        PINFLAGSCD
  X:E670H         SYMBOL        PORTACFG
  X:E671H         SYMBOL        PORTCCFG
  X:E672H         SYMBOL        PORTECFG
  B:00B8H.4       SYMBOL        PS0
  B:00B8H.6       SYMBOL        PS1
  D:00D0H         SYMBOL        PSW
  B:00B8H.1       SYMBOL        PT0
  B:00B8H.3       SYMBOL        PT1
  B:00B8H.5       SYMBOL        PT2
  B:00F8H.0       SYMBOL        PUSB
  B:00B8H.0       SYMBOL        PX0
  B:00B8H.2       SYMBOL        PX1
  B:0098H.2       SYMBOL        RB8
  B:00C0H.2       SYMBOL        RB81
  D:00CBH         SYMBOL        RCAP2H
  D:00CAH         SYMBOL        RCAP2L
  B:00C8H.5       SYMBOL        RCLK
  B:0098H.4       SYMBOL        REN
  B:00C0H.4       SYMBOL        REN1
  B:00D8H.4       SYMBOL        RESI
  X:E480H         SYMBOL        RES_WAVEDATA_END
  X:E60BH         SYMBOL        REVCTL
  X:E60AH         SYMBOL        REVID
  B:0098H.0       SYMBOL        RI
  B:00C0H.0       SYMBOL        RI1
  B:00D0H.3       SYMBOL        RS0
  B:00D0H.4       SYMBOL        RS1
  D:0099H         SYMBOL        SBUF0
  D:00C1H         SYMBOL        SBUF1
  D:0098H         SYMBOL        SCON0
  D:00C0H         SYMBOL        SCON1
  B:0080H.6       SYMBOL        SEL
  X:E6B8H         SYMBOL        SETUPDAT
  B:0098H.7       SYMBOL        SM0
  B:00C0H.7       SYMBOL        SM01
  B:0098H.6       SYMBOL        SM1
  B:00C0H.6       SYMBOL        SM11
  B:0098H.5       SYMBOL        SM2
  B:00C0H.5       SYMBOL        SM21
  B:00D8H.7       SYMBOL        SMOD1
  D:0081H         SYMBOL        SP
  X:E6B5H         SYMBOL        SUDPTRCTL
  X:E6B3H         SYMBOL        SUDPTRH
  X:E6B4H         SYMBOL        SUDPTRL
  N:0000H         SYMBOL        SUSP
  X:E681H         SYMBOL        SUSPEND
  D:00C8H         SYMBOL        T2CON
  B:0098H.3       SYMBOL        TB8
  B:00C0H.3       SYMBOL        TB81
  B:00C8H.4       SYMBOL        TCLK
  D:0088H         SYMBOL        TCON
  X:E6F9H         SYMBOL        TESTCFG
  B:0088H.5       SYMBOL        TF0
  B:0088H.7       SYMBOL        TF1
BL51 BANKED LINKER/LOCATER V5.03                                                      03/10/2014  15:19:46  PAGE 26


  B:00C8H.7       SYMBOL        TF2
  D:008CH         SYMBOL        TH0
  D:008DH         SYMBOL        TH1
  D:00CDH         SYMBOL        TH2
  B:0098H.1       SYMBOL        TI
  B:00C0H.1       SYMBOL        TI1
  D:008AH         SYMBOL        TL0
  D:008BH         SYMBOL        TL1
  D:00CCH         SYMBOL        TL2
  D:0089H         SYMBOL        TMOD
  X:E683H         SYMBOL        TOGCTL
  B:0088H.4       SYMBOL        TR0
  B:0088H.6       SYMBOL        TR1
  B:00C8H.2       SYMBOL        TR2
  X:E608H         SYMBOL        UART230
  X:E67DH         SYMBOL        UDMACRCH
  X:E67EH         SYMBOL        UDMACRCL
  X:E67FH         SYMBOL        UDMACRCQUAL
  X:E680H         SYMBOL        USBCS
  X:E662H         SYMBOL        USBERRIE
  X:E663H         SYMBOL        USBERRIRQ
  X:E684H         SYMBOL        USBFRAMEH
  X:E685H         SYMBOL        USBFRAMEL
  X:E65CH         SYMBOL        USBIE
  X:E65DH         SYMBOL        USBIRQ
  X:E6FAH         SYMBOL        USBTEST
  X:E682H         SYMBOL        WAKEUPCS
  X:E6F0H         SYMBOL        XGPIFSGLDATH
  X:E6F2H         SYMBOL        XGPIFSGLDATLNOX
  X:E6F1H         SYMBOL        XGPIFSGLDATLX
  C:0882H         LINE#         10
  C:0885H         LINE#         11
  C:0886H         LINE#         12
  C:0888H         LINE#         13
  C:0889H         LINE#         15
  C:088CH         LINE#         16
  C:088DH         LINE#         18
  C:0890H         LINE#         20
  C:0891H         LINE#         21
  C:0892H         LINE#         22
  C:0893H         LINE#         23
  C:0894H         LINE#         24
  C:0895H         LINE#         25
  -------         ENDMOD        SUSP

  -------         MODULE        DISCON
  C:0000H         SYMBOL        _ICE_DUMMY_
  B:00C0H.3       PUBLIC        TB81
  B:00C0H.7       PUBLIC        SM01
  B:00C0H.6       PUBLIC        SM11
  B:00E8H.1       PUBLIC        EI2C
  B:00D0H.6       PUBLIC        AC
  B:00C0H.5       PUBLIC        SM21
  B:00A8H.7       PUBLIC        EA
  B:00B0H.0       PUBLIC        APTR1FZ
  B:00B0H.1       PUBLIC        APTR2FZ
  B:00F8H.1       PUBLIC        PI2C
BL51 BANKED LINKER/LOCATER V5.03                                                      03/10/2014  15:19:46  PAGE 27


  B:00D0H.1       PUBLIC        FL
  B:00C8H.6       PUBLIC        EXF2
  B:00C0H.4       PUBLIC        REN1
  B:0098H.0       PUBLIC        RI
  B:00D0H.7       PUBLIC        CY
  B:0098H.1       PUBLIC        TI
  B:00D8H.3       PUBLIC        INT6
  B:00D0H.2       PUBLIC        OV
  B:00C8H.1       PUBLIC        C_T2
  B:00C8H.5       PUBLIC        RCLK
  D:0091H         PUBLIC        EXIF
  B:00C8H.4       PUBLIC        TCLK
  B:00E8H.0       PUBLIC        EUSB
  B:00D8H.4       PUBLIC        RESI
  B:00A8H.7       PUBLIC        EXTACC
  B:00F8H.0       PUBLIC        PUSB
  B:0088H.1       PUBLIC        IE0
  B:0088H.3       PUBLIC        IE1
  B:00C8H.0       PUBLIC        CP_RL2
  B:00A8H.4       PUBLIC        ES0
  B:00A8H.6       PUBLIC        ES1
  B:00A8H.1       PUBLIC        ET0
  B:00A8H.3       PUBLIC        ET1
  B:0088H.5       PUBLIC        TF0
  B:00A8H.5       PUBLIC        ET2
  B:0088H.7       PUBLIC        TF1
  B:00C8H.7       PUBLIC        TF2
  B:00C0H.0       PUBLIC        RI1
  B:0098H.2       PUBLIC        RB8
  B:00A8H.0       PUBLIC        EX0
  B:0088H.0       PUBLIC        IT0
  B:00C0H.1       PUBLIC        TI1
  B:00A8H.2       PUBLIC        EX1
  B:0098H.3       PUBLIC        TB8
  B:0088H.2       PUBLIC        IT1
  B:00D0H.0       PUBLIC        P
  C:07FBH         PUBLIC        EZUSB_Discon
  B:0098H.7       PUBLIC        SM0
  B:0098H.6       PUBLIC        SM1
  B:0098H.5       PUBLIC        SM2
  B:00B8H.4       PUBLIC        PS0
  B:00B8H.6       PUBLIC        PS1
  B:00B8H.1       PUBLIC        PT0
  B:00D0H.3       PUBLIC        RS0
  B:00B8H.3       PUBLIC        PT1
  B:00D0H.4       PUBLIC        RS1
  B:00B8H.5       PUBLIC        PT2
  B:0088H.4       PUBLIC        TR0
  B:0088H.6       PUBLIC        TR1
  B:00C8H.2       PUBLIC        TR2
  B:00B8H.0       PUBLIC        PX0
  B:00B8H.2       PUBLIC        PX1
  B:00E8H.2       PUBLIC        EIEX4
  B:00E8H.3       PUBLIC        EIEX5
  B:00E8H.4       PUBLIC        EIEX6
  B:00C8H.3       PUBLIC        EXEN2
  B:0080H.6       PUBLIC        SEL
BL51 BANKED LINKER/LOCATER V5.03                                                      03/10/2014  15:19:46  PAGE 28


  B:00D8H.7       PUBLIC        SMOD1
  B:0098H.4       PUBLIC        REN
  B:00F8H.2       PUBLIC        EIPX4
  B:00F8H.3       PUBLIC        EIPX5
  B:00F8H.4       PUBLIC        EIPX6
  B:00D0H.5       PUBLIC        F0
  B:00D8H.5       PUBLIC        ERESI
  B:00C0H.2       PUBLIC        RB81
  -------         PROC          EZUSB_DISCON
  B:0020H.5       SYMBOL        renum
  C:07FBH         LINE#         4
  C:07FBH         LINE#         5
  C:07FBH         LINE#         7
  C:07FEH         LINE#         8
  C:0807H         LINE#         10
  C:080EH         LINE#         12
  C:0815H         LINE#         14
  C:081BH         LINE#         15
  C:081FH         LINE#         16
  C:0822H         LINE#         18
  C:0829H         LINE#         19
  -------         ENDPROC       EZUSB_DISCON
  -------         ENDMOD        DISCON

  -------         MODULE        EZREGS
  C:0000H         SYMBOL        _ICE_DUMMY_
  X:E652H         PUBLIC        EP4FIFOIE
  B:00C0H.3       PUBLIC        TB81
  X:E668H         PUBLIC        INTSETUP
  X:E600H         PUBLIC        CPUCS
  X:E654H         PUBLIC        EP6FIFOIE
  B:00C0H.7       PUBLIC        SM01
  X:E680H         PUBLIC        USBCS
  B:00C0H.6       PUBLIC        SM11
  X:E65FH         PUBLIC        EPIRQ
  X:E656H         PUBLIC        EP8FIFOIE
  B:00E8H.1       PUBLIC        EI2C
  B:00D0H.6       PUBLIC        AC
  B:00C0H.5       PUBLIC        SM21
  B:00A8H.7       PUBLIC        EA
  X:E6F2H         PUBLIC        XGPIFSGLDATLNOX
  X:E6C0H         PUBLIC        GPIFWFSELECT
  B:00B0H.0       PUBLIC        APTR1FZ
  X:E6F0H         PUBLIC        XGPIFSGLDATH
  B:00B0H.1       PUBLIC        APTR2FZ
  X:E605H         PUBLIC        BREAKPT
  B:00F8H.1       PUBLIC        PI2C
  X:E609H         PUBLIC        FIFOPINPOLAR
  X:E640H         PUBLIC        EP2ISOINPKTS
  B:00D0H.1       PUBLIC        FL
  X:E678H         PUBLIC        I2CS
  X:E610H         PUBLIC        EP1OUTCFG
  X:E6F9H         PUBLIC        TESTCFG
  X:E641H         PUBLIC        EP4ISOINPKTS
  X:E68AH         PUBLIC        EP0BCH
  X:E661H         PUBLIC        GPIFIRQ
  X:E642H         PUBLIC        EP6ISOINPKTS
BL51 BANKED LINKER/LOCATER V5.03                                                      03/10/2014  15:19:46  PAGE 29


  B:00C8H.6       PUBLIC        EXF2
  X:E690H         PUBLIC        EP2BCH
  B:00C0H.4       PUBLIC        REN1
  X:E643H         PUBLIC        EP8ISOINPKTS
  X:E694H         PUBLIC        EP4BCH
  X:E68BH         PUBLIC        EP0BCL
  X:E612H         PUBLIC        EP2CFG
  X:E698H         PUBLIC        EP6BCH
  X:E691H         PUBLIC        EP2BCL
  B:0098H.0       PUBLIC        RI
  X:E613H         PUBLIC        EP4CFG
  B:00D0H.7       PUBLIC        CY
  X:E6A7H         PUBLIC        EP2FIFOFLGS
  X:E69CH         PUBLIC        EP8BCH
  X:E695H         PUBLIC        EP4BCL
  B:0098H.1       PUBLIC        TI
  X:E614H         PUBLIC        EP6CFG
  X:E6A8H         PUBLIC        EP4FIFOFLGS
  X:E699H         PUBLIC        EP6BCL
  X:E780H         PUBLIC        EP1OUTBUF
  X:E67BH         PUBLIC        XAUTODAT1
  X:E615H         PUBLIC        EP8CFG
  X:E6A9H         PUBLIC        EP6FIFOFLGS
  X:E69DH         PUBLIC        EP8BCL
  X:E67CH         PUBLIC        XAUTODAT2
  X:E684H         PUBLIC        USBFRAMEH
  B:00D8H.3       PUBLIC        INT6
  X:E6F5H         PUBLIC        GPIFABORT
  X:E6AAH         PUBLIC        EP8FIFOFLGS
  X:E6F8H         PUBLIC        DBUG
  X:E740H         PUBLIC        EP0BUF
  X:E6CBH         PUBLIC        FLOWSTB
  X:E65EH         PUBLIC        EPIE
  B:00D0H.2       PUBLIC        OV
  X:E685H         PUBLIC        USBFRAMEL
  X:E681H         PUBLIC        SUSPEND
  X:E60CH         PUBLIC        GPIFHOLDAMOUNT
  X:E6D4H         PUBLIC        EP2GPIFTRIG
  B:00C8H.1       PUBLIC        C_T2
  X:E6C7H         PUBLIC        FLOWLOGIC
  X:E6DCH         PUBLIC        EP4GPIFTRIG
  X:E604H         PUBLIC        FIFORESET
  X:E6E4H         PUBLIC        EP6GPIFTRIG
  X:E6C2H         PUBLIC        GPIFIDLECTL
  B:00C8H.5       PUBLIC        RCLK
  X:E6FAH         PUBLIC        USBTEST
  X:E6B3H         PUBLIC        SUDPTRH
  X:E6ECH         PUBLIC        EP8GPIFTRIG
  B:00C8H.4       PUBLIC        TCLK
  B:00E8H.0       PUBLIC        EUSB
  X:E6D2H         PUBLIC        EP2GPIFFLGSEL
  X:E611H         PUBLIC        EP1INCFG
  X:E6B4H         PUBLIC        SUDPTRL
  X:E687H         PUBLIC        FNADDR
  X:E6DAH         PUBLIC        EP4GPIFFLGSEL
  X:E6D1H         PUBLIC        GPIFTCB0
  X:E6CDH         PUBLIC        FLOWSTBHPERIOD
BL51 BANKED LINKER/LOCATER V5.03                                                      03/10/2014  15:19:46  PAGE 30


  X:E6D0H         PUBLIC        GPIFTCB1
  X:E665H         PUBLIC        CLRERRCNT
  B:00D8H.4       PUBLIC        RESI
  X:E6E2H         PUBLIC        EP6GPIFFLGSEL
  X:E6CFH         PUBLIC        GPIFTCB2
  X:E664H         PUBLIC        ERRCNTLIM
  X:E6CEH         PUBLIC        GPIFTCB3
  X:E6EAH         PUBLIC        EP8GPIFFLGSEL
  X:E660H         PUBLIC        GPIFIE
  X:E67FH         PUBLIC        UDMACRCQUAL
  X:E400H         PUBLIC        GPIF_WAVE_DATA
  B:00A8H.7       PUBLIC        EXTACC
  B:00F8H.0       PUBLIC        PUSB
  X:E6CCH         PUBLIC        FLOWSTBEDGE
  X:E6ABH         PUBLIC        EP2FIFOBCH
  X:E7C0H         PUBLIC        EP1INBUF
  X:E6C6H         PUBLIC        FLOWSTATE
  B:0088H.1       PUBLIC        IE0
  X:E6ADH         PUBLIC        EP4FIFOBCH
  B:0088H.3       PUBLIC        IE1
  X:E6CAH         PUBLIC        FLOWHOLDOFF
  X:E618H         PUBLIC        EP2FIFOCFG
  X:E6AFH         PUBLIC        EP6FIFOBCH
  X:E6ACH         PUBLIC        EP2FIFOBCL
  X:E619H         PUBLIC        EP4FIFOCFG
  X:E6B1H         PUBLIC        EP8FIFOBCH
  X:E6AEH         PUBLIC        EP4FIFOBCL
  X:E649H         PUBLIC        OUTPKTEND
  X:E663H         PUBLIC        USBERRIRQ
  X:E61AH         PUBLIC        EP6FIFOCFG
  B:00C8H.0       PUBLIC        CP_RL2
  X:E6B0H         PUBLIC        EP6FIFOBCL
  X:E620H         PUBLIC        EP2AUTOINLENH
  X:E61BH         PUBLIC        EP8FIFOCFG
  X:E6B2H         PUBLIC        EP8FIFOBCL
  X:E68DH         PUBLIC        EP1OUTBC
  X:E622H         PUBLIC        EP4AUTOINLENH
  X:E666H         PUBLIC        INT2IVEC
  X:E659H         PUBLIC        IBNIRQ
  B:00A8H.4       PUBLIC        ES0
  X:E6FBH         PUBLIC        CT1
  X:E6C4H         PUBLIC        GPIFADRH
  X:E65BH         PUBLIC        NAKIRQ
  X:E624H         PUBLIC        EP6AUTOINLENH
  X:E621H         PUBLIC        EP2AUTOINLENL
  X:E601H         PUBLIC        IFCONFIG
  B:00A8H.6       PUBLIC        ES1
  B:00A8H.1       PUBLIC        ET0
  X:E6FCH         PUBLIC        CT2
  X:E6B5H         PUBLIC        SUDPTRCTL
  X:E667H         PUBLIC        INT4IVEC
  B:00A8H.3       PUBLIC        ET1
  B:0088H.5       PUBLIC        TF0
  X:E6FDH         PUBLIC        CT3
  X:E67DH         PUBLIC        UDMACRCH
  X:E626H         PUBLIC        EP8AUTOINLENH
  X:E623H         PUBLIC        EP4AUTOINLENL
BL51 BANKED LINKER/LOCATER V5.03                                                      03/10/2014  15:19:46  PAGE 31


  B:00A8H.5       PUBLIC        ET2
  B:0088H.7       PUBLIC        TF1
  X:E6FEH         PUBLIC        CT4
  B:00C8H.7       PUBLIC        TF2
  B:00C0H.0       PUBLIC        RI1
  B:0098H.2       PUBLIC        RB8
  X:F000H         PUBLIC        EP2FIFOBUF
  X:E6C5H         PUBLIC        GPIFADRL
  X:E625H         PUBLIC        EP6AUTOINLENL
  B:00A8H.0       PUBLIC        EX0
  B:0088H.0       PUBLIC        IT0
  X:E630H         PUBLIC        EP2FIFOPFH
  B:00C0H.1       PUBLIC        TI1
  B:00A8H.2       PUBLIC        EX1
  B:0098H.3       PUBLIC        TB8
  B:0088H.2       PUBLIC        IT1
  X:F400H         PUBLIC        EP4FIFOBUF
  X:E67EH         PUBLIC        UDMACRCL
  X:E627H         PUBLIC        EP8AUTOINLENL
  B:00D0H.0       PUBLIC        P
  X:E6D3H         PUBLIC        EP2GPIFPFSTOP
  X:E683H         PUBLIC        TOGCTL
  X:E632H         PUBLIC        EP4FIFOPFH
  B:0098H.7       PUBLIC        SM0
  X:F800H         PUBLIC        EP6FIFOBUF
  B:0098H.6       PUBLIC        SM1
  X:E6DBH         PUBLIC        EP4GPIFPFSTOP
  X:E634H         PUBLIC        EP6FIFOPFH
  X:E631H         PUBLIC        EP2FIFOPFL
  B:0098H.5       PUBLIC        SM2
  X:FC00H         PUBLIC        EP8FIFOBUF
  X:E60BH         PUBLIC        REVCTL
  B:00B8H.4       PUBLIC        PS0
  X:E6E3H         PUBLIC        EP6GPIFPFSTOP
  X:E636H         PUBLIC        EP8FIFOPFH
  X:E633H         PUBLIC        EP4FIFOPFL
  X:E608H         PUBLIC        UART230
  B:00B8H.6       PUBLIC        PS1
  B:00B8H.1       PUBLIC        PT0
  X:E480H         PUBLIC        RES_WAVEDATA_END
  B:00D0H.3       PUBLIC        RS0
  B:00B8H.3       PUBLIC        PT1
  X:E6EBH         PUBLIC        EP8GPIFPFSTOP
  X:E679H         PUBLIC        I2DAT
  X:E635H         PUBLIC        EP6FIFOPFL
  B:00D0H.4       PUBLIC        RS1
  B:00B8H.5       PUBLIC        PT2
  B:0088H.4       PUBLIC        TR0
  B:0088H.6       PUBLIC        TR1
  X:E6A1H         PUBLIC        EP1OUTCS
  X:E637H         PUBLIC        EP8FIFOPFL
  B:00C8H.2       PUBLIC        TR2
  B:00B8H.0       PUBLIC        PX0
  X:E65DH         PUBLIC        USBIRQ
  B:00B8H.2       PUBLIC        PX1
  X:E670H         PUBLIC        PORTACFG
  X:E671H         PUBLIC        PORTCCFG
BL51 BANKED LINKER/LOCATER V5.03                                                      03/10/2014  15:19:46  PAGE 32


  X:E651H         PUBLIC        EP2FIFOIRQ
  X:E602H         PUBLIC        PINFLAGSAB
  X:E6A0H         PUBLIC        EP0CS
  X:E6F4H         PUBLIC        GPIFREADYSTAT
  X:E6C3H         PUBLIC        GPIFCTLCFG
  X:E672H         PUBLIC        PORTECFG
  X:E653H         PUBLIC        EP4FIFOIRQ
  X:E6C1H         PUBLIC        GPIFIDLECS
  X:E6A3H         PUBLIC        EP2CS
  X:E67AH         PUBLIC        I2CTL
  X:E655H         PUBLIC        EP6FIFOIRQ
  X:E603H         PUBLIC        PINFLAGSCD
  B:00E8H.2       PUBLIC        EIEX4
  X:E6A4H         PUBLIC        EP4CS
  X:E648H         PUBLIC        INPKTEND
  B:00E8H.3       PUBLIC        EIEX5
  X:E657H         PUBLIC        EP8FIFOIRQ
  B:00E8H.4       PUBLIC        EIEX6
  X:E6A5H         PUBLIC        EP6CS
  B:00C8H.3       PUBLIC        EXEN2
  B:0080H.6       PUBLIC        SEL
  X:E6A6H         PUBLIC        EP8CS
  X:E68FH         PUBLIC        EP1INBC
  X:E662H         PUBLIC        USBERRIE
  B:00D8H.7       PUBLIC        SMOD1
  B:0098H.4       PUBLIC        REN
  X:E6C8H         PUBLIC        FLOWEQ0CTL
  X:E6C9H         PUBLIC        FLOWEQ1CTL
  X:E682H         PUBLIC        WAKEUPCS
  X:E6F1H         PUBLIC        XGPIFSGLDATLX
  X:E658H         PUBLIC        IBNIE
  X:E686H         PUBLIC        MICROFRAME
  X:E65AH         PUBLIC        NAKIE
  B:00F8H.2       PUBLIC        EIPX4
  B:00F8H.3       PUBLIC        EIPX5
  B:00F8H.4       PUBLIC        EIPX6
  X:E6B8H         PUBLIC        SETUPDAT
  X:E6F3H         PUBLIC        GPIFREADYCFG
  B:00D0H.5       PUBLIC        F0
  X:E6A2H         PUBLIC        EP1INCS
  X:E606H         PUBLIC        BPADDRH
  B:00D8H.5       PUBLIC        ERESI
  X:E65CH         PUBLIC        USBIE
  X:E60AH         PUBLIC        REVID
  X:E607H         PUBLIC        BPADDRL
  X:E650H         PUBLIC        EP2FIFOIE
  B:00C0H.2       PUBLIC        RB81
  -------         ENDMOD        EZREGS

  -------         MODULE        GET_STRD
  C:0000H         SYMBOL        _ICE_DUMMY_
  C:0856H         PUBLIC        _EZUSB_GetStringDscr
[...]
  B:0088H.7       PUBLIC        TF1
  B:00C8H.7       PUBLIC        TF2
  B:00C0H.0       PUBLIC        RI1
  B:0098H.2       PUBLIC        RB8
  B:00A8H.0       PUBLIC        EX0
  B:0088H.0       PUBLIC        IT0
BL51 BANKED LINKER/LOCATER V5.03                                                      03/10/2014  15:19:46  PAGE 34


  B:00C0H.1       PUBLIC        TI1
  B:00A8H.2       PUBLIC        EX1
  B:0098H.3       PUBLIC        TB8
  B:0088H.2       PUBLIC        IT1
  B:00D0H.0       PUBLIC        P
  B:0098H.7       PUBLIC        SM0
  B:0098H.6       PUBLIC        SM1
  B:0098H.5       PUBLIC        SM2
  B:00B8H.4       PUBLIC        PS0
  B:00B8H.6       PUBLIC        PS1
  B:00B8H.1       PUBLIC        PT0
  B:00D0H.3       PUBLIC        RS0
  B:00B8H.3       PUBLIC        PT1
  B:00D0H.4       PUBLIC        RS1
  B:00B8H.5       PUBLIC        PT2
  B:0088H.4       PUBLIC        TR0
  B:0088H.6       PUBLIC        TR1
  B:00C8H.2       PUBLIC        TR2
  B:00B8H.0       PUBLIC        PX0
  B:00B8H.2       PUBLIC        PX1
  B:00E8H.2       PUBLIC        EIEX4
  B:00E8H.3       PUBLIC        EIEX5
  B:00E8H.4       PUBLIC        EIEX6
  B:00C8H.3       PUBLIC        EXEN2
  B:0080H.6       PUBLIC        SEL
  B:00D8H.7       PUBLIC        SMOD1
  B:0098H.4       PUBLIC        REN
  B:00F8H.2       PUBLIC        EIPX4
  B:00F8H.3       PUBLIC        EIPX5
  B:00F8H.4       PUBLIC        EIPX6
  B:00D0H.5       PUBLIC        F0
  B:00D8H.5       PUBLIC        ERESI
  B:00C0H.2       PUBLIC        RB81
  -------         PROC          _EZUSB_DELAY
  D:0018H         SYMBOL        ms
  C:059CH         LINE#         5
  C:05A0H         LINE#         6
  C:05A0H         LINE#         12
  C:05A8H         LINE#         13
  C:05BAH         LINE#         14
  C:05C4H         LINE#         15
  C:05CFH         LINE#         17
  C:05DCH         LINE#         18
  C:05E1H         LINE#         19
  -------         ENDPROC       _EZUSB_DELAY
  -------         ENDMOD        DELAY

  -------         MODULE        DELAY1MS
  C:0882H         SEGMENT       EZUSB
  C:0896H         PUBLIC        EZUSB_DELAY1MS
  B:00D0H.6       SYMBOL        AC
  D:00E0H         SYMBOL        ACC
  D:009AH         SYMBOL        APTR1H
  D:009BH         SYMBOL        APTR1L
  D:009AH         SYMBOL        AUTOPTR1H
  D:009BH         SYMBOL        AUTOPTR1L
  D:009DH         SYMBOL        AUTOPTRH2
BL51 BANKED LINKER/LOCATER V5.03                                                      03/10/2014  15:19:46  PAGE 35


  D:009EH         SYMBOL        AUTOPTRL2
  D:00AFH         SYMBOL        AUTOPTRSETUP
  D:00F0H         SYMBOL        B
  X:E606H         SYMBOL        BPADDRH
  X:E607H         SYMBOL        BPADDRL
  X:E605H         SYMBOL        BREAKPT
  D:008EH         SYMBOL        CKCON
  X:E665H         SYMBOL        CLRERRCNT
  X:E600H         SYMBOL        CPUCS
  B:00C8H.0       SYMBOL        CP_RL2
  X:E6FBH         SYMBOL        CT1
  X:E6FCH         SYMBOL        CT2
  X:E6FDH         SYMBOL        CT3
  X:E6FEH         SYMBOL        CT4
  B:00D0H.7       SYMBOL        CY
  B:00C8H.1       SYMBOL        C_T2
  X:E6F8H         SYMBOL        DBUG
  N:0000H         SYMBOL        DELAY1MS
  D:0083H         SYMBOL        DPH
  D:0085H         SYMBOL        DPH1
  D:0082H         SYMBOL        DPL
  D:0084H         SYMBOL        DPL1
  D:0086H         SYMBOL        DPS
  B:00A8H.7       SYMBOL        EA
  B:00E8H.1       SYMBOL        EI2C
  D:00D8H         SYMBOL        EICON
  D:00E8H         SYMBOL        EIE
  B:00E8H.2       SYMBOL        EIEX4
  B:00E8H.3       SYMBOL        EIEX5
  B:00E8H.4       SYMBOL        EIEX6
  D:00F8H         SYMBOL        EIP
  B:00F8H.2       SYMBOL        EIPX4
  B:00F8H.3       SYMBOL        EIPX5
  B:00F8H.4       SYMBOL        EIPX6
  D:00BAH         SYMBOL        EP01STAT
  X:E68AH         SYMBOL        EP0BCH
  X:E68BH         SYMBOL        EP0BCL
  X:E740H         SYMBOL        EP0BUF
  X:E6A0H         SYMBOL        EP0CS
  X:E780H         SYMBOL        EP10UTBUF
  X:E68FH         SYMBOL        EP1INBC
  X:E7C0H         SYMBOL        EP1INBUF
  X:E611H         SYMBOL        EP1INCFG
  X:E6A2H         SYMBOL        EP1INCS
  X:E68DH         SYMBOL        EP1OUTBC
  X:E610H         SYMBOL        EP1OUTCFG
  X:E6A1H         SYMBOL        EP1OUTCS
  D:00AAH         SYMBOL        EP2468STAT
  D:00ABH         SYMBOL        EP24FIFOFLGS
  X:E620H         SYMBOL        EP2AUTOINLENH
  X:E621H         SYMBOL        EP2AUTOINLENL
  X:E690H         SYMBOL        EP2BCH
  X:E691H         SYMBOL        EP2BCL
  X:E612H         SYMBOL        EP2CFG
  X:E6A3H         SYMBOL        EP2CS
  X:E6ABH         SYMBOL        EP2FIFOBCH
  X:E6ACH         SYMBOL        EP2FIFOBCL
BL51 BANKED LINKER/LOCATER V5.03                                                      03/10/2014  15:19:46  PAGE 36


  X:F000H         SYMBOL        EP2FIFOBUF
  X:E618H         SYMBOL        EP2FIFOCFG
  X:E6A7H         SYMBOL        EP2FIFOFLGS
  X:E650H         SYMBOL        EP2FIFOIE
  X:E651H         SYMBOL        EP2FIFOIRQ
  X:E630H         SYMBOL        EP2FIFOPFH
  X:E631H         SYMBOL        EP2FIFOPFL
  X:E6D2H         SYMBOL        EP2GPIFFLGSEL
  X:E6D3H         SYMBOL        EP2GPIFPFSTOP
  X:E6D0H         SYMBOL        EP2GPIFTCH
  X:E6D1H         SYMBOL        EP2GPIFTCL
  X:E6D4H         SYMBOL        EP2GPIFTRIG
  X:E640H         SYMBOL        EP2ISOINPKTS
  X:E622H         SYMBOL        EP4AUTOINLENH
  X:E623H         SYMBOL        EP4AUTOINLENL
  X:E694H         SYMBOL        EP4BCH
  X:E695H         SYMBOL        EP4BCL
  X:E613H         SYMBOL        EP4CFG
  X:E6A4H         SYMBOL        EP4CS
  X:E6ADH         SYMBOL        EP4FIFOBCH
  X:E6AEH         SYMBOL        EP4FIFOBCL
  X:F400H         SYMBOL        EP4FIFOBUF
  X:E619H         SYMBOL        EP4FIFOCFG
  X:E6A8H         SYMBOL        EP4FIFOFLGS
  X:E652H         SYMBOL        EP4FIFOIE
  X:E653H         SYMBOL        EP4FIFOIRQ
  X:E632H         SYMBOL        EP4FIFOPFH
  X:E633H         SYMBOL        EP4FIFOPFL
  X:E6DAH         SYMBOL        EP4GPIFFLGSEL
  X:E6DBH         SYMBOL        EP4GPIFPFSTOP
  X:E6D0H         SYMBOL        EP4GPIFTCH
  X:E6D1H         SYMBOL        EP4GPIFTCL
  X:E6DCH         SYMBOL        EP4GPIFTRIG
  X:E641H         SYMBOL        EP4ISOINPKTS
  D:00ACH         SYMBOL        EP68FIFOFLGS
  X:E624H         SYMBOL        EP6AUTOINLENH
  X:E625H         SYMBOL        EP6AUTOINLENL
  X:E698H         SYMBOL        EP6BCH
  X:E699H         SYMBOL        EP6BCL
  X:E614H         SYMBOL        EP6CFG
  X:E6A5H         SYMBOL        EP6CS
  X:E6AFH         SYMBOL        EP6FIFOBCH
  X:E6B0H         SYMBOL        EP6FIFOBCL
  X:F800H         SYMBOL        EP6FIFOBUF
  X:E61AH         SYMBOL        EP6FIFOCFG
  X:E6A9H         SYMBOL        EP6FIFOFLGS
  X:E654H         SYMBOL        EP6FIFOIE
  X:E655H         SYMBOL        EP6FIFOIRQ
  X:E634H         SYMBOL        EP6FIFOPFH
  X:E635H         SYMBOL        EP6FIFOPFL
  X:E6E2H         SYMBOL        EP6GPIFFLGSEL
  X:E6E3H         SYMBOL        EP6GPIFPFSTOP
  X:E6D0H         SYMBOL        EP6GPIFTCH
  X:E6D1H         SYMBOL        EP6GPIFTCL
  X:E6E4H         SYMBOL        EP6GPIFTRIG
  X:E642H         SYMBOL        EP6ISOINPKTS
  X:E626H         SYMBOL        EP8AUTOINLENH
BL51 BANKED LINKER/LOCATER V5.03                                                      03/10/2014  15:19:46  PAGE 37


  X:E627H         SYMBOL        EP8AUTOINLENL
  X:E69CH         SYMBOL        EP8BCH
  X:E69DH         SYMBOL        EP8BCL
  X:E615H         SYMBOL        EP8CFG
  X:E6A6H         SYMBOL        EP8CS
  X:E6B1H         SYMBOL        EP8FIFOBCH
  X:E6B2H         SYMBOL        EP8FIFOBCL
  X:FC00H         SYMBOL        EP8FIFOBUF
  X:E61BH         SYMBOL        EP8FIFOCFG
  X:E6AAH         SYMBOL        EP8FIFOFLGS
  X:E656H         SYMBOL        EP8FIFOIE
  X:E657H         SYMBOL        EP8FIFOIRQ
  X:E636H         SYMBOL        EP8FIFOPFH
  X:E637H         SYMBOL        EP8FIFOPFL
  X:E6EAH         SYMBOL        EP8GPIFFLGSEL
  X:E6EBH         SYMBOL        EP8GPIFPFSTOP
  X:E6D0H         SYMBOL        EP8GPIFTCH
  X:E6D1H         SYMBOL        EP8GPIFTCL
  X:E6ECH         SYMBOL        EP8GPIFTRIG
  X:E643H         SYMBOL        EP8ISOINPKTS
  X:E65EH         SYMBOL        EPIE
  X:E65FH         SYMBOL        EPIRQ
  B:00D8H.5       SYMBOL        ERESI
  X:E664H         SYMBOL        ERRCNTLIM
  C:08A6H         SYMBOL        ER_END
  B:00A8H.4       SYMBOL        ES0
  B:00A8H.6       SYMBOL        ES1
  B:00A8H.1       SYMBOL        ET0
  B:00A8H.3       SYMBOL        ET1
  B:00A8H.5       SYMBOL        ET2
  B:00E8H.0       SYMBOL        EUSB
  B:00A8H.0       SYMBOL        EX0
  B:00A8H.2       SYMBOL        EX1
  B:00C8H.3       SYMBOL        EXEN2
  B:00C8H.6       SYMBOL        EXF2
  D:0091H         SYMBOL        EXIF
  X:E67BH         SYMBOL        EXTAUTODAT1
  X:E67CH         SYMBOL        EXTAUTODAT2
  B:00D0H.5       SYMBOL        F0
  X:E609H         SYMBOL        FIFOPINPOLAR
  X:E604H         SYMBOL        FIFORESET
  B:00D0H.1       SYMBOL        FL
  X:E6CCH         SYMBOL        FLOWEDGE
  X:E6C8H         SYMBOL        FLOWEQ0CTL
  X:E6C9H         SYMBOL        FLOWEQ1CTL
  X:E6C7H         SYMBOL        FLOWLOGIC
  X:E6C6H         SYMBOL        FLOWSTATE
  X:E6CBH         SYMBOL        FLOWSTB
  X:E6CDH         SYMBOL        FLOWSTBHPERIOD
  X:E687H         SYMBOL        FNADDR
  X:E6F5H         SYMBOL        GPIFABORT
  X:E6C4H         SYMBOL        GPIFADRH
  X:E6C5H         SYMBOL        GPIFADRL
  X:E6C3H         SYMBOL        GPIFCTLCFG
  X:E60CH         SYMBOL        GPIFHOLDAMOUNT
  X:E6C1H         SYMBOL        GPIFIDLECS
  X:E6C2H         SYMBOL        GPIFIDLECTL
BL51 BANKED LINKER/LOCATER V5.03                                                      03/10/2014  15:19:46  PAGE 38


  X:E660H         SYMBOL        GPIFIE
  X:E661H         SYMBOL        GPIFIRQ
  X:E6F3H         SYMBOL        GPIFREADYCFG
  X:E6F4H         SYMBOL        GPIFREADYSTAT
  D:00BDH         SYMBOL        GPIFSGLDATH
  D:00BFH         SYMBOL        GPIFSGLDATLNOX
  D:00BEH         SYMBOL        GPIFSGLDATLX
  X:E6D1H         SYMBOL        GPIFTCB0
  X:E6D0H         SYMBOL        GPIFTCB1
  X:E6CFH         SYMBOL        GPIFTCB2
  X:E6CEH         SYMBOL        GPIFTCB3
  D:00BBH         SYMBOL        GPIFTRIG
  X:E6C0H         SYMBOL        GPIFWFSELECT
  X:E400H         SYMBOL        GPIF_WAVE_DATA
  X:E678H         SYMBOL        I2CS
  X:E67AH         SYMBOL        I2CTL
  X:E679H         SYMBOL        I2DAT
  X:E658H         SYMBOL        IBNIE
  X:E659H         SYMBOL        IBNIRQ
  D:00A8H         SYMBOL        IE
  B:0088H.1       SYMBOL        IE0
  B:0088H.3       SYMBOL        IE1
  X:E601H         SYMBOL        IFCONFIG
  X:E648H         SYMBOL        INPKTEND
  D:00A1H         SYMBOL        INT2CLR
  X:E666H         SYMBOL        INT2IVEC
  D:00A2H         SYMBOL        INT4CLR
  X:E667H         SYMBOL        INT4IVEC
  B:00D8H.3       SYMBOL        INT6
  X:E668H         SYMBOL        INTSETUP
  D:0080H         SYMBOL        IOA
  D:0090H         SYMBOL        IOB
  D:00A0H         SYMBOL        IOC
  D:00B0H         SYMBOL        IOD
  D:00B1H         SYMBOL        IOE
  D:00B8H         SYMBOL        IP
  B:0088H.0       SYMBOL        IT0
  B:0088H.2       SYMBOL        IT1
  C:089FH         SYMBOL        LOOP
  X:E686H         SYMBOL        MICROFRAME
  D:0092H         SYMBOL        MPAGE
  X:E65AH         SYMBOL        NAKIE
  X:E65BH         SYMBOL        NAKIRQ
  D:00B2H         SYMBOL        OEA
  D:00B3H         SYMBOL        OEB
  D:00B4H         SYMBOL        OEC
  D:00B5H         SYMBOL        OED
  D:00B6H         SYMBOL        OEE
  X:E649H         SYMBOL        OUTPKTEND
  B:00D0H.2       SYMBOL        OV
  B:00D0H.0       SYMBOL        P
  D:0087H         SYMBOL        PCON
  B:00F8H.1       SYMBOL        PI2C
  X:E602H         SYMBOL        PINFLAGSAB
  X:E603H         SYMBOL        PINFLAGSCD
  X:E670H         SYMBOL        PORTACFG
  X:E671H         SYMBOL        PORTCCFG
BL51 BANKED LINKER/LOCATER V5.03                                                      03/10/2014  15:19:46  PAGE 39


  X:E672H         SYMBOL        PORTECFG
  B:00B8H.4       SYMBOL        PS0
  B:00B8H.6       SYMBOL        PS1
  D:00D0H         SYMBOL        PSW
  B:00B8H.1       SYMBOL        PT0
  B:00B8H.3       SYMBOL        PT1
  B:00B8H.5       SYMBOL        PT2
  B:00F8H.0       SYMBOL        PUSB
  B:00B8H.0       SYMBOL        PX0
  B:00B8H.2       SYMBOL        PX1
  B:0098H.2       SYMBOL        RB8
  B:00C0H.2       SYMBOL        RB81
  D:00CBH         SYMBOL        RCAP2H
  D:00CAH         SYMBOL        RCAP2L
  B:00C8H.5       SYMBOL        RCLK
  B:0098H.4       SYMBOL        REN
  B:00C0H.4       SYMBOL        REN1
  B:00D8H.4       SYMBOL        RESI
  X:E480H         SYMBOL        RES_WAVEDATA_END
  X:E60BH         SYMBOL        REVCTL
  X:E60AH         SYMBOL        REVID
  B:0098H.0       SYMBOL        RI
  B:00C0H.0       SYMBOL        RI1
  B:00D0H.3       SYMBOL        RS0
  B:00D0H.4       SYMBOL        RS1
  D:0099H         SYMBOL        SBUF0
  D:00C1H         SYMBOL        SBUF1
  D:0098H         SYMBOL        SCON0
  D:00C0H         SYMBOL        SCON1
  B:0080H.6       SYMBOL        SEL
  X:E6B8H         SYMBOL        SETUPDAT
  B:0098H.7       SYMBOL        SM0
  B:00C0H.7       SYMBOL        SM01
  B:0098H.6       SYMBOL        SM1
  B:00C0H.6       SYMBOL        SM11
  B:0098H.5       SYMBOL        SM2
  B:00C0H.5       SYMBOL        SM21
  B:00D8H.7       SYMBOL        SMOD1
  D:0081H         SYMBOL        SP
  X:E6B5H         SYMBOL        SUDPTRCTL
  X:E6B3H         SYMBOL        SUDPTRH
  X:E6B4H         SYMBOL        SUDPTRL
  X:E681H         SYMBOL        SUSPEND
  D:00C8H         SYMBOL        T2CON
  B:0098H.3       SYMBOL        TB8
  B:00C0H.3       SYMBOL        TB81
  B:00C8H.4       SYMBOL        TCLK
  D:0088H         SYMBOL        TCON
  X:E6F9H         SYMBOL        TESTCFG
  B:0088H.5       SYMBOL        TF0
  B:0088H.7       SYMBOL        TF1
  B:00C8H.7       SYMBOL        TF2
  D:008CH         SYMBOL        TH0
  D:008DH         SYMBOL        TH1
  D:00CDH         SYMBOL        TH2
  B:0098H.1       SYMBOL        TI
  B:00C0H.1       SYMBOL        TI1
BL51 BANKED LINKER/LOCATER V5.03                                                      03/10/2014  15:19:46  PAGE 40


  D:008AH         SYMBOL        TL0
  D:008BH         SYMBOL        TL1
  D:00CCH         SYMBOL        TL2
  D:0089H         SYMBOL        TMOD
  X:E683H         SYMBOL        TOGCTL
  B:0088H.4       SYMBOL        TR0
  B:0088H.6       SYMBOL        TR1
  B:00C8H.2       SYMBOL        TR2
  X:E608H         SYMBOL        UART230
  X:E67DH         SYMBOL        UDMACRCH
  X:E67EH         SYMBOL        UDMACRCL
  X:E67FH         SYMBOL        UDMACRCQUAL
  X:E680H         SYMBOL        USBCS
  X:E662H         SYMBOL        USBERRIE
  X:E663H         SYMBOL        USBERRIRQ
  X:E684H         SYMBOL        USBFRAMEH
  X:E685H         SYMBOL        USBFRAMEL
  X:E65CH         SYMBOL        USBIE
  X:E65DH         SYMBOL        USBIRQ
  X:E6FAH         SYMBOL        USBTEST
  X:E682H         SYMBOL        WAKEUPCS
  X:E6F0H         SYMBOL        XGPIFSGLDATH
  X:E6F2H         SYMBOL        XGPIFSGLDATLNOX
  X:E6F1H         SYMBOL        XGPIFSGLDATLX
  C:0896H         LINE#         14
  C:0898H         LINE#         15
  C:089AH         LINE#         16
  C:089DH         LINE#         17
  C:089FH         LINE#         19
  C:08A0H         LINE#         20
  C:08A2H         LINE#         21
  C:08A4H         LINE#         22
  C:08A6H         LINE#         24
  -------         ENDMOD        DELAY1MS

  -------         MODULE        USBJMPTBL
  C:0600H         SEGMENT       ?PR?USB_JUMP_TABLE?USBJT
  N:0045H         PUBLIC        USB_INT2AUTOVECTOR
  N:0055H         PUBLIC        USB_INT4AUTOVECTOR
  C:0600H         PUBLIC        USB_JUMP_TABLE
  N:0000H         SYMBOL        USBJMPTBL
  C:0043H         LINE#         15
  C:0053H         LINE#         19
  C:0600H         LINE#         27
  C:0604H         LINE#         29
  C:0608H         LINE#         31
  C:060CH         LINE#         33
  C:0610H         LINE#         35
  C:0614H         LINE#         37
  C:0618H         LINE#         39
  C:061CH         LINE#         41
  C:0620H         LINE#         43
  C:0624H         LINE#         45
  C:0628H         LINE#         47
  C:062CH         LINE#         49
  C:0630H         LINE#         51
  C:0634H         LINE#         53
BL51 BANKED LINKER/LOCATER V5.03                                                      03/10/2014  15:19:46  PAGE 41


  C:0638H         LINE#         55
  C:063CH         LINE#         57
  C:0640H         LINE#         59
  C:0644H         LINE#         61
  C:0648H         LINE#         63
  C:064CH         LINE#         65
  C:0650H         LINE#         67
  C:0654H         LINE#         69
  C:0658H         LINE#         71
  C:065CH         LINE#         73
  C:0660H         LINE#         75
  C:0664H         LINE#         77
  C:0668H         LINE#         79
  C:066CH         LINE#         81
  C:0670H         LINE#         83
  C:0674H         LINE#         85
  C:0678H         LINE#         87
  C:067CH         LINE#         89
  C:0680H         LINE#         92
  C:0684H         LINE#         94
  C:0688H         LINE#         96
  C:068CH         LINE#         98
  C:0690H         LINE#         100
  C:0694H         LINE#         102
  C:0698H         LINE#         104
  C:069CH         LINE#         106
  C:06A0H         LINE#         108
  C:06A4H         LINE#         110
  C:06A8H         LINE#         112
  C:06ACH         LINE#         114
  C:06B0H         LINE#         116
  C:06B4H         LINE#         118
  -------         ENDMOD        USBJMPTBL

  -------         MODULE        DSCR
  C:0700H         SEGMENT       DSCR
  C:0700H         PUBLIC        DEVICEDSCR
  C:0712H         PUBLIC        DEVICEQUALDSCR
  C:073CH         PUBLIC        FULLSPEEDCONFIGDSCR
  C:071CH         PUBLIC        HIGHSPEEDCONFIGDSCR
  C:075CH         PUBLIC        STRINGDSCR
  C:0786H         PUBLIC        USERDSCR
  N:0002H         SYMBOL        DSCR_CONFIG
  N:0009H         SYMBOL        DSCR_CONFIG_LEN
  N:0001H         SYMBOL        DSCR_DEVICE
  N:0012H         SYMBOL        DSCR_DEVICE_LEN
  N:0006H         SYMBOL        DSCR_DEVQUAL
  N:000AH         SYMBOL        DSCR_DEVQUAL_LEN
  N:0005H         SYMBOL        DSCR_ENDPNT
  N:0007H         SYMBOL        DSCR_ENDPNT_LEN
  N:0004H         SYMBOL        DSCR_INTRFC
  N:0009H         SYMBOL        DSCR_INTRFC_LEN
  N:0003H         SYMBOL        DSCR_STRING
  N:0002H         SYMBOL        ET_BULK
  N:0000H         SYMBOL        ET_CONTROL
  N:0003H         SYMBOL        ET_INT
  N:0001H         SYMBOL        ET_ISO
BL51 BANKED LINKER/LOCATER V5.03                                                      03/10/2014  15:19:46  PAGE 42


  C:075CH         SYMBOL        FULLSPEEDCONFIGDSCREND
  C:073CH         SYMBOL        HIGHSPEEDCONFIGDSCREND
  C:075CH         SYMBOL        STRINGDSCR0
  C:0760H         SYMBOL        STRINGDSCR0END
  C:0760H         SYMBOL        STRINGDSCR1
  C:0770H         SYMBOL        STRINGDSCR1END
  C:0770H         SYMBOL        STRINGDSCR2
  C:0786H         SYMBOL        STRINGDSCR2END
  -------         ENDMOD        DSCR

  -------         MODULE        ?C?ULCMP
  C:090FH         PUBLIC        ?C?ULCMP
  -------         ENDMOD        ?C?ULCMP

******************************************************************************
* RESTRICTED VERSION WITH 1000H BYTE CODE SIZE LIMIT; USED: 092FH BYTE (57%) *
******************************************************************************

Program Size: data=43.6 xdata=4464 code=2283
LINK/LOCATE RUN COMPLETE.  0 WARNING(S),  0 ERROR(S)
