<?xml version="1.0"?>
<link_info>
   <banner>MSP430 Linker PC v4.1.5</banner>
   <copyright>Copyright (c) 2003-2013 Texas Instruments Incorporated</copyright>
   <link_time>0x54609a8a</link_time>
   <output_file>ads62p49_fj2207.out</output_file>
   <entry_point>
      <name>_c_int00</name>
      <address>0x366a</address>
   </entry_point>
   <input_file_list>
      <input_file id="fl-2">
         <path>.\</path>
         <kind>object</kind>
         <file>msp430_gpio.obj</file>
         <name>msp430_gpio.obj</name>
      </input_file>
      <input_file id="fl-3">
         <path>.\</path>
         <kind>object</kind>
         <file>main.obj</file>
         <name>main.obj</name>
      </input_file>
      <input_file id="fl-4">
         <path>.\</path>
         <kind>object</kind>
         <file>lcd_16x2.obj</file>
         <name>lcd_16x2.obj</name>
      </input_file>
      <input_file id="fl-5">
         <path>.\</path>
         <kind>object</kind>
         <file>i2c.obj</file>
         <name>i2c.obj</name>
      </input_file>
      <input_file id="fl-6">
         <path>.\</path>
         <kind>object</kind>
         <file>gpio_pin.obj</file>
         <name>gpio_pin.obj</name>
      </input_file>
      <input_file id="fl-7">
         <path>.\</path>
         <kind>object</kind>
         <file>fj2207.obj</file>
         <name>fj2207.obj</name>
      </input_file>
      <input_file id="fl-8">
         <path>.\</path>
         <kind>object</kind>
         <file>dvbt2_fifo.obj</file>
         <name>dvbt2_fifo.obj</name>
      </input_file>
      <input_file id="fl-9">
         <path>.\</path>
         <kind>object</kind>
         <file>dac8830.obj</file>
         <name>dac8830.obj</name>
      </input_file>
      <input_file id="fl-a">
         <path>.\</path>
         <kind>object</kind>
         <file>cdce62005.obj</file>
         <name>cdce62005.obj</name>
      </input_file>
      <input_file id="fl-b">
         <path>.\</path>
         <kind>object</kind>
         <file>bitbang.obj</file>
         <name>bitbang.obj</name>
      </input_file>
      <input_file id="fl-c">
         <path>.\</path>
         <kind>object</kind>
         <file>ads62p49.obj</file>
         <name>ads62p49.obj</name>
      </input_file>
      <input_file id="fl-26">
         <path>C:\ti\ccsv5\tools\compiler\msp430_4.1.5\lib\</path>
         <kind>archive</kind>
         <file>rts430x.lib</file>
         <name>assert.obj</name>
      </input_file>
      <input_file id="fl-27">
         <path>C:\ti\ccsv5\tools\compiler\msp430_4.1.5\lib\</path>
         <kind>archive</kind>
         <file>rts430x.lib</file>
         <name>boot.obj</name>
      </input_file>
      <input_file id="fl-28">
         <path>C:\ti\ccsv5\tools\compiler\msp430_4.1.5\lib\</path>
         <kind>archive</kind>
         <file>rts430x.lib</file>
         <name>copy_decompress_none.obj</name>
      </input_file>
      <input_file id="fl-29">
         <path>C:\ti\ccsv5\tools\compiler\msp430_4.1.5\lib\</path>
         <kind>archive</kind>
         <file>rts430x.lib</file>
         <name>copy_decompress_rle.obj</name>
      </input_file>
      <input_file id="fl-2a">
         <path>C:\ti\ccsv5\tools\compiler\msp430_4.1.5\lib\</path>
         <kind>archive</kind>
         <file>rts430x.lib</file>
         <name>copy_zero_init.obj</name>
      </input_file>
      <input_file id="fl-2b">
         <path>C:\ti\ccsv5\tools\compiler\msp430_4.1.5\lib\</path>
         <kind>archive</kind>
         <file>rts430x.lib</file>
         <name>cpy_util.obj</name>
      </input_file>
      <input_file id="fl-2c">
         <path>C:\ti\ccsv5\tools\compiler\msp430_4.1.5\lib\</path>
         <kind>archive</kind>
         <file>rts430x.lib</file>
         <name>defs.obj</name>
      </input_file>
      <input_file id="fl-2d">
         <path>C:\ti\ccsv5\tools\compiler\msp430_4.1.5\lib\</path>
         <kind>archive</kind>
         <file>rts430x.lib</file>
         <name>div16u.obj</name>
      </input_file>
      <input_file id="fl-2e">
         <path>C:\ti\ccsv5\tools\compiler\msp430_4.1.5\lib\</path>
         <kind>archive</kind>
         <file>rts430x.lib</file>
         <name>div32u.obj</name>
      </input_file>
      <input_file id="fl-2f">
         <path>C:\ti\ccsv5\tools\compiler\msp430_4.1.5\lib\</path>
         <kind>archive</kind>
         <file>rts430x.lib</file>
         <name>exit.obj</name>
      </input_file>
      <input_file id="fl-30">
         <path>C:\ti\ccsv5\tools\compiler\msp430_4.1.5\lib\</path>
         <kind>archive</kind>
         <file>rts430x.lib</file>
         <name>fflush.obj</name>
      </input_file>
      <input_file id="fl-31">
         <path>C:\ti\ccsv5\tools\compiler\msp430_4.1.5\lib\</path>
         <kind>archive</kind>
         <file>rts430x.lib</file>
         <name>fprintf.obj</name>
      </input_file>
      <input_file id="fl-32">
         <path>C:\ti\ccsv5\tools\compiler\msp430_4.1.5\lib\</path>
         <kind>archive</kind>
         <file>rts430x.lib</file>
         <name>fputc.obj</name>
      </input_file>
      <input_file id="fl-33">
         <path>C:\ti\ccsv5\tools\compiler\msp430_4.1.5\lib\</path>
         <kind>archive</kind>
         <file>rts430x.lib</file>
         <name>fputs.obj</name>
      </input_file>
      <input_file id="fl-34">
         <path>C:\ti\ccsv5\tools\compiler\msp430_4.1.5\lib\</path>
         <kind>archive</kind>
         <file>rts430x.lib</file>
         <name>fs_add.obj</name>
      </input_file>
      <input_file id="fl-35">
         <path>C:\ti\ccsv5\tools\compiler\msp430_4.1.5\lib\</path>
         <kind>archive</kind>
         <file>rts430x.lib</file>
         <name>fs_cmp.obj</name>
      </input_file>
      <input_file id="fl-36">
         <path>C:\ti\ccsv5\tools\compiler\msp430_4.1.5\lib\</path>
         <kind>archive</kind>
         <file>rts430x.lib</file>
         <name>lowlev.obj</name>
      </input_file>
      <input_file id="fl-37">
         <path>C:\ti\ccsv5\tools\compiler\msp430_4.1.5\lib\</path>
         <kind>archive</kind>
         <file>rts430x.lib</file>
         <name>lsl16.obj</name>
      </input_file>
      <input_file id="fl-38">
         <path>C:\ti\ccsv5\tools\compiler\msp430_4.1.5\lib\</path>
         <kind>archive</kind>
         <file>rts430x.lib</file>
         <name>lsl32.obj</name>
      </input_file>
      <input_file id="fl-39">
         <path>C:\ti\ccsv5\tools\compiler\msp430_4.1.5\lib\</path>
         <kind>archive</kind>
         <file>rts430x.lib</file>
         <name>lsr32.obj</name>
      </input_file>
      <input_file id="fl-3a">
         <path>C:\ti\ccsv5\tools\compiler\msp430_4.1.5\lib\</path>
         <kind>archive</kind>
         <file>rts430x.lib</file>
         <name>memchr.obj</name>
      </input_file>
      <input_file id="fl-3b">
         <path>C:\ti\ccsv5\tools\compiler\msp430_4.1.5\lib\</path>
         <kind>archive</kind>
         <file>rts430x.lib</file>
         <name>memcpy.obj</name>
      </input_file>
      <input_file id="fl-3c">
         <path>C:\ti\ccsv5\tools\compiler\msp430_4.1.5\lib\</path>
         <kind>archive</kind>
         <file>rts430x.lib</file>
         <name>pre_init.obj</name>
      </input_file>
      <input_file id="fl-3d">
         <path>C:\ti\ccsv5\tools\compiler\msp430_4.1.5\lib\</path>
         <kind>archive</kind>
         <file>rts430x.lib</file>
         <name>strchr.obj</name>
      </input_file>
      <input_file id="fl-3e">
         <path>C:\ti\ccsv5\tools\compiler\msp430_4.1.5\lib\</path>
         <kind>archive</kind>
         <file>rts430x.lib</file>
         <name>strcmp.obj</name>
      </input_file>
      <input_file id="fl-3f">
         <path>C:\ti\ccsv5\tools\compiler\msp430_4.1.5\lib\</path>
         <kind>archive</kind>
         <file>rts430x.lib</file>
         <name>strlen.obj</name>
      </input_file>
      <input_file id="fl-40">
         <path>C:\ti\ccsv5\tools\compiler\msp430_4.1.5\lib\</path>
         <kind>archive</kind>
         <file>rts430x.lib</file>
         <name>strncpy.obj</name>
      </input_file>
      <input_file id="fl-41">
         <path>C:\ti\ccsv5\tools\compiler\msp430_4.1.5\lib\</path>
         <kind>archive</kind>
         <file>rts430x.lib</file>
         <name>trgdrv.obj</name>
      </input_file>
      <input_file id="fl-42">
         <path>C:\ti\ccsv5\tools\compiler\msp430_4.1.5\lib\</path>
         <kind>archive</kind>
         <file>rts430x.lib</file>
         <name>trgmsg.obj</name>
      </input_file>
      <input_file id="fl-43">
         <path>C:\ti\ccsv5\tools\compiler\msp430_4.1.5\lib\</path>
         <kind>archive</kind>
         <file>rts430x.lib</file>
         <name>_io_perm.obj</name>
      </input_file>
      <input_file id="fl-44">
         <path>C:\ti\ccsv5\tools\compiler\msp430_4.1.5\lib\</path>
         <kind>archive</kind>
         <file>rts430x.lib</file>
         <name>_lock.obj</name>
      </input_file>
      <input_file id="fl-45">
         <path>C:\ti\ccsv5\tools\compiler\msp430_4.1.5\lib\</path>
         <kind>archive</kind>
         <file>rts430x.lib</file>
         <name>_printfi_min.obj</name>
      </input_file>
      <input_file id="fl-46">
         <path>C:\ti\ccsv5\tools\compiler\msp430_4.1.5\lib\</path>
         <kind>archive</kind>
         <file>rts430x.lib</file>
         <name>args_main.obj</name>
      </input_file>
      <input_file id="fl-47">
         <path>C:\ti\ccsv5\tools\compiler\msp430_4.1.5\lib\</path>
         <kind>archive</kind>
         <file>rts430x.lib</file>
         <name>autoinit.obj</name>
      </input_file>
      <input_file id="fl-48">
         <path>C:\ti\ccsv5\tools\compiler\msp430_4.1.5\lib\</path>
         <kind>archive</kind>
         <file>rts430x.lib</file>
         <name>fseek.obj</name>
      </input_file>
      <input_file id="fl-49">
         <path>C:\ti\ccsv5\tools\compiler\msp430_4.1.5\lib\</path>
         <kind>archive</kind>
         <file>rts430x.lib</file>
         <name>memccpy.obj</name>
      </input_file>
      <input_file id="fl-4a">
         <path>C:\ti\ccsv5\tools\compiler\msp430_4.1.5\lib\</path>
         <kind>archive</kind>
         <file>rts430x.lib</file>
         <name>memset.obj</name>
      </input_file>
      <input_file id="fl-4b">
         <path>C:\ti\ccsv5\tools\compiler\msp430_4.1.5\lib\</path>
         <kind>archive</kind>
         <file>rts430x.lib</file>
         <name>mult16_hw.obj</name>
      </input_file>
      <input_file id="fl-4c">
         <path>C:\ti\ccsv5\tools\compiler\msp430_4.1.5\lib\</path>
         <kind>archive</kind>
         <file>rts430x.lib</file>
         <name>setvbuf.obj</name>
      </input_file>
      <input_file id="fl-4d">
         <path>C:\ti\ccsv5\tools\compiler\msp430_4.1.5\lib\</path>
         <kind>archive</kind>
         <file>rts430x.lib</file>
         <name>strcpy.obj</name>
      </input_file>
      <input_file id="fl-4e">
         <path>C:\ti\ccsv5\tools\compiler\msp430_4.1.5\lib\</path>
         <kind>archive</kind>
         <file>rts430x.lib</file>
         <name>fopen.obj</name>
      </input_file>
      <input_file id="fl-4f">
         <path>C:\ti\ccsv5\tools\compiler\msp430_4.1.5\lib\</path>
         <kind>archive</kind>
         <file>rts430x.lib</file>
         <name>memory.obj</name>
      </input_file>
      <input_file id="fl-50">
         <path>C:\ti\ccsv5\tools\compiler\msp430_4.1.5\lib\</path>
         <kind>archive</kind>
         <file>rts430x.lib</file>
         <name>fclose.obj</name>
      </input_file>
      <input_file id="fl-51">
         <path>C:\ti\ccsv5\tools\compiler\msp430_4.1.5\lib\</path>
         <kind>archive</kind>
         <file>rts430x.lib</file>
         <name>remove.obj</name>
      </input_file>
   </input_file_list>
   <object_component_list>
      <object_component id="oc-32">
         <name>.bss</name>
         <uninitialized>true</uninitialized>
         <run_address>0x1100</run_address>
         <size>0x50a</size>
         <input_file_ref idref="fl-3"/>
      </object_component>
      <object_component id="oc-4c">
         <name>.bss</name>
         <uninitialized>true</uninitialized>
         <run_address>0x17d2</run_address>
         <size>0xa</size>
         <input_file_ref idref="fl-8"/>
      </object_component>
      <object_component id="oc-55">
         <name>.bss</name>
         <uninitialized>true</uninitialized>
         <run_address>0x17c6</run_address>
         <size>0xc</size>
         <input_file_ref idref="fl-a"/>
      </object_component>
      <object_component id="oc-5f">
         <name>.bss</name>
         <uninitialized>true</uninitialized>
         <run_address>0x17fc</run_address>
         <size>0x3</size>
         <input_file_ref idref="fl-c"/>
      </object_component>
      <object_component id="oc-69">
         <name>.bss</name>
         <uninitialized>true</uninitialized>
         <run_address>0x17e4</run_address>
         <size>0x8</size>
         <input_file_ref idref="fl-27"/>
      </object_component>
      <object_component id="oc-7b">
         <name>.bss</name>
         <uninitialized>true</uninitialized>
         <run_address>0x160a</run_address>
         <size>0x11a</size>
         <input_file_ref idref="fl-2c"/>
      </object_component>
      <object_component id="oc-9f">
         <name>.bss</name>
         <uninitialized>true</uninitialized>
         <run_address>0x1724</run_address>
         <size>0xa2</size>
         <input_file_ref idref="fl-36"/>
      </object_component>
      <object_component id="oc-c3">
         <name>.bss</name>
         <uninitialized>true</uninitialized>
         <run_address>0x17f4</run_address>
         <size>0x8</size>
         <input_file_ref idref="fl-41"/>
      </object_component>
      <object_component id="oc-ce">
         <name>.bss</name>
         <uninitialized>true</uninitialized>
         <run_address>0x17dc</run_address>
         <size>0x8</size>
         <input_file_ref idref="fl-44"/>
      </object_component>
      <object_component id="oc-ef">
         <name>.bss</name>
         <uninitialized>true</uninitialized>
         <run_address>0x1800</run_address>
         <size>0x2</size>
         <input_file_ref idref="fl-4e"/>
      </object_component>
      <object_component id="oc-f4">
         <name>.bss</name>
         <uninitialized>true</uninitialized>
         <run_address>0x17ec</run_address>
         <size>0x8</size>
         <input_file_ref idref="fl-4f"/>
      </object_component>
      <object_component id="oc-f7">
         <name>.sysmem</name>
         <uninitialized>true</uninitialized>
         <run_address>0x1924</run_address>
         <size>0x4</size>
         <input_file_ref idref="fl-4f"/>
      </object_component>
      <object_component id="oc-1ca">
         <name>.sysmem</name>
         <uninitialized>true</uninitialized>
         <run_address>0x1924</run_address>
         <size>0x0</size>
      </object_component>
      <object_component id="oc-6b">
         <name>.stack</name>
         <uninitialized>true</uninitialized>
         <run_address>0x30b0</run_address>
         <size>0x2</size>
         <input_file_ref idref="fl-27"/>
      </object_component>
      <object_component id="oc-1c9">
         <name>.stack</name>
         <uninitialized>true</uninitialized>
         <run_address>0x30b0</run_address>
         <size>0x0</size>
      </object_component>
      <object_component id="oc-158">
         <name>.text:fj2207_write_field</name>
         <load_address>0x36cc</load_address>
         <run_address>0x36cc</run_address>
         <size>0xdc2</size>
         <input_file_ref idref="fl-7"/>
      </object_component>
      <object_component id="oc-16d">
         <name>.text:fj2207_read_field</name>
         <load_address>0x448e</load_address>
         <run_address>0x448e</run_address>
         <size>0xc78</size>
         <input_file_ref idref="fl-7"/>
      </object_component>
      <object_component id="oc-103">
         <name>.text:main</name>
         <load_address>0x5106</load_address>
         <run_address>0x5106</run_address>
         <size>0x454</size>
         <input_file_ref idref="fl-3"/>
      </object_component>
      <object_component id="oc-121">
         <name>.text:cdce62005_configure_output</name>
         <load_address>0x555a</load_address>
         <run_address>0x555a</run_address>
         <size>0x2f0</size>
         <input_file_ref idref="fl-a"/>
      </object_component>
      <object_component id="oc-131">
         <name>.text:fj2207_set</name>
         <load_address>0x584a</load_address>
         <run_address>0x584a</run_address>
         <size>0x25c</size>
         <input_file_ref idref="fl-7"/>
      </object_component>
      <object_component id="oc-120">
         <name>.text:cdce62005_basic_pll_setup</name>
         <load_address>0x5aa6</load_address>
         <run_address>0x5aa6</run_address>
         <size>0x218</size>
         <input_file_ref idref="fl-a"/>
      </object_component>
      <object_component id="oc-119">
         <name>.text:lcd_init</name>
         <load_address>0x5cbe</load_address>
         <run_address>0x5cbe</run_address>
         <size>0x200</size>
         <input_file_ref idref="fl-4"/>
      </object_component>
      <object_component id="oc-144">
         <name>.text:cdce62005_disable_all_outputs</name>
         <load_address>0x5ebe</load_address>
         <run_address>0x5ebe</run_address>
         <size>0x1e6</size>
         <input_file_ref idref="fl-a"/>
      </object_component>
      <object_component id="oc-143">
         <name>.text:lcd_write_char</name>
         <load_address>0x60a4</load_address>
         <run_address>0x60a4</run_address>
         <size>0x186</size>
         <input_file_ref idref="fl-4"/>
      </object_component>
      <object_component id="oc-11d">
         <name>.text:lcd_write_cmd</name>
         <load_address>0x622a</load_address>
         <run_address>0x622a</run_address>
         <size>0x186</size>
         <input_file_ref idref="fl-4"/>
      </object_component>
      <object_component id="oc-138">
         <name>.text:update_lcd</name>
         <load_address>0x63b0</load_address>
         <run_address>0x63b0</run_address>
         <size>0x176</size>
         <input_file_ref idref="fl-3"/>
      </object_component>
      <object_component id="oc-141">
         <name>.text:lcd_define_kt_logo</name>
         <load_address>0x6526</load_address>
         <run_address>0x6526</run_address>
         <size>0x156</size>
         <input_file_ref idref="fl-4"/>
      </object_component>
      <object_component id="oc-97">
         <name>.text</name>
         <load_address>0x667c</load_address>
         <run_address>0x667c</run_address>
         <size>0x130</size>
         <input_file_ref idref="fl-34"/>
      </object_component>
      <object_component id="oc-179">
         <name>.text:_setfield</name>
         <load_address>0x67ac</load_address>
         <run_address>0x67ac</run_address>
         <size>0x10e</size>
         <input_file_ref idref="fl-45"/>
      </object_component>
      <object_component id="oc-122">
         <name>.text:cdce62005_enable_output</name>
         <load_address>0x68ba</load_address>
         <run_address>0x68ba</run_address>
         <size>0x102</size>
         <input_file_ref idref="fl-a"/>
      </object_component>
      <object_component id="oc-177">
         <name>.text:fputs</name>
         <load_address>0x69bc</load_address>
         <run_address>0x69bc</run_address>
         <size>0xde</size>
         <input_file_ref idref="fl-33"/>
      </object_component>
      <object_component id="oc-183">
         <name>.text:setvbuf</name>
         <load_address>0x6a9a</load_address>
         <run_address>0x6a9a</run_address>
         <size>0xc4</size>
         <input_file_ref idref="fl-4c"/>
      </object_component>
      <object_component id="oc-174">
         <name>.text:_printfi_minimal</name>
         <load_address>0x6b5e</load_address>
         <run_address>0x6b5e</run_address>
         <size>0xc0</size>
         <input_file_ref idref="fl-45"/>
      </object_component>
      <object_component id="oc-188">
         <name>.text:malloc</name>
         <load_address>0x6c1e</load_address>
         <run_address>0x6c1e</run_address>
         <size>0xa6</size>
         <input_file_ref idref="fl-4f"/>
      </object_component>
      <object_component id="oc-11c">
         <name>.text:lcd_write_unsigned_number</name>
         <load_address>0x6cc4</load_address>
         <run_address>0x6cc4</run_address>
         <size>0xa0</size>
         <input_file_ref idref="fl-4"/>
      </object_component>
      <object_component id="oc-159">
         <name>.text:i2c_choose_device</name>
         <load_address>0x6d64</load_address>
         <run_address>0x6d64</run_address>
         <size>0x9a</size>
         <input_file_ref idref="fl-5"/>
      </object_component>
      <object_component id="oc-11f">
         <name>.text:cdce62005_init</name>
         <load_address>0x6dfe</load_address>
         <run_address>0x6dfe</run_address>
         <size>0x98</size>
         <input_file_ref idref="fl-a"/>
      </object_component>
      <object_component id="oc-140">
         <name>.text:lcd_write_init</name>
         <load_address>0x6e96</load_address>
         <run_address>0x6e96</run_address>
         <size>0x94</size>
         <input_file_ref idref="fl-4"/>
      </object_component>
      <object_component id="oc-178">
         <name>.text:fputc</name>
         <load_address>0x6f2a</load_address>
         <run_address>0x6f2a</run_address>
         <size>0x8c</size>
         <input_file_ref idref="fl-32"/>
      </object_component>
      <object_component id="oc-112">
         <name>.text:HOSTlseek</name>
         <load_address>0x6fb6</load_address>
         <run_address>0x6fb6</run_address>
         <size>0x86</size>
         <input_file_ref idref="fl-41"/>
      </object_component>
      <object_component id="oc-187">
         <name>.text:free</name>
         <load_address>0x703c</load_address>
         <run_address>0x703c</run_address>
         <size>0x80</size>
         <input_file_ref idref="fl-4f"/>
      </object_component>
      <object_component id="oc-17d">
         <name>.text:_wrt_ok</name>
         <load_address>0x70bc</load_address>
         <run_address>0x70bc</run_address>
         <size>0x7a</size>
         <input_file_ref idref="fl-43"/>
      </object_component>
      <object_component id="oc-15a">
         <name>.text:i2c_write_byte</name>
         <load_address>0x7136</load_address>
         <run_address>0x7136</run_address>
         <size>0x6e</size>
         <input_file_ref idref="fl-5"/>
      </object_component>
      <object_component id="oc-114">
         <name>.text:HOSTrename</name>
         <load_address>0x71a4</load_address>
         <run_address>0x71a4</run_address>
         <size>0x6a</size>
         <input_file_ref idref="fl-41"/>
      </object_component>
      <object_component id="oc-182">
         <name>.text:fseek</name>
         <load_address>0x720e</load_address>
         <run_address>0x720e</run_address>
         <size>0x6a</size>
         <input_file_ref idref="fl-48"/>
      </object_component>
      <object_component id="oc-123">
         <name>.text:cdce62005_write_config</name>
         <load_address>0x7278</load_address>
         <run_address>0x7278</run_address>
         <size>0x64</size>
         <input_file_ref idref="fl-a"/>
      </object_component>
      <object_component id="oc-10e">
         <name>.text:HOSTopen</name>
         <load_address>0x72dc</load_address>
         <run_address>0x72dc</run_address>
         <size>0x62</size>
         <input_file_ref idref="fl-41"/>
      </object_component>
      <object_component id="oc-175">
         <name>.text:_doflush</name>
         <load_address>0x733e</load_address>
         <run_address>0x733e</run_address>
         <size>0x62</size>
         <input_file_ref idref="fl-30"/>
      </object_component>
      <object_component id="oc-18c">
         <name>.text:_closefile</name>
         <load_address>0x73a0</load_address>
         <run_address>0x73a0</run_address>
         <size>0x60</size>
         <input_file_ref idref="fl-50"/>
      </object_component>
      <object_component id="oc-111">
         <name>.text:HOSTwrite</name>
         <load_address>0x7400</load_address>
         <run_address>0x7400</run_address>
         <size>0x5e</size>
         <input_file_ref idref="fl-41"/>
      </object_component>
      <object_component id="oc-110">
         <name>.text:HOSTread</name>
         <load_address>0x745e</load_address>
         <run_address>0x745e</run_address>
         <size>0x5c</size>
         <input_file_ref idref="fl-41"/>
      </object_component>
      <object_component id="oc-118">
         <name>.text:dac_write_word</name>
         <load_address>0x74ba</load_address>
         <run_address>0x74ba</run_address>
         <size>0x5a</size>
         <input_file_ref idref="fl-9"/>
      </object_component>
      <object_component id="oc-176">
         <name>.text:fj2207_get_byte_register</name>
         <load_address>0x7514</load_address>
         <run_address>0x7514</run_address>
         <size>0x58</size>
         <input_file_ref idref="fl-7"/>
      </object_component>
      <object_component id="oc-83">
         <name>.text</name>
         <load_address>0x756c</load_address>
         <run_address>0x756c</run_address>
         <size>0x58</size>
         <input_file_ref idref="fl-2e"/>
      </object_component>
      <object_component id="oc-185">
         <name>.text:_ltostr</name>
         <load_address>0x75c4</load_address>
         <run_address>0x75c4</run_address>
         <size>0x52</size>
         <input_file_ref idref="fl-45"/>
      </object_component>
      <object_component id="oc-190">
         <name>.text:getdevice</name>
         <load_address>0x7616</load_address>
         <run_address>0x7616</run_address>
         <size>0x52</size>
         <input_file_ref idref="fl-36"/>
      </object_component>
      <object_component id="oc-11a">
         <name>.text:lcd_write_kt_logo</name>
         <load_address>0x7668</load_address>
         <run_address>0x7668</run_address>
         <size>0x52</size>
         <input_file_ref idref="fl-4"/>
      </object_component>
      <object_component id="oc-15b">
         <name>.text:int2string</name>
         <load_address>0x76ba</load_address>
         <run_address>0x76ba</run_address>
         <size>0x50</size>
         <input_file_ref idref="fl-3"/>
      </object_component>
      <object_component id="oc-186">
         <name>.text:lseek</name>
         <load_address>0x770a</load_address>
         <run_address>0x770a</run_address>
         <size>0x50</size>
         <input_file_ref idref="fl-36"/>
      </object_component>
      <object_component id="oc-16b">
         <name>.text:_write_byte</name>
         <load_address>0x775a</load_address>
         <run_address>0x775a</run_address>
         <size>0x4e</size>
         <input_file_ref idref="fl-c"/>
      </object_component>
      <object_component id="oc-169">
         <name>.text:_write_byte</name>
         <load_address>0x77a8</load_address>
         <run_address>0x77a8</run_address>
         <size>0x4e</size>
         <input_file_ref idref="fl-a"/>
      </object_component>
      <object_component id="oc-132">
         <name>.text:fj2207_write_byte_register</name>
         <load_address>0x77f6</load_address>
         <run_address>0x77f6</run_address>
         <size>0x4e</size>
         <input_file_ref idref="fl-7"/>
      </object_component>
      <object_component id="oc-180">
         <name>.text:_pproc_diouxp</name>
         <load_address>0x7844</load_address>
         <run_address>0x7844</run_address>
         <size>0x4c</size>
         <input_file_ref idref="fl-45"/>
      </object_component>
      <object_component id="oc-142">
         <name>.text:lcd_set_pos</name>
         <load_address>0x7890</load_address>
         <run_address>0x7890</run_address>
         <size>0x4c</size>
         <input_file_ref idref="fl-4"/>
      </object_component>
      <object_component id="oc-18d">
         <name>.text:close</name>
         <load_address>0x78dc</load_address>
         <run_address>0x78dc</run_address>
         <size>0x4a</size>
         <input_file_ref idref="fl-36"/>
      </object_component>
      <object_component id="oc-9b">
         <name>.text</name>
         <load_address>0x7926</load_address>
         <run_address>0x7926</run_address>
         <size>0x4a</size>
         <input_file_ref idref="fl-35"/>
      </object_component>
      <object_component id="oc-102">
         <name>.text:_auto_init</name>
         <load_address>0x7970</load_address>
         <run_address>0x7970</run_address>
         <size>0x48</size>
         <input_file_ref idref="fl-47"/>
      </object_component>
      <object_component id="oc-162">
         <name>.text:fflush</name>
         <load_address>0x79b8</load_address>
         <run_address>0x79b8</run_address>
         <size>0x48</size>
         <input_file_ref idref="fl-30"/>
      </object_component>
      <object_component id="oc-161">
         <name>.text:fprintf</name>
         <load_address>0x7a00</load_address>
         <run_address>0x7a00</run_address>
         <size>0x48</size>
         <input_file_ref idref="fl-31"/>
      </object_component>
      <object_component id="oc-10f">
         <name>.text:HOSTclose</name>
         <load_address>0x7a48</load_address>
         <run_address>0x7a48</run_address>
         <size>0x44</size>
         <input_file_ref idref="fl-41"/>
      </object_component>
      <object_component id="oc-151">
         <name>.text:cdce62005_set_prescaler</name>
         <load_address>0x7a8c</load_address>
         <run_address>0x7a8c</run_address>
         <size>0x44</size>
         <input_file_ref idref="fl-a"/>
      </object_component>
      <object_component id="oc-17b">
         <name>.text:write</name>
         <load_address>0x7ad0</load_address>
         <run_address>0x7ad0</run_address>
         <size>0x44</size>
         <input_file_ref idref="fl-36"/>
      </object_component>
      <object_component id="oc-113">
         <name>.text:HOSTunlink</name>
         <load_address>0x7b14</load_address>
         <run_address>0x7b14</run_address>
         <size>0x42</size>
         <input_file_ref idref="fl-41"/>
      </object_component>
      <object_component id="oc-153">
         <name>.text:cdce62005_spi_write</name>
         <load_address>0x7b56</load_address>
         <run_address>0x7b56</run_address>
         <size>0x42</size>
         <input_file_ref idref="fl-a"/>
      </object_component>
      <object_component id="oc-17a">
         <name>.text:_pproc_str</name>
         <load_address>0x7b98</load_address>
         <run_address>0x7b98</run_address>
         <size>0x40</size>
         <input_file_ref idref="fl-45"/>
      </object_component>
      <object_component id="oc-117">
         <name>.text:dac_spi_init</name>
         <load_address>0x7bd8</load_address>
         <run_address>0x7bd8</run_address>
         <size>0x40</size>
         <input_file_ref idref="fl-9"/>
      </object_component>
      <object_component id="oc-163">
         <name>.text:cdce62005_set_LF_C1</name>
         <load_address>0x7c18</load_address>
         <run_address>0x7c18</run_address>
         <size>0x3e</size>
         <input_file_ref idref="fl-a"/>
      </object_component>
      <object_component id="oc-13d">
         <name>.text:l_lsl_const</name>
         <load_address>0x7c56</load_address>
         <run_address>0x7c56</run_address>
         <size>0x3e</size>
         <input_file_ref idref="fl-38"/>
      </object_component>
      <object_component id="oc-133">
         <name>.text:l_lsr_const</name>
         <load_address>0x7c94</load_address>
         <run_address>0x7c94</run_address>
         <size>0x3e</size>
         <input_file_ref idref="fl-39"/>
      </object_component>
      <object_component id="oc-152">
         <name>.text:cdce62005_loop_filter_init</name>
         <load_address>0x7cd2</load_address>
         <run_address>0x7cd2</run_address>
         <size>0x3c</size>
         <input_file_ref idref="fl-a"/>
      </object_component>
      <object_component id="oc-154">
         <name>.text:cdce62005_vco_calibration</name>
         <load_address>0x7d0e</load_address>
         <run_address>0x7d0e</run_address>
         <size>0x3c</size>
         <input_file_ref idref="fl-a"/>
      </object_component>
      <object_component id="oc-17c">
         <name>.text:i2c_get_byte</name>
         <load_address>0x7d4a</load_address>
         <run_address>0x7d4a</run_address>
         <size>0x38</size>
         <input_file_ref idref="fl-5"/>
      </object_component>
      <object_component id="oc-18b">
         <name>.text:minit</name>
         <load_address>0x7d82</load_address>
         <run_address>0x7d82</run_address>
         <size>0x38</size>
         <input_file_ref idref="fl-4f"/>
      </object_component>
      <object_component id="oc-124">
         <name>.text:ads62p49_init</name>
         <load_address>0x7dba</load_address>
         <run_address>0x7dba</run_address>
         <size>0x34</size>
         <input_file_ref idref="fl-c"/>
      </object_component>
      <object_component id="oc-155">
         <name>.text:ads62p49_spi_write</name>
         <load_address>0x7dee</load_address>
         <run_address>0x7dee</run_address>
         <size>0x34</size>
         <input_file_ref idref="fl-c"/>
      </object_component>
      <object_component id="oc-189">
         <name>.text:_cleanup</name>
         <load_address>0x7e22</load_address>
         <run_address>0x7e22</run_address>
         <size>0x32</size>
         <input_file_ref idref="fl-4e"/>
      </object_component>
      <object_component id="oc-171">
         <name>.text:i2c_get_bit</name>
         <load_address>0x7e54</load_address>
         <run_address>0x7e54</run_address>
         <size>0x32</size>
         <input_file_ref idref="fl-5"/>
      </object_component>
      <object_component id="oc-14e">
         <name>.text:cdce62005_set_input_divider</name>
         <load_address>0x7e86</load_address>
         <run_address>0x7e86</run_address>
         <size>0x30</size>
         <input_file_ref idref="fl-a"/>
      </object_component>
      <object_component id="oc-193">
         <name>.text:finddevice</name>
         <load_address>0x7eb6</load_address>
         <run_address>0x7eb6</run_address>
         <size>0x30</size>
         <input_file_ref idref="fl-36"/>
      </object_component>
      <object_component id="oc-156">
         <name>.text:i2c_init</name>
         <load_address>0x7ee6</load_address>
         <run_address>0x7ee6</run_address>
         <size>0x30</size>
         <input_file_ref idref="fl-5"/>
      </object_component>
      <object_component id="oc-184">
         <name>.text:_getarg_diouxp</name>
         <load_address>0x7f16</load_address>
         <run_address>0x7f16</run_address>
         <size>0x2e</size>
         <input_file_ref idref="fl-45"/>
      </object_component>
      <object_component id="oc-167">
         <name>.text:cdce62005_set_LF_R3</name>
         <load_address>0x7f44</load_address>
         <run_address>0x7f44</run_address>
         <size>0x2e</size>
         <input_file_ref idref="fl-a"/>
      </object_component>
      <object_component id="oc-104">
         <name>.text:exit</name>
         <load_address>0x7f72</load_address>
         <run_address>0x7f72</run_address>
         <size>0x2e</size>
         <input_file_ref idref="fl-2f"/>
      </object_component>
      <object_component id="oc-11b">
         <name>.text:lcd_write_string</name>
         <load_address>0x7fa0</load_address>
         <run_address>0x7fa0</run_address>
         <size>0x2e</size>
         <input_file_ref idref="fl-4"/>
      </object_component>
      <object_component id="oc-13b">
         <name>.text:writemsg</name>
         <load_address>0x7fce</load_address>
         <run_address>0x7fce</run_address>
         <size>0x2e</size>
         <input_file_ref idref="fl-42"/>
      </object_component>
      <object_component id="oc-165">
         <name>.text:cdce62005_set_LF_C3</name>
         <load_address>0x7ffc</load_address>
         <run_address>0x7ffc</run_address>
         <size>0x2c</size>
         <input_file_ref idref="fl-a"/>
      </object_component>
      <object_component id="oc-166">
         <name>.text:cdce62005_set_LF_R2</name>
         <load_address>0x8028</load_address>
         <run_address>0x8028</run_address>
         <size>0x2c</size>
         <input_file_ref idref="fl-a"/>
      </object_component>
      <object_component id="oc-137">
         <name>.text:fifo_pop</name>
         <load_address>0x8054</load_address>
         <run_address>0x8054</run_address>
         <size>0x2c</size>
         <input_file_ref idref="fl-8"/>
      </object_component>
      <object_component id="oc-13c">
         <name>.text:readmsg</name>
         <load_address>0x8080</load_address>
         <run_address>0x8080</run_address>
         <size>0x2c</size>
         <input_file_ref idref="fl-42"/>
      </object_component>
      <object_component id="oc-192">
         <name>.text:strncpy</name>
         <load_address>0x80ac</load_address>
         <run_address>0x80ac</run_address>
         <size>0x2c</size>
         <input_file_ref idref="fl-40"/>
      </object_component>
      <object_component id="oc-164">
         <name>.text:cdce62005_set_LF_C2</name>
         <load_address>0x80d8</load_address>
         <run_address>0x80d8</run_address>
         <size>0x2a</size>
         <input_file_ref idref="fl-a"/>
      </object_component>
      <object_component id="oc-18f">
         <name>.text:unlink</name>
         <load_address>0x8102</load_address>
         <run_address>0x8102</run_address>
         <size>0x2a</size>
         <input_file_ref idref="fl-36"/>
      </object_component>
      <object_component id="oc-148">
         <name>.text:_abort_msg</name>
         <load_address>0x812c</load_address>
         <run_address>0x812c</run_address>
         <size>0x28</size>
         <input_file_ref idref="fl-26"/>
      </object_component>
      <object_component id="oc-157">
         <name>.text:fj2207_read_registers</name>
         <load_address>0x8154</load_address>
         <run_address>0x8154</run_address>
         <size>0x28</size>
         <input_file_ref idref="fl-7"/>
      </object_component>
      <object_component id="oc-129">
         <name>.text:ads62p49_set_test_mode</name>
         <load_address>0x817c</load_address>
         <run_address>0x817c</run_address>
         <size>0x26</size>
         <input_file_ref idref="fl-c"/>
      </object_component>
      <object_component id="oc-146">
         <name>.text:cdce62005_set_LockWindow</name>
         <load_address>0x81a2</load_address>
         <run_address>0x81a2</run_address>
         <size>0x24</size>
         <input_file_ref idref="fl-a"/>
      </object_component>
      <object_component id="oc-16f">
         <name>.text:i2c_send_start_sequence</name>
         <load_address>0x81c6</load_address>
         <run_address>0x81c6</run_address>
         <size>0x24</size>
         <input_file_ref idref="fl-5"/>
      </object_component>
      <object_component id="oc-14c">
         <name>.text:cdce62005_set_SmartMux</name>
         <load_address>0x81ea</load_address>
         <run_address>0x81ea</run_address>
         <size>0x22</size>
         <input_file_ref idref="fl-a"/>
      </object_component>
      <object_component id="oc-147">
         <name>.text:cdce62005_set_cp_current</name>
         <load_address>0x820c</load_address>
         <run_address>0x820c</run_address>
         <size>0x22</size>
         <input_file_ref idref="fl-a"/>
      </object_component>
      <object_component id="oc-150">
         <name>.text:cdce62005_set_feedback_bypass_divider</name>
         <load_address>0x822e</load_address>
         <run_address>0x822e</run_address>
         <size>0x22</size>
         <input_file_ref idref="fl-a"/>
      </object_component>
      <object_component id="oc-12b">
         <name>.text:ads62p49_set_gain</name>
         <load_address>0x8250</load_address>
         <run_address>0x8250</run_address>
         <size>0x20</size>
         <input_file_ref idref="fl-c"/>
      </object_component>
      <object_component id="oc-12c">
         <name>.text:ads62p49_set_offset_corr_time</name>
         <load_address>0x8270</load_address>
         <run_address>0x8270</run_address>
         <size>0x20</size>
         <input_file_ref idref="fl-c"/>
      </object_component>
      <object_component id="oc-12d">
         <name>.text:ads62p49_set_offset_pedestal</name>
         <load_address>0x8290</load_address>
         <run_address>0x8290</run_address>
         <size>0x20</size>
         <input_file_ref idref="fl-c"/>
      </object_component>
      <object_component id="oc-14a">
         <name>.text:cdce62005_pre_divider_sec_ref</name>
         <load_address>0x82b0</load_address>
         <run_address>0x82b0</run_address>
         <size>0x20</size>
         <input_file_ref idref="fl-a"/>
      </object_component>
      <object_component id="oc-14f">
         <name>.text:cdce62005_set_feedback_divider</name>
         <load_address>0x82d0</load_address>
         <run_address>0x82d0</run_address>
         <size>0x20</size>
         <input_file_ref idref="fl-a"/>
      </object_component>
      <object_component id="oc-14b">
         <name>.text:cdce62005_set_input_buff_sel</name>
         <load_address>0x82f0</load_address>
         <run_address>0x82f0</run_address>
         <size>0x20</size>
         <input_file_ref idref="fl-a"/>
      </object_component>
      <object_component id="oc-12a">
         <name>.text:ads62p49_set_offset_correction</name>
         <load_address>0x8310</load_address>
         <run_address>0x8310</run_address>
         <size>0x1e</size>
         <input_file_ref idref="fl-c"/>
      </object_component>
      <object_component id="oc-149">
         <name>.text:cdce62005_pre_divider_pri_ref</name>
         <load_address>0x832e</load_address>
         <run_address>0x832e</run_address>
         <size>0x1e</size>
         <input_file_ref idref="fl-a"/>
      </object_component>
      <object_component id="oc-14d">
         <name>.text:cdce62005_set_VCO_sel</name>
         <load_address>0x834c</load_address>
         <run_address>0x834c</run_address>
         <size>0x1e</size>
         <input_file_ref idref="fl-a"/>
      </object_component>
      <object_component id="oc-16e">
         <name>.text:i2c_send_stop_sequence</name>
         <load_address>0x836a</load_address>
         <run_address>0x836a</run_address>
         <size>0x1c</size>
         <input_file_ref idref="fl-5"/>
      </object_component>
      <object_component id="oc-181">
         <name>.text:memccpy</name>
         <load_address>0x8386</load_address>
         <run_address>0x8386</run_address>
         <size>0x1c</size>
         <input_file_ref idref="fl-49"/>
      </object_component>
      <object_component id="oc-11e">
         <name>.text:SPI_Initialization</name>
         <load_address>0x83a2</load_address>
         <run_address>0x83a2</run_address>
         <size>0x1a</size>
         <input_file_ref idref="fl-3"/>
      </object_component>
      <object_component id="oc-18a">
         <name>.text:_div</name>
         <load_address>0x83bc</load_address>
         <run_address>0x83bc</run_address>
         <size>0x1a</size>
         <input_file_ref idref="fl-45"/>
      </object_component>
      <object_component id="oc-16a">
         <name>.text:ads62p49_spi_chip_enable</name>
         <load_address>0x83d6</load_address>
         <run_address>0x83d6</run_address>
         <size>0x18</size>
         <input_file_ref idref="fl-c"/>
      </object_component>
      <object_component id="oc-168">
         <name>.text:cdce62005_spi_chip_enable</name>
         <load_address>0x83ee</load_address>
         <run_address>0x83ee</run_address>
         <size>0x18</size>
         <input_file_ref idref="fl-a"/>
      </object_component>
      <object_component id="oc-130">
         <name>.text:fj2207_init</name>
         <load_address>0x8406</load_address>
         <run_address>0x8406</run_address>
         <size>0x18</size>
         <input_file_ref idref="fl-7"/>
      </object_component>
      <object_component id="oc-191">
         <name>.text:strchr</name>
         <load_address>0x841e</load_address>
         <run_address>0x841e</run_address>
         <size>0x18</size>
         <input_file_ref idref="fl-3d"/>
      </object_component>
      <object_component id="oc-194">
         <name>.text:strcmp</name>
         <load_address>0x8436</load_address>
         <run_address>0x8436</run_address>
         <size>0x18</size>
         <input_file_ref idref="fl-3e"/>
      </object_component>
      <object_component id="oc-145">
         <name>.text:cdce62005_aux_out_disable</name>
         <load_address>0x844e</load_address>
         <run_address>0x844e</run_address>
         <size>0x16</size>
         <input_file_ref idref="fl-a"/>
      </object_component>
      <object_component id="oc-7f">
         <name>.text</name>
         <load_address>0x8464</load_address>
         <run_address>0x8464</run_address>
         <size>0x16</size>
         <input_file_ref idref="fl-2d"/>
      </object_component>
      <object_component id="oc-e5">
         <name>.text</name>
         <load_address>0x847a</load_address>
         <run_address>0x847a</run_address>
         <size>0x16</size>
         <input_file_ref idref="fl-4b"/>
      </object_component>
      <object_component id="oc-13f">
         <name>.text:delay_us</name>
         <load_address>0x8490</load_address>
         <run_address>0x8490</run_address>
         <size>0x14</size>
         <input_file_ref idref="fl-4"/>
      </object_component>
      <object_component id="oc-17e">
         <name>.text:memchr</name>
         <load_address>0x84a4</load_address>
         <run_address>0x84a4</run_address>
         <size>0x14</size>
         <input_file_ref idref="fl-3a"/>
      </object_component>
      <object_component id="oc-17f">
         <name>.text:memset</name>
         <load_address>0x84b8</load_address>
         <run_address>0x84b8</run_address>
         <size>0x14</size>
         <input_file_ref idref="fl-4a"/>
      </object_component>
      <object_component id="oc-128">
         <name>.text:ads62p49_set_channel_control</name>
         <load_address>0x84cc</load_address>
         <run_address>0x84cc</run_address>
         <size>0x12</size>
         <input_file_ref idref="fl-c"/>
      </object_component>
      <object_component id="oc-134">
         <name>.text:fifo_init</name>
         <load_address>0x84de</load_address>
         <run_address>0x84de</run_address>
         <size>0x12</size>
         <input_file_ref idref="fl-8"/>
      </object_component>
      <object_component id="oc-115">
         <name>.text:memcpy</name>
         <load_address>0x84f0</load_address>
         <run_address>0x84f0</run_address>
         <size>0x12</size>
         <input_file_ref idref="fl-3b"/>
      </object_component>
      <object_component id="oc-109">
         <name>.text:msp430_gpio_get</name>
         <load_address>0x8502</load_address>
         <run_address>0x8502</run_address>
         <size>0x12</size>
         <input_file_ref idref="fl-2"/>
      </object_component>
      <object_component id="oc-105">
         <name>.text:msp430_gpio_init</name>
         <load_address>0x8514</load_address>
         <run_address>0x8514</run_address>
         <size>0x12</size>
         <input_file_ref idref="fl-2"/>
      </object_component>
      <object_component id="oc-125">
         <name>.text:ads62p49_set_low_speed_mode</name>
         <load_address>0x8526</load_address>
         <run_address>0x8526</run_address>
         <size>0x10</size>
         <input_file_ref idref="fl-c"/>
      </object_component>
      <object_component id="oc-126">
         <name>.text:ads62p49_set_lvds_cmos</name>
         <load_address>0x8536</load_address>
         <run_address>0x8536</run_address>
         <size>0x10</size>
         <input_file_ref idref="fl-c"/>
      </object_component>
      <object_component id="oc-127">
         <name>.text:ads62p49_set_power_down_mode</name>
         <load_address>0x8546</load_address>
         <run_address>0x8546</run_address>
         <size>0x10</size>
         <input_file_ref idref="fl-c"/>
      </object_component>
      <object_component id="oc-13e">
         <name>.text:strcpy</name>
         <load_address>0x8556</load_address>
         <run_address>0x8556</run_address>
         <size>0x10</size>
         <input_file_ref idref="fl-4d"/>
      </object_component>
      <object_component id="oc-10c">
         <name>.text:fifo_full</name>
         <load_address>0x8566</load_address>
         <run_address>0x8566</run_address>
         <size>0xe</size>
         <input_file_ref idref="fl-8"/>
      </object_component>
      <object_component id="oc-10d">
         <name>.text:fifo_push</name>
         <load_address>0x8574</load_address>
         <run_address>0x8574</run_address>
         <size>0xe</size>
         <input_file_ref idref="fl-8"/>
      </object_component>
      <object_component id="oc-16c">
         <name>.text:gpio_pin_configure_as_input</name>
         <load_address>0x8582</load_address>
         <run_address>0x8582</run_address>
         <size>0xe</size>
         <input_file_ref idref="fl-6"/>
      </object_component>
      <object_component id="oc-170">
         <name>.text:gpio_pin_configure_as_output</name>
         <load_address>0x8590</load_address>
         <run_address>0x8590</run_address>
         <size>0xe</size>
         <input_file_ref idref="fl-6"/>
      </object_component>
      <object_component id="oc-135">
         <name>.text:gpio_pin_get</name>
         <load_address>0x859e</load_address>
         <run_address>0x859e</run_address>
         <size>0xe</size>
         <input_file_ref idref="fl-6"/>
      </object_component>
      <object_component id="oc-12e">
         <name>.text:gpio_pin_set_highz</name>
         <load_address>0x85ac</load_address>
         <run_address>0x85ac</run_address>
         <size>0xe</size>
         <input_file_ref idref="fl-6"/>
      </object_component>
      <object_component id="oc-13a">
         <name>.text:strlen</name>
         <load_address>0x85ba</load_address>
         <run_address>0x85ba</run_address>
         <size>0xe</size>
         <input_file_ref idref="fl-3f"/>
      </object_component>
      <object_component id="oc-136">
         <name>.text:gpio_pin_clear</name>
         <load_address>0x85c8</load_address>
         <run_address>0x85c8</run_address>
         <size>0xc</size>
         <input_file_ref idref="fl-6"/>
      </object_component>
      <object_component id="oc-12f">
         <name>.text:gpio_pin_set</name>
         <load_address>0x85d4</load_address>
         <run_address>0x85d4</run_address>
         <size>0xc</size>
         <input_file_ref idref="fl-6"/>
      </object_component>
      <object_component id="oc-10a">
         <name>.text:msp430_gpio_configure_as_input</name>
         <load_address>0x85e0</load_address>
         <run_address>0x85e0</run_address>
         <size>0xc</size>
         <input_file_ref idref="fl-2"/>
      </object_component>
      <object_component id="oc-10b">
         <name>.text:msp430_gpio_configure_as_output</name>
         <load_address>0x85ec</load_address>
         <run_address>0x85ec</run_address>
         <size>0xc</size>
         <input_file_ref idref="fl-2"/>
      </object_component>
      <object_component id="oc-116">
         <name>.text:gpio_pin_init</name>
         <load_address>0x85f8</load_address>
         <run_address>0x85f8</run_address>
         <size>0xa</size>
         <input_file_ref idref="fl-6"/>
      </object_component>
      <object_component id="oc-107">
         <name>.text:msp430_gpio_clear</name>
         <load_address>0x8602</load_address>
         <run_address>0x8602</run_address>
         <size>0xa</size>
         <input_file_ref idref="fl-2"/>
      </object_component>
      <object_component id="oc-106">
         <name>.text:msp430_gpio_set</name>
         <load_address>0x860c</load_address>
         <run_address>0x860c</run_address>
         <size>0xa</size>
         <input_file_ref idref="fl-2"/>
      </object_component>
      <object_component id="oc-108">
         <name>.text:msp430_gpio_toggle</name>
         <load_address>0x8616</load_address>
         <run_address>0x8616</run_address>
         <size>0xa</size>
         <input_file_ref idref="fl-2"/>
      </object_component>
      <object_component id="oc-a4">
         <name>.text</name>
         <load_address>0x8620</load_address>
         <run_address>0x8620</run_address>
         <size>0xa</size>
         <input_file_ref idref="fl-37"/>
      </object_component>
      <object_component id="oc-173">
         <name>.text:_outc</name>
         <load_address>0x862a</load_address>
         <run_address>0x862a</run_address>
         <size>0x6</size>
         <input_file_ref idref="fl-31"/>
      </object_component>
      <object_component id="oc-172">
         <name>.text:_outs</name>
         <load_address>0x8630</load_address>
         <run_address>0x8630</run_address>
         <size>0x4</size>
         <input_file_ref idref="fl-31"/>
      </object_component>
      <object_component id="oc-101">
         <name>.text:_system_pre_init</name>
         <load_address>0x8634</load_address>
         <run_address>0x8634</run_address>
         <size>0x4</size>
         <input_file_ref idref="fl-3c"/>
      </object_component>
      <object_component id="oc-139">
         <name>.text:abort</name>
         <load_address>0x8638</load_address>
         <run_address>0x8638</run_address>
         <size>0x4</size>
         <input_file_ref idref="fl-2f"/>
      </object_component>
      <object_component id="oc-18e">
         <name>.text:remove</name>
         <load_address>0x863c</load_address>
         <run_address>0x863c</run_address>
         <size>0x4</size>
         <input_file_ref idref="fl-51"/>
      </object_component>
      <object_component id="oc-100">
         <name>.text:_nop</name>
         <load_address>0x8640</load_address>
         <run_address>0x8640</run_address>
         <size>0x2</size>
         <input_file_ref idref="fl-44"/>
      </object_component>
      <object_component id="oc-2d">
         <name>.text:_isr:_c_int00_noargs</name>
         <load_address>0x366a</load_address>
         <run_address>0x366a</run_address>
         <size>0x38</size>
         <input_file_ref idref="fl-27"/>
      </object_component>
      <object_component id="oc-36">
         <name>.text:_isr:USCIA0RX_ISR</name>
         <load_address>0x36a2</load_address>
         <run_address>0x36a2</run_address>
         <size>0x2a</size>
         <input_file_ref idref="fl-3"/>
      </object_component>
      <object_component id="oc-35">
         <name>.cinit</name>
         <load_address>0x3100</load_address>
         <run_address>0x3100</run_address>
         <size>0x4e6</size>
         <input_file_ref idref="fl-3"/>
      </object_component>
      <object_component id="oc-a1">
         <name>.cinit</name>
         <load_address>0x35e6</load_address>
         <run_address>0x35e6</run_address>
         <size>0x42</size>
         <input_file_ref idref="fl-36"/>
      </object_component>
      <object_component id="oc-7d">
         <name>.cinit</name>
         <load_address>0x3628</load_address>
         <run_address>0x3628</run_address>
         <size>0x2e</size>
         <input_file_ref idref="fl-2c"/>
      </object_component>
      <object_component id="oc-f1">
         <name>.cinit</name>
         <load_address>0x3656</load_address>
         <run_address>0x3656</run_address>
         <size>0x6</size>
         <input_file_ref idref="fl-4e"/>
      </object_component>
      <object_component id="oc-f6">
         <name>.cinit</name>
         <load_address>0x365c</load_address>
         <run_address>0x365c</run_address>
         <size>0x6</size>
         <input_file_ref idref="fl-4f"/>
      </object_component>
      <object_component id="oc-61">
         <name>.cinit</name>
         <load_address>0x3662</load_address>
         <run_address>0x3662</run_address>
         <size>0x5</size>
         <input_file_ref idref="fl-c"/>
      </object_component>
      <object_component id="oc-57">
         <name>.const:.string</name>
         <load_address>0x8642</load_address>
         <run_address>0x8642</run_address>
         <size>0x276</size>
         <input_file_ref idref="fl-a"/>
      </object_component>
      <object_component id="oc-3c">
         <name>.const:.string</name>
         <load_address>0x88b8</load_address>
         <run_address>0x88b8</run_address>
         <size>0xd8</size>
         <input_file_ref idref="fl-4"/>
      </object_component>
      <object_component id="oc-37">
         <name>.const:.string</name>
         <load_address>0x8990</load_address>
         <run_address>0x8990</run_address>
         <size>0x4e</size>
         <input_file_ref idref="fl-3"/>
      </object_component>
      <object_component id="oc-d3">
         <name>.const:.string</name>
         <load_address>0x89de</load_address>
         <run_address>0x89de</run_address>
         <size>0x14</size>
         <input_file_ref idref="fl-45"/>
      </object_component>
      <object_component id="oc-15c">
         <name>.const:.string:$P$T0$1</name>
         <load_address>0x89f2</load_address>
         <run_address>0x89f2</run_address>
         <size>0x8</size>
         <input_file_ref idref="fl-4"/>
      </object_component>
      <object_component id="oc-15d">
         <name>.const:.string:$P$T1$2</name>
         <load_address>0x89fa</load_address>
         <run_address>0x89fa</run_address>
         <size>0x8</size>
         <input_file_ref idref="fl-4"/>
      </object_component>
      <object_component id="oc-15e">
         <name>.const:.string:$P$T2$3</name>
         <load_address>0x8a02</load_address>
         <run_address>0x8a02</run_address>
         <size>0x8</size>
         <input_file_ref idref="fl-4"/>
      </object_component>
      <object_component id="oc-15f">
         <name>.const:.string:$P$T3$4</name>
         <load_address>0x8a0a</load_address>
         <run_address>0x8a0a</run_address>
         <size>0x8</size>
         <input_file_ref idref="fl-4"/>
      </object_component>
      <object_component id="oc-160">
         <name>.const:.string:$P$T4$5</name>
         <load_address>0x8a12</load_address>
         <run_address>0x8a12</run_address>
         <size>0x8</size>
         <input_file_ref idref="fl-4"/>
      </object_component>
      <object_component id="oc-66">
         <name>.const:.string</name>
         <load_address>0x8a1a</load_address>
         <run_address>0x8a1a</run_address>
         <size>0x3</size>
         <input_file_ref idref="fl-26"/>
      </object_component>
      <object_component id="oc-94">
         <name>.const:.string</name>
         <load_address>0x8a1e</load_address>
         <run_address>0x8a1e</run_address>
         <size>0x2</size>
         <input_file_ref idref="fl-33"/>
      </object_component>
      <object_component id="oc-c8">
         <name>.cio</name>
         <uninitialized>true</uninitialized>
         <run_address>0x1802</run_address>
         <size>0x120</size>
         <input_file_ref idref="fl-42"/>
      </object_component>
      <object_component id="oc-34">
         <name>.int25</name>
         <load_address>0xfff2</load_address>
         <run_address>0xfff2</run_address>
         <size>0x2</size>
         <input_file_ref idref="fl-3"/>
      </object_component>
      <object_component id="oc-6c">
         <name>.reset</name>
         <load_address>0xfffe</load_address>
         <run_address>0xfffe</run_address>
         <size>0x2</size>
         <input_file_ref idref="fl-27"/>
      </object_component>
      <object_component id="oc-2e">
         <name>.debug_info</name>
         <load_address>0x0</load_address>
         <run_address>0x0</run_address>
         <size>0x964</size>
         <input_file_ref idref="fl-2"/>
      </object_component>
      <object_component id="oc-33">
         <name>.debug_info</name>
         <load_address>0x964</load_address>
         <run_address>0x964</run_address>
         <size>0x4822</size>
         <input_file_ref idref="fl-3"/>
      </object_component>
      <object_component id="oc-3b">
         <name>.debug_info</name>
         <load_address>0x5186</load_address>
         <run_address>0x5186</run_address>
         <size>0x26b8</size>
         <input_file_ref idref="fl-4"/>
      </object_component>
      <object_component id="oc-40">
         <name>.debug_info</name>
         <load_address>0x783e</load_address>
         <run_address>0x783e</run_address>
         <size>0x1135</size>
         <input_file_ref idref="fl-5"/>
      </object_component>
      <object_component id="oc-44">
         <name>.debug_info</name>
         <load_address>0x8973</load_address>
         <run_address>0x8973</run_address>
         <size>0x8ca</size>
         <input_file_ref idref="fl-6"/>
      </object_component>
      <object_component id="oc-48">
         <name>.debug_info</name>
         <load_address>0x923d</load_address>
         <run_address>0x923d</run_address>
         <size>0x3789</size>
         <input_file_ref idref="fl-7"/>
      </object_component>
      <object_component id="oc-4d">
         <name>.debug_info</name>
         <load_address>0xc9c6</load_address>
         <run_address>0xc9c6</run_address>
         <size>0x519</size>
         <input_file_ref idref="fl-8"/>
      </object_component>
      <object_component id="oc-51">
         <name>.debug_info</name>
         <load_address>0xcedf</load_address>
         <run_address>0xcedf</run_address>
         <size>0x7ee</size>
         <input_file_ref idref="fl-9"/>
      </object_component>
      <object_component id="oc-56">
         <name>.debug_info</name>
         <load_address>0xd6cd</load_address>
         <run_address>0xd6cd</run_address>
         <size>0x40df</size>
         <input_file_ref idref="fl-a"/>
      </object_component>
      <object_component id="oc-5b">
         <name>.debug_info</name>
         <load_address>0x117ac</load_address>
         <run_address>0x117ac</run_address>
         <size>0x224</size>
         <input_file_ref idref="fl-b"/>
      </object_component>
      <object_component id="oc-60">
         <name>.debug_info</name>
         <load_address>0x119d0</load_address>
         <run_address>0x119d0</run_address>
         <size>0x2838</size>
         <input_file_ref idref="fl-c"/>
      </object_component>
      <object_component id="oc-65">
         <name>.debug_info</name>
         <load_address>0x14208</load_address>
         <run_address>0x14208</run_address>
         <size>0x368</size>
         <input_file_ref idref="fl-26"/>
      </object_component>
      <object_component id="oc-6a">
         <name>.debug_info</name>
         <load_address>0x14570</load_address>
         <run_address>0x14570</run_address>
         <size>0x431</size>
         <input_file_ref idref="fl-27"/>
      </object_component>
      <object_component id="oc-6f">
         <name>.debug_info</name>
         <load_address>0x149a1</load_address>
         <run_address>0x149a1</run_address>
         <size>0x269</size>
         <input_file_ref idref="fl-28"/>
      </object_component>
      <object_component id="oc-72">
         <name>.debug_info</name>
         <load_address>0x14c0a</load_address>
         <run_address>0x14c0a</run_address>
         <size>0x265</size>
         <input_file_ref idref="fl-29"/>
      </object_component>
      <object_component id="oc-75">
         <name>.debug_info</name>
         <load_address>0x14e6f</load_address>
         <run_address>0x14e6f</run_address>
         <size>0x26c</size>
         <input_file_ref idref="fl-2a"/>
      </object_component>
      <object_component id="oc-78">
         <name>.debug_info</name>
         <load_address>0x150db</load_address>
         <run_address>0x150db</run_address>
         <size>0x8b</size>
         <input_file_ref idref="fl-2b"/>
      </object_component>
      <object_component id="oc-7c">
         <name>.debug_info</name>
         <load_address>0x15166</load_address>
         <run_address>0x15166</run_address>
         <size>0x2d0</size>
         <input_file_ref idref="fl-2c"/>
      </object_component>
      <object_component id="oc-80">
         <name>.debug_info</name>
         <load_address>0x15436</load_address>
         <run_address>0x15436</run_address>
         <size>0xb8</size>
         <input_file_ref idref="fl-2d"/>
      </object_component>
      <object_component id="oc-84">
         <name>.debug_info</name>
         <load_address>0x154ee</load_address>
         <run_address>0x154ee</run_address>
         <size>0xba</size>
         <input_file_ref idref="fl-2e"/>
      </object_component>
      <object_component id="oc-87">
         <name>.debug_info</name>
         <load_address>0x155a8</load_address>
         <run_address>0x155a8</run_address>
         <size>0x340</size>
         <input_file_ref idref="fl-2f"/>
      </object_component>
      <object_component id="oc-8a">
         <name>.debug_info</name>
         <load_address>0x158e8</load_address>
         <run_address>0x158e8</run_address>
         <size>0x448</size>
         <input_file_ref idref="fl-30"/>
      </object_component>
      <object_component id="oc-8d">
         <name>.debug_info</name>
         <load_address>0x15d30</load_address>
         <run_address>0x15d30</run_address>
         <size>0x4d5</size>
         <input_file_ref idref="fl-31"/>
      </object_component>
      <object_component id="oc-90">
         <name>.debug_info</name>
         <load_address>0x16205</load_address>
         <run_address>0x16205</run_address>
         <size>0x3c9</size>
         <input_file_ref idref="fl-32"/>
      </object_component>
      <object_component id="oc-93">
         <name>.debug_info</name>
         <load_address>0x165ce</load_address>
         <run_address>0x165ce</run_address>
         <size>0x564</size>
         <input_file_ref idref="fl-33"/>
      </object_component>
      <object_component id="oc-98">
         <name>.debug_info</name>
         <load_address>0x16b32</load_address>
         <run_address>0x16b32</run_address>
         <size>0xbc</size>
         <input_file_ref idref="fl-34"/>
      </object_component>
      <object_component id="oc-9c">
         <name>.debug_info</name>
         <load_address>0x16bee</load_address>
         <run_address>0x16bee</run_address>
         <size>0xc8</size>
         <input_file_ref idref="fl-35"/>
      </object_component>
      <object_component id="oc-a0">
         <name>.debug_info</name>
         <load_address>0x16cb6</load_address>
         <run_address>0x16cb6</run_address>
         <size>0x93b</size>
         <input_file_ref idref="fl-36"/>
      </object_component>
      <object_component id="oc-a5">
         <name>.debug_info</name>
         <load_address>0x175f1</load_address>
         <run_address>0x175f1</run_address>
         <size>0xb5</size>
         <input_file_ref idref="fl-37"/>
      </object_component>
      <object_component id="oc-a8">
         <name>.debug_info</name>
         <load_address>0x176a6</load_address>
         <run_address>0x176a6</run_address>
         <size>0xbb</size>
         <input_file_ref idref="fl-38"/>
      </object_component>
      <object_component id="oc-ab">
         <name>.debug_info</name>
         <load_address>0x17761</load_address>
         <run_address>0x17761</run_address>
         <size>0xbb</size>
         <input_file_ref idref="fl-39"/>
      </object_component>
      <object_component id="oc-ae">
         <name>.debug_info</name>
         <load_address>0x1781c</load_address>
         <run_address>0x1781c</run_address>
         <size>0x2e4</size>
         <input_file_ref idref="fl-3a"/>
      </object_component>
      <object_component id="oc-b1">
         <name>.debug_info</name>
         <load_address>0x17b00</load_address>
         <run_address>0x17b00</run_address>
         <size>0x2a6</size>
         <input_file_ref idref="fl-3b"/>
      </object_component>
      <object_component id="oc-b4">
         <name>.debug_info</name>
         <load_address>0x17da6</load_address>
         <run_address>0x17da6</run_address>
         <size>0x224</size>
         <input_file_ref idref="fl-3c"/>
      </object_component>
      <object_component id="oc-b7">
         <name>.debug_info</name>
         <load_address>0x17fca</load_address>
         <run_address>0x17fca</run_address>
         <size>0x2f8</size>
         <input_file_ref idref="fl-3d"/>
      </object_component>
      <object_component id="oc-ba">
         <name>.debug_info</name>
         <load_address>0x182c2</load_address>
         <run_address>0x182c2</run_address>
         <size>0x2f1</size>
         <input_file_ref idref="fl-3e"/>
      </object_component>
      <object_component id="oc-bd">
         <name>.debug_info</name>
         <load_address>0x185b3</load_address>
         <run_address>0x185b3</run_address>
         <size>0x2dc</size>
         <input_file_ref idref="fl-3f"/>
      </object_component>
      <object_component id="oc-c0">
         <name>.debug_info</name>
         <load_address>0x1888f</load_address>
         <run_address>0x1888f</run_address>
         <size>0x36a</size>
         <input_file_ref idref="fl-40"/>
      </object_component>
      <object_component id="oc-c4">
         <name>.debug_info</name>
         <load_address>0x18bf9</load_address>
         <run_address>0x18bf9</run_address>
         <size>0x7f5</size>
         <input_file_ref idref="fl-41"/>
      </object_component>
      <object_component id="oc-c7">
         <name>.debug_info</name>
         <load_address>0x193ee</load_address>
         <run_address>0x193ee</run_address>
         <size>0x453</size>
         <input_file_ref idref="fl-42"/>
      </object_component>
      <object_component id="oc-cb">
         <name>.debug_info</name>
         <load_address>0x19841</load_address>
         <run_address>0x19841</run_address>
         <size>0x342</size>
         <input_file_ref idref="fl-43"/>
      </object_component>
      <object_component id="oc-cf">
         <name>.debug_info</name>
         <load_address>0x19b83</load_address>
         <run_address>0x19b83</run_address>
         <size>0x23b</size>
         <input_file_ref idref="fl-44"/>
      </object_component>
      <object_component id="oc-d2">
         <name>.debug_info</name>
         <load_address>0x19dbe</load_address>
         <run_address>0x19dbe</run_address>
         <size>0xa42</size>
         <input_file_ref idref="fl-45"/>
      </object_component>
      <object_component id="oc-d6">
         <name>.debug_info</name>
         <load_address>0x1a800</load_address>
         <run_address>0x1a800</run_address>
         <size>0x277</size>
         <input_file_ref idref="fl-46"/>
      </object_component>
      <object_component id="oc-d9">
         <name>.debug_info</name>
         <load_address>0x1aa77</load_address>
         <run_address>0x1aa77</run_address>
         <size>0x37f</size>
         <input_file_ref idref="fl-47"/>
      </object_component>
      <object_component id="oc-dc">
         <name>.debug_info</name>
         <load_address>0x1adf6</load_address>
         <run_address>0x1adf6</run_address>
         <size>0x386</size>
         <input_file_ref idref="fl-48"/>
      </object_component>
      <object_component id="oc-df">
         <name>.debug_info</name>
         <load_address>0x1b17c</load_address>
         <run_address>0x1b17c</run_address>
         <size>0x2c4</size>
         <input_file_ref idref="fl-49"/>
      </object_component>
      <object_component id="oc-e2">
         <name>.debug_info</name>
         <load_address>0x1b440</load_address>
         <run_address>0x1b440</run_address>
         <size>0x2f3</size>
         <input_file_ref idref="fl-4a"/>
      </object_component>
      <object_component id="oc-e6">
         <name>.debug_info</name>
         <load_address>0x1b733</load_address>
         <run_address>0x1b733</run_address>
         <size>0xc1</size>
         <input_file_ref idref="fl-4b"/>
      </object_component>
      <object_component id="oc-e9">
         <name>.debug_info</name>
         <load_address>0x1b7f4</load_address>
         <run_address>0x1b7f4</run_address>
         <size>0x3d3</size>
         <input_file_ref idref="fl-4c"/>
      </object_component>
      <object_component id="oc-ec">
         <name>.debug_info</name>
         <load_address>0x1bbc7</load_address>
         <run_address>0x1bbc7</run_address>
         <size>0x2e0</size>
         <input_file_ref idref="fl-4d"/>
      </object_component>
      <object_component id="oc-f0">
         <name>.debug_info</name>
         <load_address>0x1bea7</load_address>
         <run_address>0x1bea7</run_address>
         <size>0x445</size>
         <input_file_ref idref="fl-4e"/>
      </object_component>
      <object_component id="oc-f5">
         <name>.debug_info</name>
         <load_address>0x1c2ec</load_address>
         <run_address>0x1c2ec</run_address>
         <size>0x578</size>
         <input_file_ref idref="fl-4f"/>
      </object_component>
      <object_component id="oc-fa">
         <name>.debug_info</name>
         <load_address>0x1c864</load_address>
         <run_address>0x1c864</run_address>
         <size>0x3cd</size>
         <input_file_ref idref="fl-50"/>
      </object_component>
      <object_component id="oc-fd">
         <name>.debug_info</name>
         <load_address>0x1cc31</load_address>
         <run_address>0x1cc31</run_address>
         <size>0x25c</size>
         <input_file_ref idref="fl-51"/>
      </object_component>
      <object_component id="oc-1cc">
         <name>.debug_info</name>
         <load_address>0x1ce8d</load_address>
         <run_address>0x1ce8d</run_address>
         <size>0x6a</size>
      </object_component>
      <object_component id="oc-2f">
         <name>.debug_frame</name>
         <load_address>0x0</load_address>
         <run_address>0x0</run_address>
         <size>0xc5</size>
         <input_file_ref idref="fl-2"/>
      </object_component>
      <object_component id="oc-38">
         <name>.debug_frame</name>
         <load_address>0xc5</load_address>
         <run_address>0xc5</run_address>
         <size>0xe2</size>
         <input_file_ref idref="fl-3"/>
      </object_component>
      <object_component id="oc-3d">
         <name>.debug_frame</name>
         <load_address>0x1a7</load_address>
         <run_address>0x1a7</run_address>
         <size>0x1b8</size>
         <input_file_ref idref="fl-4"/>
      </object_component>
      <object_component id="oc-41">
         <name>.debug_frame</name>
         <load_address>0x35f</load_address>
         <run_address>0x35f</run_address>
         <size>0x12d</size>
         <input_file_ref idref="fl-5"/>
      </object_component>
      <object_component id="oc-45">
         <name>.debug_frame</name>
         <load_address>0x48c</load_address>
         <run_address>0x48c</run_address>
         <size>0xc5</size>
         <input_file_ref idref="fl-6"/>
      </object_component>
      <object_component id="oc-49">
         <name>.debug_frame</name>
         <load_address>0x551</load_address>
         <run_address>0x551</run_address>
         <size>0x141</size>
         <input_file_ref idref="fl-7"/>
      </object_component>
      <object_component id="oc-4e">
         <name>.debug_frame</name>
         <load_address>0x692</load_address>
         <run_address>0x692</run_address>
         <size>0x90</size>
         <input_file_ref idref="fl-8"/>
      </object_component>
      <object_component id="oc-52">
         <name>.debug_frame</name>
         <load_address>0x722</load_address>
         <run_address>0x722</run_address>
         <size>0x76</size>
         <input_file_ref idref="fl-9"/>
      </object_component>
      <object_component id="oc-58">
         <name>.debug_frame</name>
         <load_address>0x798</load_address>
         <run_address>0x798</run_address>
         <size>0x301</size>
         <input_file_ref idref="fl-a"/>
      </object_component>
      <object_component id="oc-5c">
         <name>.debug_frame</name>
         <load_address>0xa99</load_address>
         <run_address>0xa99</run_address>
         <size>0x32</size>
         <input_file_ref idref="fl-b"/>
      </object_component>
      <object_component id="oc-62">
         <name>.debug_frame</name>
         <load_address>0xacb</load_address>
         <run_address>0xacb</run_address>
         <size>0x16a</size>
         <input_file_ref idref="fl-c"/>
      </object_component>
      <object_component id="oc-30">
         <name>.debug_line</name>
         <load_address>0x0</load_address>
         <run_address>0x0</run_address>
         <size>0xfa</size>
         <input_file_ref idref="fl-2"/>
      </object_component>
      <object_component id="oc-39">
         <name>.debug_line</name>
         <load_address>0xfa</load_address>
         <run_address>0xfa</run_address>
         <size>0x1e7</size>
         <input_file_ref idref="fl-3"/>
      </object_component>
      <object_component id="oc-3e">
         <name>.debug_line</name>
         <load_address>0x2e1</load_address>
         <run_address>0x2e1</run_address>
         <size>0x388</size>
         <input_file_ref idref="fl-4"/>
      </object_component>
      <object_component id="oc-42">
         <name>.debug_line</name>
         <load_address>0x669</load_address>
         <run_address>0x669</run_address>
         <size>0x163</size>
         <input_file_ref idref="fl-5"/>
      </object_component>
      <object_component id="oc-46">
         <name>.debug_line</name>
         <load_address>0x7cc</load_address>
         <run_address>0x7cc</run_address>
         <size>0xf4</size>
         <input_file_ref idref="fl-6"/>
      </object_component>
      <object_component id="oc-4a">
         <name>.debug_line</name>
         <load_address>0x8c0</load_address>
         <run_address>0x8c0</run_address>
         <size>0xe01</size>
         <input_file_ref idref="fl-7"/>
      </object_component>
      <object_component id="oc-4f">
         <name>.debug_line</name>
         <load_address>0x16c1</load_address>
         <run_address>0x16c1</run_address>
         <size>0x92</size>
         <input_file_ref idref="fl-8"/>
      </object_component>
      <object_component id="oc-53">
         <name>.debug_line</name>
         <load_address>0x1753</load_address>
         <run_address>0x1753</run_address>
         <size>0x9d</size>
         <input_file_ref idref="fl-9"/>
      </object_component>
      <object_component id="oc-59">
         <name>.debug_line</name>
         <load_address>0x17f0</load_address>
         <run_address>0x17f0</run_address>
         <size>0x5f3</size>
         <input_file_ref idref="fl-a"/>
      </object_component>
      <object_component id="oc-5d">
         <name>.debug_line</name>
         <load_address>0x1de3</load_address>
         <run_address>0x1de3</run_address>
         <size>0x53</size>
         <input_file_ref idref="fl-b"/>
      </object_component>
      <object_component id="oc-63">
         <name>.debug_line</name>
         <load_address>0x1e36</load_address>
         <run_address>0x1e36</run_address>
         <size>0x1f8</size>
         <input_file_ref idref="fl-c"/>
      </object_component>
      <object_component id="oc-67">
         <name>.debug_line</name>
         <load_address>0x202e</load_address>
         <run_address>0x202e</run_address>
[...]
      </symbol>
      <symbol id="sm-55a">
         <name>cdce62005_set_LockWindow</name>
         <value>0x81a2</value>
         <object_component_ref idref="oc-146"/>
      </symbol>
      <symbol id="sm-55b">
         <name>cdce62005_vco_calibration</name>
         <value>0x7d0e</value>
         <object_component_ref idref="oc-154"/>
      </symbol>
      <symbol id="sm-55c">
         <name>cdce62005_basic_pll_setup</name>
         <value>0x5aa6</value>
         <object_component_ref idref="oc-120"/>
      </symbol>
      <symbol id="sm-55d">
         <name>_write_byte</name>
         <value>0x77a8</value>
         <object_component_ref idref="oc-169"/>
      </symbol>
      <symbol id="sm-55e">
         <name>cdce62005_pre_divider_sec_ref</name>
         <value>0x82b0</value>
         <object_component_ref idref="oc-14a"/>
      </symbol>
      <symbol id="sm-55f">
         <name>cdce62005_set_LF_R3</name>
         <value>0x7f44</value>
         <object_component_ref idref="oc-167"/>
      </symbol>
      <symbol id="sm-560">
         <name>cdce62005_set_LF_R2</name>
         <value>0x8028</value>
         <object_component_ref idref="oc-166"/>
      </symbol>
      <symbol id="sm-561">
         <name>cdce62005_set_prescaler</name>
         <value>0x7a8c</value>
         <object_component_ref idref="oc-151"/>
      </symbol>
      <symbol id="sm-562">
         <name>cdce62005_enable_output</name>
         <value>0x68ba</value>
         <object_component_ref idref="oc-122"/>
      </symbol>
      <symbol id="sm-563">
         <name>cdce62005_set_VCO_sel</name>
         <value>0x834c</value>
         <object_component_ref idref="oc-14d"/>
      </symbol>
      <symbol id="sm-564">
         <name>cdce62005_set_SmartMux</name>
         <value>0x81ea</value>
         <object_component_ref idref="oc-14c"/>
      </symbol>
      <symbol id="sm-565">
         <name>cdce62005_set_feedback_bypass_divider</name>
         <value>0x822e</value>
         <object_component_ref idref="oc-150"/>
      </symbol>
      <symbol id="sm-566">
         <name>cdce62005_set_cp_current</name>
         <value>0x820c</value>
         <object_component_ref idref="oc-147"/>
      </symbol>
      <symbol id="sm-567">
         <name>cdce62005_aux_out_disable</name>
         <value>0x844e</value>
         <object_component_ref idref="oc-145"/>
      </symbol>
      <symbol id="sm-568">
         <name>cdce62005_pre_divider_pri_ref</name>
         <value>0x832e</value>
         <object_component_ref idref="oc-149"/>
      </symbol>
      <symbol id="sm-5a7">
         <name>ads62p49_set_channel_control</name>
         <value>0x84cc</value>
         <object_component_ref idref="oc-128"/>
      </symbol>
      <symbol id="sm-5a8">
         <name>ads62p49_set_offset_corr_time</name>
         <value>0x8270</value>
         <object_component_ref idref="oc-12c"/>
      </symbol>
      <symbol id="sm-5a9">
         <name>ads62p49_init</name>
         <value>0x7dba</value>
         <object_component_ref idref="oc-124"/>
      </symbol>
      <symbol id="sm-5aa">
         <name>ads62p49_spi_write</name>
         <value>0x7dee</value>
         <object_component_ref idref="oc-155"/>
      </symbol>
      <symbol id="sm-5ab">
         <name>ads62p49_set_gain</name>
         <value>0x8250</value>
         <object_component_ref idref="oc-12b"/>
      </symbol>
      <symbol id="sm-5ac">
         <name>ads62p49_set_test_mode</name>
         <value>0x817c</value>
         <object_component_ref idref="oc-129"/>
      </symbol>
      <symbol id="sm-5ad">
         <name>ads62p49_set_lvds_cmos</name>
         <value>0x8536</value>
         <object_component_ref idref="oc-126"/>
      </symbol>
      <symbol id="sm-5ae">
         <name>ads62p49_set_offset_pedestal</name>
         <value>0x8290</value>
         <object_component_ref idref="oc-12d"/>
      </symbol>
      <symbol id="sm-5af">
         <name>ads62p49_set_offset_correction</name>
         <value>0x8310</value>
         <object_component_ref idref="oc-12a"/>
      </symbol>
      <symbol id="sm-5b0">
         <name>temp_gain</name>
         <value>0x17fe</value>
         <object_component_ref idref="oc-5f"/>
      </symbol>
      <symbol id="sm-5b1">
         <name>ads62p49_spi_chip_enable</name>
         <value>0x83d6</value>
         <object_component_ref idref="oc-16a"/>
      </symbol>
      <symbol id="sm-5b2">
         <name>ads62p49_set_power_down_mode</name>
         <value>0x8546</value>
         <object_component_ref idref="oc-127"/>
      </symbol>
      <symbol id="sm-5b3">
         <name>ads62p49_set_low_speed_mode</name>
         <value>0x8526</value>
         <object_component_ref idref="oc-125"/>
      </symbol>
      <symbol id="sm-5c0">
         <name>_abort_msg</name>
         <value>0x812c</value>
         <object_component_ref idref="oc-148"/>
      </symbol>
      <symbol id="sm-5d1">
         <name>_c_int00</name>
         <value>0x366a</value>
         <object_component_ref idref="oc-2d"/>
      </symbol>
      <symbol id="sm-5d2">
         <name>_dtors_ptr</name>
         <value>0x17e8</value>
         <object_component_ref idref="oc-69"/>
      </symbol>
      <symbol id="sm-5d3">
         <name>_cleanup_ptr</name>
         <value>0x17e4</value>
         <object_component_ref idref="oc-69"/>
      </symbol>
      <symbol id="sm-5d4">
         <name>_stack</name>
         <value>0x30b0</value>
         <object_component_ref idref="oc-6b"/>
      </symbol>
      <symbol id="sm-5d5">
         <name>_c_int00_noargs</name>
         <value>0x366a</value>
         <object_component_ref idref="oc-2d"/>
      </symbol>
      <symbol id="sm-5d6">
         <name>_reset_vector</name>
         <value>0xfffe</value>
         <object_component_ref idref="oc-6c"/>
      </symbol>
      <symbol id="sm-5fa">
         <name>_tmpnams</name>
         <value>0x1682</value>
         <object_component_ref idref="oc-7b"/>
      </symbol>
      <symbol id="sm-5fb">
         <name>_ftable</name>
         <value>0x160a</value>
         <object_component_ref idref="oc-7b"/>
      </symbol>
      <symbol id="sm-5fc">
         <name>_ft_end</name>
         <value>0x1722</value>
         <object_component_ref idref="oc-7b"/>
      </symbol>
      <symbol id="sm-606">
         <name>__remu</name>
         <value>0x8464</value>
         <object_component_ref idref="oc-7f"/>
      </symbol>
      <symbol id="sm-607">
         <name>__divu</name>
         <value>0x8464</value>
         <object_component_ref idref="oc-7f"/>
      </symbol>
      <symbol id="sm-615">
         <name>__divul</name>
         <value>0x756c</value>
         <object_component_ref idref="oc-83"/>
      </symbol>
      <symbol id="sm-616">
         <name>__remul</name>
         <value>0x756c</value>
         <object_component_ref idref="oc-83"/>
      </symbol>
      <symbol id="sm-625">
         <name>C$$EXIT</name>
         <value>0x8638</value>
         <object_component_ref idref="oc-139"/>
      </symbol>
      <symbol id="sm-626">
         <name>abort</name>
         <value>0x8638</value>
         <object_component_ref idref="oc-139"/>
      </symbol>
      <symbol id="sm-627">
         <name>exit</name>
         <value>0x7f72</value>
         <object_component_ref idref="oc-104"/>
      </symbol>
      <symbol id="sm-628">
         <name>__TI_exit</name>
         <value>0x1</value>
      </symbol>
      <symbol id="sm-63d">
         <name>fflush</name>
         <value>0x79b8</value>
         <object_component_ref idref="oc-162"/>
      </symbol>
      <symbol id="sm-63e">
         <name>_doflush</name>
         <value>0x733e</value>
         <object_component_ref idref="oc-175"/>
      </symbol>
      <symbol id="sm-650">
         <name>fprintf</name>
         <value>0x7a00</value>
         <object_component_ref idref="oc-161"/>
      </symbol>
      <symbol id="sm-661">
         <name>putc</name>
         <value>0x6f2a</value>
         <object_component_ref idref="oc-178"/>
      </symbol>
      <symbol id="sm-662">
         <name>fputc</name>
         <value>0x6f2a</value>
         <object_component_ref idref="oc-178"/>
      </symbol>
      <symbol id="sm-67b">
         <name>fputs</name>
         <value>0x69bc</value>
         <object_component_ref idref="oc-177"/>
      </symbol>
      <symbol id="sm-695">
         <name>__fs_add</name>
         <value>0x6682</value>
         <object_component_ref idref="oc-97"/>
      </symbol>
      <symbol id="sm-696">
         <name>__fs_sub</name>
         <value>0x667c</value>
         <object_component_ref idref="oc-97"/>
      </symbol>
      <symbol id="sm-6a6">
         <name>__fs_cmp</name>
         <value>0x7926</value>
         <object_component_ref idref="oc-9b"/>
      </symbol>
      <symbol id="sm-6db">
         <name>lseek</name>
         <value>0x770a</value>
         <object_component_ref idref="oc-186"/>
      </symbol>
      <symbol id="sm-6dc">
         <name>write</name>
         <value>0x7ad0</value>
         <object_component_ref idref="oc-17b"/>
      </symbol>
      <symbol id="sm-6dd">
         <name>close</name>
         <value>0x78dc</value>
         <object_component_ref idref="oc-18d"/>
      </symbol>
      <symbol id="sm-6de">
         <name>unlink</name>
         <value>0x8102</value>
         <object_component_ref idref="oc-18f"/>
      </symbol>
      <symbol id="sm-6e7">
         <name>I_LSL</name>
         <value>0x8620</value>
         <object_component_ref idref="oc-a4"/>
      </symbol>
      <symbol id="sm-6ef">
         <name>L_LSL_3</name>
         <value>0x7c86</value>
         <object_component_ref idref="oc-13d"/>
      </symbol>
      <symbol id="sm-6f0">
         <name>L_LSL_2</name>
         <value>0x7c8a</value>
         <object_component_ref idref="oc-13d"/>
      </symbol>
      <symbol id="sm-6f1">
         <name>L_LSL_1</name>
         <value>0x7c8e</value>
         <object_component_ref idref="oc-13d"/>
      </symbol>
      <symbol id="sm-6f2">
         <name>L_LSL_7</name>
         <value>0x7c76</value>
         <object_component_ref idref="oc-13d"/>
      </symbol>
      <symbol id="sm-6f3">
         <name>L_LSL_6</name>
         <value>0x7c7a</value>
         <object_component_ref idref="oc-13d"/>
      </symbol>
      <symbol id="sm-6f4">
         <name>L_LSL_5</name>
         <value>0x7c7e</value>
         <object_component_ref idref="oc-13d"/>
      </symbol>
      <symbol id="sm-6f5">
         <name>L_LSL_4</name>
         <value>0x7c82</value>
         <object_component_ref idref="oc-13d"/>
      </symbol>
      <symbol id="sm-6f6">
         <name>L_LSL_9</name>
         <value>0x7c6e</value>
         <object_component_ref idref="oc-13d"/>
      </symbol>
      <symbol id="sm-6f7">
         <name>L_LSL_8</name>
         <value>0x7c72</value>
         <object_component_ref idref="oc-13d"/>
      </symbol>
      <symbol id="sm-6f8">
         <name>L_LSL_12</name>
         <value>0x7c62</value>
         <object_component_ref idref="oc-13d"/>
      </symbol>
      <symbol id="sm-6f9">
         <name>L_LSL_13</name>
         <value>0x7c5e</value>
         <object_component_ref idref="oc-13d"/>
      </symbol>
      <symbol id="sm-6fa">
         <name>L_LSL_10</name>
         <value>0x7c6a</value>
         <object_component_ref idref="oc-13d"/>
      </symbol>
      <symbol id="sm-6fb">
         <name>L_LSL_11</name>
         <value>0x7c66</value>
         <object_component_ref idref="oc-13d"/>
      </symbol>
      <symbol id="sm-6fc">
         <name>L_LSL_14</name>
         <value>0x7c5a</value>
         <object_component_ref idref="oc-13d"/>
      </symbol>
      <symbol id="sm-6fd">
         <name>L_LSL_15</name>
         <value>0x7c56</value>
         <object_component_ref idref="oc-13d"/>
      </symbol>
      <symbol id="sm-705">
         <name>L_LSR_12</name>
         <value>0x7ca0</value>
         <object_component_ref idref="oc-133"/>
      </symbol>
      <symbol id="sm-706">
         <name>L_LSR_13</name>
         <value>0x7c9c</value>
         <object_component_ref idref="oc-133"/>
      </symbol>
      <symbol id="sm-707">
         <name>L_LSR_10</name>
         <value>0x7ca8</value>
         <object_component_ref idref="oc-133"/>
      </symbol>
      <symbol id="sm-708">
         <name>L_LSR_11</name>
         <value>0x7ca4</value>
         <object_component_ref idref="oc-133"/>
      </symbol>
      <symbol id="sm-709">
         <name>L_LSR_14</name>
         <value>0x7c98</value>
         <object_component_ref idref="oc-133"/>
      </symbol>
      <symbol id="sm-70a">
         <name>L_LSR_15</name>
         <value>0x7c94</value>
         <object_component_ref idref="oc-133"/>
      </symbol>
      <symbol id="sm-70b">
         <name>L_LSR_3</name>
         <value>0x7cc4</value>
         <object_component_ref idref="oc-133"/>
      </symbol>
      <symbol id="sm-70c">
         <name>L_LSR_2</name>
         <value>0x7cc8</value>
         <object_component_ref idref="oc-133"/>
      </symbol>
      <symbol id="sm-70d">
         <name>L_LSR_1</name>
         <value>0x7ccc</value>
         <object_component_ref idref="oc-133"/>
      </symbol>
      <symbol id="sm-70e">
         <name>L_LSR_7</name>
         <value>0x7cb4</value>
         <object_component_ref idref="oc-133"/>
      </symbol>
      <symbol id="sm-70f">
         <name>L_LSR_6</name>
         <value>0x7cb8</value>
         <object_component_ref idref="oc-133"/>
      </symbol>
      <symbol id="sm-710">
         <name>L_LSR_5</name>
         <value>0x7cbc</value>
         <object_component_ref idref="oc-133"/>
      </symbol>
      <symbol id="sm-711">
         <name>L_LSR_4</name>
         <value>0x7cc0</value>
         <object_component_ref idref="oc-133"/>
      </symbol>
      <symbol id="sm-712">
         <name>L_LSR_9</name>
         <value>0x7cac</value>
         <object_component_ref idref="oc-133"/>
      </symbol>
      <symbol id="sm-713">
         <name>L_LSR_8</name>
         <value>0x7cb0</value>
         <object_component_ref idref="oc-133"/>
      </symbol>
      <symbol id="sm-720">
         <name>memchr</name>
         <value>0x84a4</value>
         <object_component_ref idref="oc-17e"/>
      </symbol>
      <symbol id="sm-72c">
         <name>memcpy</name>
         <value>0x84f0</value>
         <object_component_ref idref="oc-115"/>
      </symbol>
      <symbol id="sm-736">
         <name>_system_pre_init</name>
         <value>0x8634</value>
         <object_component_ref idref="oc-101"/>
      </symbol>
      <symbol id="sm-743">
         <name>strchr</name>
         <value>0x841e</value>
         <object_component_ref idref="oc-191"/>
      </symbol>
      <symbol id="sm-74f">
         <name>strcmp</name>
         <value>0x8436</value>
         <object_component_ref idref="oc-194"/>
      </symbol>
      <symbol id="sm-75a">
         <name>strlen</name>
         <value>0x85ba</value>
         <object_component_ref idref="oc-13a"/>
      </symbol>
      <symbol id="sm-768">
         <name>strncpy</name>
         <value>0x80ac</value>
         <object_component_ref idref="oc-192"/>
      </symbol>
      <symbol id="sm-784">
         <name>HOSTrename</name>
         <value>0x71a4</value>
         <object_component_ref idref="oc-114"/>
      </symbol>
      <symbol id="sm-785">
         <name>HOSTclose</name>
         <value>0x7a48</value>
         <object_component_ref idref="oc-10f"/>
      </symbol>
      <symbol id="sm-786">
         <name>HOSTunlink</name>
         <value>0x7b14</value>
         <object_component_ref idref="oc-113"/>
      </symbol>
      <symbol id="sm-787">
         <name>HOSTlseek</name>
         <value>0x6fb6</value>
         <object_component_ref idref="oc-112"/>
      </symbol>
      <symbol id="sm-788">
         <name>HOSTopen</name>
         <value>0x72dc</value>
         <object_component_ref idref="oc-10e"/>
      </symbol>
      <symbol id="sm-789">
         <name>HOSTwrite</name>
         <value>0x7400</value>
         <object_component_ref idref="oc-111"/>
      </symbol>
      <symbol id="sm-78a">
         <name>HOSTread</name>
         <value>0x745e</value>
         <object_component_ref idref="oc-110"/>
      </symbol>
      <symbol id="sm-79e">
         <name>writemsg</name>
         <value>0x7fce</value>
         <object_component_ref idref="oc-13b"/>
      </symbol>
      <symbol id="sm-79f">
         <name>C$$IO$$</name>
         <value>0x7ff8</value>
         <object_component_ref idref="oc-13b"/>
      </symbol>
      <symbol id="sm-7a0">
         <name>_CIOBUF_</name>
         <value>0x1802</value>
         <object_component_ref idref="oc-c8"/>
      </symbol>
      <symbol id="sm-7a1">
         <name>readmsg</name>
         <value>0x8080</value>
         <object_component_ref idref="oc-13c"/>
      </symbol>
      <symbol id="sm-7b2">
         <name>_wrt_ok</name>
         <value>0x70bc</value>
         <object_component_ref idref="oc-17d"/>
      </symbol>
      <symbol id="sm-7be">
         <name>_nop</name>
         <value>0x8640</value>
         <object_component_ref idref="oc-100"/>
      </symbol>
      <symbol id="sm-7bf">
         <name>_lock</name>
         <value>0x17dc</value>
         <object_component_ref idref="oc-ce"/>
      </symbol>
      <symbol id="sm-7c0">
         <name>_unlock</name>
         <value>0x17e0</value>
         <object_component_ref idref="oc-ce"/>
      </symbol>
      <symbol id="sm-7fe">
         <name>_printfi_minimal</name>
         <value>0x6b5e</value>
         <object_component_ref idref="oc-174"/>
      </symbol>
      <symbol id="sm-806">
         <name>__TI_args_main</name>
         <value>0x1</value>
      </symbol>
      <symbol id="sm-816">
         <name>_auto_init</name>
         <value>0x7970</value>
         <object_component_ref idref="oc-102"/>
      </symbol>
      <symbol id="sm-817">
         <name>__TI_auto_init</name>
         <value>0x1</value>
      </symbol>
      <symbol id="sm-825">
         <name>fseek</name>
         <value>0x720e</value>
         <object_component_ref idref="oc-182"/>
      </symbol>
      <symbol id="sm-832">
         <name>memccpy</name>
         <value>0x8386</value>
         <object_component_ref idref="oc-181"/>
      </symbol>
      <symbol id="sm-83e">
         <name>memset</name>
         <value>0x84b8</value>
         <object_component_ref idref="oc-17f"/>
      </symbol>
      <symbol id="sm-846">
         <name>__mpyi_hw</name>
         <value>0x847a</value>
         <object_component_ref idref="oc-e5"/>
      </symbol>
      <symbol id="sm-85c">
         <name>setvbuf</name>
         <value>0x6a9a</value>
         <object_component_ref idref="oc-183"/>
      </symbol>
      <symbol id="sm-867">
         <name>strcpy</name>
         <value>0x8556</value>
         <object_component_ref idref="oc-13e"/>
      </symbol>
      <symbol id="sm-879">
         <name>_cleanup</name>
         <value>0x7e22</value>
         <object_component_ref idref="oc-189"/>
      </symbol>
      <symbol id="sm-8aa">
         <name>_sys_memory</name>
         <value>0x1924</value>
         <object_component_ref idref="oc-f7"/>
      </symbol>
      <symbol id="sm-8ab">
         <name>free</name>
         <value>0x703c</value>
         <object_component_ref idref="oc-187"/>
      </symbol>
      <symbol id="sm-8ac">
         <name>malloc</name>
         <value>0x6c1e</value>
         <object_component_ref idref="oc-188"/>
      </symbol>
      <symbol id="sm-8ad">
         <name>minit</name>
         <value>0x7d82</value>
         <object_component_ref idref="oc-18b"/>
      </symbol>
      <symbol id="sm-8bc">
         <name>_closefile</name>
         <value>0x73a0</value>
         <object_component_ref idref="oc-18c"/>
      </symbol>
      <symbol id="sm-8c6">
         <name>remove</name>
         <value>0x863c</value>
         <object_component_ref idref="oc-18e"/>
      </symbol>
   </symbol_table>
</link_info>
